###############################################################################
#                                                                             #
# IAR ELF Linker V6.10.1.52143/W32 for ARM              23/Jun/2023  19:42:52 #
# Copyright 2007-2010 IAR Systems AB.                                         #
#                                                                             #
#    Output file  =  C:\Users\yc\Desktop\Ë«can°å¿¨³ö³§³ÌÐò\exp_car_ctrl_slave #
#                    r_v1.4.0.1\Project\EWARMv5_iap\STM3210C-EVAL\Exe\STM3210 #
#                    C-EVAL.out                                               #
#    Map file     =  C:\Users\yc\Desktop\Ë«can°å¿¨³ö³§³ÌÐò\exp_car_ctrl_slave #
#                    r_v1.4.0.1\Project\EWARMv5_iap\STM3210C-EVAL\List\STM321 #
#                    0C-EVAL.map                                              #
#    Command line =  C:\Users\yc\Desktop\Ë«can°å¿¨³ö³§³ÌÐò\exp_car_ctrl_slave #
#                    r_v1.4.0.1\Project\EWARMv5_iap\STM3210C-EVAL\Obj\TCPclie #
#                    nt.o C:\Users\yc\Desktop\Ë«can°å¿¨³ö³§³ÌÐò\exp_car_ctrl_ #
#                    slaver_v1.4.0.1\Project\EWARMv5_iap\STM3210C-EVAL\Obj\ap #
#                    i_lib.o C:\Users\yc\Desktop\Ë«can°å¿¨³ö³§³ÌÐò\exp_car_ct #
#                    rl_slaver_v1.4.0.1\Project\EWARMv5_iap\STM3210C-EVAL\Obj #
#                    \api_msg.o C:\Users\yc\Desktop\Ë«can°å¿¨³ö³§³ÌÐò\exp_car #
#                    _ctrl_slaver_v1.4.0.1\Project\EWARMv5_iap\STM3210C-EVAL\ #
#                    Obj\autoip.o C:\Users\yc\Desktop\Ë«can°å¿¨³ö³§³ÌÐò\exp_c #
#                    ar_ctrl_slaver_v1.4.0.1\Project\EWARMv5_iap\STM3210C-EVA #
#                    L\Obj\can1_bus.o C:\Users\yc\Desktop\Ë«can°å¿¨³ö³§³ÌÐò\e #
#                    xp_car_ctrl_slaver_v1.4.0.1\Project\EWARMv5_iap\STM3210C #
#                    -EVAL\Obj\can2_bus.o C:\Users\yc\Desktop\Ë«can°å¿¨³ö³§³Ì #
#                    Ðò\exp_car_ctrl_slaver_v1.4.0.1\Project\EWARMv5_iap\STM3 #
#                    210C-EVAL\Obj\core_cm3.o C:\Users\yc\Desktop\Ë«can°å¿¨³ö #
#                    ³§³ÌÐò\exp_car_ctrl_slaver_v1.4.0.1\Project\EWARMv5_iap\ #
#                    STM3210C-EVAL\Obj\data.o C:\Users\yc\Desktop\Ë«can°å¿¨³ö #
#                    ³§³ÌÐò\exp_car_ctrl_slaver_v1.4.0.1\Project\EWARMv5_iap\ #
#                    STM3210C-EVAL\Obj\dhcp.o C:\Users\yc\Desktop\Ë«can°å¿¨³ö #
#                    ³§³ÌÐò\exp_car_ctrl_slaver_v1.4.0.1\Project\EWARMv5_iap\ #
#                    STM3210C-EVAL\Obj\err.o C:\Users\yc\Desktop\Ë«can°å¿¨³ö³ #
#                    §³ÌÐò\exp_car_ctrl_slaver_v1.4.0.1\Project\EWARMv5_iap\S #
#                    TM3210C-EVAL\Obj\etharp.o C:\Users\yc\Desktop\Ë«can°å¿¨³ #
#                    ö³§³ÌÐò\exp_car_ctrl_slaver_v1.4.0.1\Project\EWARMv5_iap #
#                    \STM3210C-EVAL\Obj\ethernetif.o                          #
#                    C:\Users\yc\Desktop\Ë«can°å¿¨³ö³§³ÌÐò\exp_car_ctrl_slave #
#                    r_v1.4.0.1\Project\EWARMv5_iap\STM3210C-EVAL\Obj\fun.o   #
#                    C:\Users\yc\Desktop\Ë«can°å¿¨³ö³§³ÌÐò\exp_car_ctrl_slave #
#                    r_v1.4.0.1\Project\EWARMv5_iap\STM3210C-EVAL\Obj\icmp.o  #
#                    C:\Users\yc\Desktop\Ë«can°å¿¨³ö³§³ÌÐò\exp_car_ctrl_slave #
#                    r_v1.4.0.1\Project\EWARMv5_iap\STM3210C-EVAL\Obj\igmp.o  #
#                    C:\Users\yc\Desktop\Ë«can°å¿¨³ö³§³ÌÐò\exp_car_ctrl_slave #
#                    r_v1.4.0.1\Project\EWARMv5_iap\STM3210C-EVAL\Obj\inet.o  #
#                    C:\Users\yc\Desktop\Ë«can°å¿¨³ö³§³ÌÐò\exp_car_ctrl_slave #
#                    r_v1.4.0.1\Project\EWARMv5_iap\STM3210C-EVAL\Obj\inet_ch #
#                    ksum.o C:\Users\yc\Desktop\Ë«can°å¿¨³ö³§³ÌÐò\exp_car_ctr #
#                    l_slaver_v1.4.0.1\Project\EWARMv5_iap\STM3210C-EVAL\Obj\ #
#                    init.o C:\Users\yc\Desktop\Ë«can°å¿¨³ö³§³ÌÐò\exp_car_ctr #
#                    l_slaver_v1.4.0.1\Project\EWARMv5_iap\STM3210C-EVAL\Obj\ #
#                    ip.o C:\Users\yc\Desktop\Ë«can°å¿¨³ö³§³ÌÐò\exp_car_ctrl_ #
#                    slaver_v1.4.0.1\Project\EWARMv5_iap\STM3210C-EVAL\Obj\ip #
#                    _addr.o C:\Users\yc\Desktop\Ë«can°å¿¨³ö³§³ÌÐò\exp_car_ct #
#                    rl_slaver_v1.4.0.1\Project\EWARMv5_iap\STM3210C-EVAL\Obj #
#                    \ip_frag.o C:\Users\yc\Desktop\Ë«can°å¿¨³ö³§³ÌÐò\exp_car #
#                    _ctrl_slaver_v1.4.0.1\Project\EWARMv5_iap\STM3210C-EVAL\ #
#                    Obj\list.o C:\Users\yc\Desktop\Ë«can°å¿¨³ö³§³ÌÐò\exp_car #
#                    _ctrl_slaver_v1.4.0.1\Project\EWARMv5_iap\STM3210C-EVAL\ #
#                    Obj\main.o C:\Users\yc\Desktop\Ë«can°å¿¨³ö³§³ÌÐò\exp_car #
#                    _ctrl_slaver_v1.4.0.1\Project\EWARMv5_iap\STM3210C-EVAL\ #
#                    Obj\mem.o C:\Users\yc\Desktop\Ë«can°å¿¨³ö³§³ÌÐò\exp_car_ #
#                    ctrl_slaver_v1.4.0.1\Project\EWARMv5_iap\STM3210C-EVAL\O #
#                    bj\memp.o C:\Users\yc\Desktop\Ë«can°å¿¨³ö³§³ÌÐò\exp_car_ #
#                    ctrl_slaver_v1.4.0.1\Project\EWARMv5_iap\STM3210C-EVAL\O #
#                    bj\misc.o C:\Users\yc\Desktop\Ë«can°å¿¨³ö³§³ÌÐò\exp_car_ #
#                    ctrl_slaver_v1.4.0.1\Project\EWARMv5_iap\STM3210C-EVAL\O #
#                    bj\netbuf.o C:\Users\yc\Desktop\Ë«can°å¿¨³ö³§³ÌÐò\exp_ca #
#                    r_ctrl_slaver_v1.4.0.1\Project\EWARMv5_iap\STM3210C-EVAL #
#                    \Obj\netconf.o C:\Users\yc\Desktop\Ë«can°å¿¨³ö³§³ÌÐò\exp #
#                    _car_ctrl_slaver_v1.4.0.1\Project\EWARMv5_iap\STM3210C-E #
#                    VAL\Obj\netdb.o C:\Users\yc\Desktop\Ë«can°å¿¨³ö³§³ÌÐò\ex #
#                    p_car_ctrl_slaver_v1.4.0.1\Project\EWARMv5_iap\STM3210C- #
#                    EVAL\Obj\netif.o C:\Users\yc\Desktop\Ë«can°å¿¨³ö³§³ÌÐò\e #
#                    xp_car_ctrl_slaver_v1.4.0.1\Project\EWARMv5_iap\STM3210C #
#                    -EVAL\Obj\netifapi.o C:\Users\yc\Desktop\Ë«can°å¿¨³ö³§³Ì #
#                    Ðò\exp_car_ctrl_slaver_v1.4.0.1\Project\EWARMv5_iap\STM3 #
#                    210C-EVAL\Obj\pbuf.o C:\Users\yc\Desktop\Ë«can°å¿¨³ö³§³Ì #
#                    Ðò\exp_car_ctrl_slaver_v1.4.0.1\Project\EWARMv5_iap\STM3 #
#                    210C-EVAL\Obj\photo.o C:\Users\yc\Desktop\Ë«can°å¿¨³ö³§³ #
#                    ÌÐò\exp_car_ctrl_slaver_v1.4.0.1\Project\EWARMv5_iap\STM #
#                    3210C-EVAL\Obj\position.o C:\Users\yc\Desktop\Ë«can°å¿¨³ #
#                    ö³§³ÌÐò\exp_car_ctrl_slaver_v1.4.0.1\Project\EWARMv5_iap #
#                    \STM3210C-EVAL\Obj\raw.o C:\Users\yc\Desktop\Ë«can°å¿¨³ö #
#                    ³§³ÌÐò\exp_car_ctrl_slaver_v1.4.0.1\Project\EWARMv5_iap\ #
#                    STM3210C-EVAL\Obj\startup_stm32f10x_cl.o                 #
#                    C:\Users\yc\Desktop\Ë«can°å¿¨³ö³§³ÌÐò\exp_car_ctrl_slave #
#                    r_v1.4.0.1\Project\EWARMv5_iap\STM3210C-EVAL\Obj\stats.o #
#                     C:\Users\yc\Desktop\Ë«can°å¿¨³ö³§³ÌÐò\exp_car_ctrl_slav #
#                    er_v1.4.0.1\Project\EWARMv5_iap\STM3210C-EVAL\Obj\stm32_ #
#                    eth.o C:\Users\yc\Desktop\Ë«can°å¿¨³ö³§³ÌÐò\exp_car_ctrl #
#                    _slaver_v1.4.0.1\Project\EWARMv5_iap\STM3210C-EVAL\Obj\s #
#                    tm32f107.o C:\Users\yc\Desktop\Ë«can°å¿¨³ö³§³ÌÐò\exp_car #
#                    _ctrl_slaver_v1.4.0.1\Project\EWARMv5_iap\STM3210C-EVAL\ #
#                    Obj\stm32f10x_adc.o C:\Users\yc\Desktop\Ë«can°å¿¨³ö³§³ÌÐ #
#                    ò\exp_car_ctrl_slaver_v1.4.0.1\Project\EWARMv5_iap\STM32 #
#                    10C-EVAL\Obj\stm32f10x_bkp.o                             #
#                    C:\Users\yc\Desktop\Ë«can°å¿¨³ö³§³ÌÐò\exp_car_ctrl_slave #
#                    r_v1.4.0.1\Project\EWARMv5_iap\STM3210C-EVAL\Obj\stm32f1 #
#                    0x_can.o C:\Users\yc\Desktop\Ë«can°å¿¨³ö³§³ÌÐò\exp_car_c #
#                    trl_slaver_v1.4.0.1\Project\EWARMv5_iap\STM3210C-EVAL\Ob #
#                    j\stm32f10x_dma.o C:\Users\yc\Desktop\Ë«can°å¿¨³ö³§³ÌÐò\ #
#                    exp_car_ctrl_slaver_v1.4.0.1\Project\EWARMv5_iap\STM3210 #
#                    C-EVAL\Obj\stm32f10x_exti.o                              #
#                    C:\Users\yc\Desktop\Ë«can°å¿¨³ö³§³ÌÐò\exp_car_ctrl_slave #
#                    r_v1.4.0.1\Project\EWARMv5_iap\STM3210C-EVAL\Obj\stm32f1 #
#                    0x_flash.o C:\Users\yc\Desktop\Ë«can°å¿¨³ö³§³ÌÐò\exp_car #
#                    _ctrl_slaver_v1.4.0.1\Project\EWARMv5_iap\STM3210C-EVAL\ #
#                    Obj\stm32f10x_gpio.o C:\Users\yc\Desktop\Ë«can°å¿¨³ö³§³Ì #
#                    Ðò\exp_car_ctrl_slaver_v1.4.0.1\Project\EWARMv5_iap\STM3 #
#                    210C-EVAL\Obj\stm32f10x_i2c.o                            #
#                    C:\Users\yc\Desktop\Ë«can°å¿¨³ö³§³ÌÐò\exp_car_ctrl_slave #
#                    r_v1.4.0.1\Project\EWARMv5_iap\STM3210C-EVAL\Obj\stm32f1 #
#                    0x_it.o C:\Users\yc\Desktop\Ë«can°å¿¨³ö³§³ÌÐò\exp_car_ct #
#                    rl_slaver_v1.4.0.1\Project\EWARMv5_iap\STM3210C-EVAL\Obj #
#                    \stm32f10x_pwr.o C:\Users\yc\Desktop\Ë«can°å¿¨³ö³§³ÌÐò\e #
#                    xp_car_ctrl_slaver_v1.4.0.1\Project\EWARMv5_iap\STM3210C #
#                    -EVAL\Obj\stm32f10x_rcc.o C:\Users\yc\Desktop\Ë«can°å¿¨³ #
#                    ö³§³ÌÐò\exp_car_ctrl_slaver_v1.4.0.1\Project\EWARMv5_iap #
#                    \STM3210C-EVAL\Obj\stm32f10x_rtc.o                       #
#                    C:\Users\yc\Desktop\Ë«can°å¿¨³ö³§³ÌÐò\exp_car_ctrl_slave #
#                    r_v1.4.0.1\Project\EWARMv5_iap\STM3210C-EVAL\Obj\stm32f1 #
#                    0x_spi.o C:\Users\yc\Desktop\Ë«can°å¿¨³ö³§³ÌÐò\exp_car_c #
#                    trl_slaver_v1.4.0.1\Project\EWARMv5_iap\STM3210C-EVAL\Ob #
#                    j\stm32f10x_tim.o C:\Users\yc\Desktop\Ë«can°å¿¨³ö³§³ÌÐò\ #
#                    exp_car_ctrl_slaver_v1.4.0.1\Project\EWARMv5_iap\STM3210 #
#                    C-EVAL\Obj\stm32f10x_usart.o                             #
#                    C:\Users\yc\Desktop\Ë«can°å¿¨³ö³§³ÌÐò\exp_car_ctrl_slave #
#                    r_v1.4.0.1\Project\EWARMv5_iap\STM3210C-EVAL\Obj\sys.o   #
#                    C:\Users\yc\Desktop\Ë«can°å¿¨³ö³§³ÌÐò\exp_car_ctrl_slave #
#                    r_v1.4.0.1\Project\EWARMv5_iap\STM3210C-EVAL\Obj\system_ #
#                    stm32f10x.o C:\Users\yc\Desktop\Ë«can°å¿¨³ö³§³ÌÐò\exp_ca #
#                    r_ctrl_slaver_v1.4.0.1\Project\EWARMv5_iap\STM3210C-EVAL #
#                    \Obj\tcp.o C:\Users\yc\Desktop\Ë«can°å¿¨³ö³§³ÌÐò\exp_car #
#                    _ctrl_slaver_v1.4.0.1\Project\EWARMv5_iap\STM3210C-EVAL\ #
#                    Obj\tcp_in.o C:\Users\yc\Desktop\Ë«can°å¿¨³ö³§³ÌÐò\exp_c #
#                    ar_ctrl_slaver_v1.4.0.1\Project\EWARMv5_iap\STM3210C-EVA #
#                    L\Obj\tcp_out.o C:\Users\yc\Desktop\Ë«can°å¿¨³ö³§³ÌÐò\ex #
#                    p_car_ctrl_slaver_v1.4.0.1\Project\EWARMv5_iap\STM3210C- #
#                    EVAL\Obj\tcpip.o C:\Users\yc\Desktop\Ë«can°å¿¨³ö³§³ÌÐò\e #
#                    xp_car_ctrl_slaver_v1.4.0.1\Project\EWARMv5_iap\STM3210C #
#                    -EVAL\Obj\uart4.o C:\Users\yc\Desktop\Ë«can°å¿¨³ö³§³ÌÐò\ #
#                    exp_car_ctrl_slaver_v1.4.0.1\Project\EWARMv5_iap\STM3210 #
#                    C-EVAL\Obj\udp.o C:\Users\yc\Desktop\Ë«can°å¿¨³ö³§³ÌÐò\e #
#                    xp_car_ctrl_slaver_v1.4.0.1\Project\EWARMv5_iap\STM3210C #
#                    -EVAL\Obj\usart1.o C:\Users\yc\Desktop\Ë«can°å¿¨³ö³§³ÌÐò #
#                    \exp_car_ctrl_slaver_v1.4.0.1\Project\EWARMv5_iap\STM321 #
#                    0C-EVAL\Obj\usart2.o -o C:\Users\yc\Desktop\Ë«can°å¿¨³ö³ #
#                    §³ÌÐò\exp_car_ctrl_slaver_v1.4.0.1\Project\EWARMv5_iap\S #
#                    TM3210C-EVAL\Exe\STM3210C-EVAL.out --map                 #
#                    C:\Users\yc\Desktop\Ë«can°å¿¨³ö³§³ÌÐò\exp_car_ctrl_slave #
#                    r_v1.4.0.1\Project\EWARMv5_iap\STM3210C-EVAL\List\STM321 #
#                    0C-EVAL.map --config C:\Users\yc\Desktop\Ë«can°å¿¨³ö³§³Ì #
#                    Ðò\exp_car_ctrl_slaver_v1.4.0.1\Project\EWARMv5_iap\STM3 #
#                    2F10x_FLASH.icf --semihosting --entry                    #
#                    __iar_program_start                                      #
#                                                                             #
#                                                                             #
###############################################################################

*******************************************************************************
*** RUNTIME MODEL ATTRIBUTES
***

CppFlavor       = *
__SystemLibrary = DLib


*******************************************************************************
*** PLACEMENT SUMMARY
***

"A1":  place at 0x08010000 { ro section .intvec };
"P1":  place in [from 0x08008000 to 0x0803ffff] { ro };
"P2":  place in [from 0x20000000 to 0x2000ffff] { rw, block CSTACK, block HEAP };

  Section            Kind        Address    Size  Object
  -------            ----        -------    ----  ------
"A1":                                      0x150
  .intvec            ro code  0x08010000   0x150  startup_stm32f10x_cl.o [1]
                            - 0x08010150   0x150

"P1":                                     0xe21c
  .text              ro code  0x08010150  0x1968  can2_bus.o [1]
  .text              ro code  0x08011ab8    0x70  ABImemcpy.o [4]
  .text              ro code  0x08011b28    0x16  tcp_out.o [1]
  .text              ro code  0x08011b3e    0x2e  copy_init3.o [4]
  .text              ro code  0x08011b6c   0x544  stm32f10x_can.o [1]
  .text              ro code  0x080120b0  0x132c  position.o [1]
  .text              ro code  0x080133dc   0x384  data.o [1]
  .text              ro code  0x08013760   0x280  can1_bus.o [1]
  .text              ro code  0x080139e0   0x17e  stm32f10x_flash.o [1]
  .text              ro code  0x08013b5e    0x22  zero_init3.o [4]
  .text              ro code  0x08013b80     0x6  ABImemclr4.o [4]
  .text              ro code  0x08013b88   0x270  stm32f10x_rcc.o [1]
  .text              ro code  0x08013df8    0x8c  list.o [1]
  .text              ro code  0x08013e84   0xaf8  usart1.o [1]
  .text              ro code  0x0801497c   0xaf4  uart4.o [1]
  .text              ro code  0x08015470    0x38  ABImemset48.o [4]
  .text              ro code  0x080154a8   0x250  stm32f10x_gpio.o [1]
  .text              ro code  0x080156f8   0x1d6  stm32f10x_usart.o [1]
  .text              ro code  0x080158d0   0x204  stm32f10x_dma.o [1]
  .text              ro code  0x08015ad4  0x141c  tcp_in.o [1]
  .text              ro code  0x08016ef0    0x3e  inet.o [1]
  .text              ro code  0x08016f2e   0x614  pbuf.o [1]
  .text              ro code  0x08017544    0x58  ip_addr.o [1]
  .text              ro code  0x0801759c   0x518  tcp.o [1]
  .text              ro code  0x08017ab4    0xf8  memp.o [1]
  .text              ro code  0x08017bac   0x998  tcp_out.o [1]
  .text              ro code  0x08018544   0x3e0  mem.o [1]
  .text              ro code  0x08018924    0x16  udp.o [1]
  .text              ro code  0x0801893c   0x38c  ip.o [1]
  .text              ro code  0x08018cc8    0x66  ABImemset.o [4]
  .text              ro code  0x08018d30   0x170  netif.o [1]
  .text              ro code  0x08018ea0   0x678  ip_frag.o [1]
  .text              ro code  0x08019518    0x88  raw.o [1]
  .text              ro code  0x080195a0   0x438  udp.o [1]
  .text              ro code  0x080199d8   0x232  icmp.o [1]
  .text              ro code  0x08019c0c   0xb34  etharp.o [1]
  .text              ro code  0x0801a740    0xd6  inet_chksum.o [1]
  .text              ro code  0x0801a818   0xf98  usart2.o [1]
  .text              ro code  0x0801b7b0   0xb5e  stm32f107.o [1]
  .text              ro code  0x0801c310    0xa4  stm32f10x_exti.o [1]
  .text              ro code  0x0801c3b4   0x19c  system_stm32f10x.o [1]
  .text              ro code  0x0801c550   0x746  stm32_eth.o [1]
  .text              ro code  0x0801cc98    0x9c  misc.o [1]
  .text              ro code  0x0801cd34   0x4b0  TCPclient.o [1]
  .text              ro code  0x0801d1e4   0x194  fun.o [1]
  .text              ro code  0x0801d378   0x444  main.o [1]
  .text              ro code  0x0801d7bc    0xb8  netconf.o [1]
  .text              ro code  0x0801d874   0x294  photo.o [1]
  .text              ro code  0x0801db08   0x300  ethernetif.o [1]
  .text              ro code  0x0801de08   0x350  stm32f10x_it.o [1]
  .text              ro code  0x0801e158    0x3a  stm32f10x_tim.o [1]
  .text              ro code  0x0801e194    0x2c  data_init3.o [4]
  .iar.init_table    const    0x0801e1c0    0x24  - Linker created -
  .text              ro code  0x0801e1e4    0x16  cmain.o [4]
  .text              ro code  0x0801e1fa     0x4  low_level_init.o [3]
  .text              ro code  0x0801e1fe     0x8  exit.o [3]
  .text              ro code  0x0801e208     0xa  cexit.o [4]
  .text              ro code  0x0801e214    0x14  exit.o [5]
  .text              ro code  0x0801e228     0xc  cstartup_M.o [4]
  .text              ro code  0x0801e234     0x4  startup_stm32f10x_cl.o [1]
  .text              ro code  0x0801e238     0x4  startup_stm32f10x_cl.o [1]
  .text              ro code  0x0801e23c     0x4  startup_stm32f10x_cl.o [1]
  .text              ro code  0x0801e240     0x4  startup_stm32f10x_cl.o [1]
  .text              ro code  0x0801e244     0x4  startup_stm32f10x_cl.o [1]
  .text              ro code  0x0801e248     0x4  startup_stm32f10x_cl.o [1]
  .text              ro code  0x0801e24c     0x4  startup_stm32f10x_cl.o [1]
  .text              ro code  0x0801e250     0x4  startup_stm32f10x_cl.o [1]
  .text              ro code  0x0801e254     0x4  startup_stm32f10x_cl.o [1]
  .text              ro code  0x0801e258     0x4  startup_stm32f10x_cl.o [1]
  .text              ro code  0x0801e25c     0x4  startup_stm32f10x_cl.o [1]
  .text              ro code  0x0801e260     0x4  startup_stm32f10x_cl.o [1]
  .text              ro code  0x0801e264     0x4  startup_stm32f10x_cl.o [1]
  .text              ro code  0x0801e268     0x4  startup_stm32f10x_cl.o [1]
  .text              ro code  0x0801e26c     0x4  startup_stm32f10x_cl.o [1]
  .text              ro code  0x0801e270     0x4  startup_stm32f10x_cl.o [1]
  .text              ro code  0x0801e274     0x4  startup_stm32f10x_cl.o [1]
  .text              ro code  0x0801e278     0x4  startup_stm32f10x_cl.o [1]
  .text              ro code  0x0801e27c     0x4  startup_stm32f10x_cl.o [1]
  .text              ro code  0x0801e280     0x4  startup_stm32f10x_cl.o [1]
  .text              ro code  0x0801e284     0x4  startup_stm32f10x_cl.o [1]
  .text              ro code  0x0801e288     0x4  startup_stm32f10x_cl.o [1]
  .text              ro code  0x0801e28c     0x4  startup_stm32f10x_cl.o [1]
  .text              ro code  0x0801e290     0x4  startup_stm32f10x_cl.o [1]
  .text              ro code  0x0801e294     0x4  startup_stm32f10x_cl.o [1]
  .text              ro code  0x0801e298     0x4  startup_stm32f10x_cl.o [1]
  .text              ro code  0x0801e29c     0x4  startup_stm32f10x_cl.o [1]
  .text              ro code  0x0801e2a0     0x4  startup_stm32f10x_cl.o [1]
  .text              ro code  0x0801e2a4     0x4  startup_stm32f10x_cl.o [1]
  .text              ro code  0x0801e2a8     0x4  startup_stm32f10x_cl.o [1]
  .text              ro code  0x0801e2ac     0x4  startup_stm32f10x_cl.o [1]
  .text              ro code  0x0801e2b0     0x4  startup_stm32f10x_cl.o [1]
  .text              ro code  0x0801e2b4     0x4  startup_stm32f10x_cl.o [1]
  .text              ro code  0x0801e2b8     0x4  startup_stm32f10x_cl.o [1]
  .text              ro code  0x0801e2bc     0x4  startup_stm32f10x_cl.o [1]
  .text              ro code  0x0801e2c0     0x4  startup_stm32f10x_cl.o [1]
  .text              ro code  0x0801e2c4     0x4  startup_stm32f10x_cl.o [1]
  .text              ro code  0x0801e2c8     0x4  startup_stm32f10x_cl.o [1]
  .text              ro code  0x0801e2cc     0x4  startup_stm32f10x_cl.o [1]
  .text              ro code  0x0801e2d0     0x4  startup_stm32f10x_cl.o [1]
  .text              ro code  0x0801e2d4     0x4  startup_stm32f10x_cl.o [1]
  .text              ro code  0x0801e2d8     0x4  startup_stm32f10x_cl.o [1]
  .text              ro code  0x0801e2dc     0x4  startup_stm32f10x_cl.o [1]
  .text              ro code  0x0801e2e0     0x4  startup_stm32f10x_cl.o [1]
  .text              ro code  0x0801e2e4     0x4  startup_stm32f10x_cl.o [1]
  .text              ro code  0x0801e2e8     0x4  startup_stm32f10x_cl.o [1]
  .text              ro code  0x0801e2ec     0x4  startup_stm32f10x_cl.o [1]
  .text              ro code  0x0801e2f0     0x4  startup_stm32f10x_cl.o [1]
  .text              ro code  0x0801e2f4     0x4  startup_stm32f10x_cl.o [1]
  .text              ro code  0x0801e2f8     0x4  startup_stm32f10x_cl.o [1]
  .text              ro code  0x0801e2fc     0x4  startup_stm32f10x_cl.o [1]
  .text              ro code  0x0801e300     0x4  startup_stm32f10x_cl.o [1]
  .text              ro code  0x0801e304     0x4  startup_stm32f10x_cl.o [1]
  .text              ro code  0x0801e308     0x4  startup_stm32f10x_cl.o [1]
  .text              ro code  0x0801e30c     0x4  startup_stm32f10x_cl.o [1]
  .text              ro code  0x0801e310     0x4  startup_stm32f10x_cl.o [1]
  .text              ro code  0x0801e314     0x4  startup_stm32f10x_cl.o [1]
  .text              ro code  0x0801e318     0x4  startup_stm32f10x_cl.o [1]
  .text              ro code  0x0801e31c     0x4  startup_stm32f10x_cl.o [1]
  .text              ro code  0x0801e320     0x4  startup_stm32f10x_cl.o [1]
  .text              ro code  0x0801e324     0x4  startup_stm32f10x_cl.o [1]
  .text              ro code  0x0801e328     0x4  startup_stm32f10x_cl.o [1]
  .text              ro code  0x0801e32c     0x4  startup_stm32f10x_cl.o [1]
  .text              ro code  0x0801e330     0x4  startup_stm32f10x_cl.o [1]
  .text              ro code  0x0801e334     0x4  startup_stm32f10x_cl.o [1]
  .text              ro code  0x0801e338     0x4  startup_stm32f10x_cl.o [1]
  .text              ro code  0x0801e33c     0x4  startup_stm32f10x_cl.o [1]
  .text              ro code  0x0801e340     0x4  startup_stm32f10x_cl.o [1]
  .text              ro code  0x0801e344     0x4  startup_stm32f10x_cl.o [1]
  .text              ro code  0x0801e348     0x4  startup_stm32f10x_cl.o [1]
  Initializer bytes  ro data  0x0801e34c    0x20  <for P2 s0>
                            - 0x0801e36c  0xe21c

"P2", part 1 of 3:                          0x20
  P2 s0                       0x20000000    0x20  <Init block>
    .data            inited   0x20000000    0x10  stm32f10x_rcc.o [1]
    .data            inited   0x20000010     0x4  stm32f10x_rcc.o [1]
    .data            inited   0x20000014     0x4  tcp.o [1]
    .data            inited   0x20000018     0x2  main.o [1]
    .data            inited   0x2000001a     0x1  fun.o [1]
    .data            inited   0x2000001b     0x1  uart4.o [1]
    .data            inited   0x2000001c     0x1  usart1.o [1]
    .data            inited   0x2000001d     0x1  usart2.o [1]
                            - 0x20000020    0x20

"P2", part 2 of 3:                        0xf0b0
  .bss               zero     0x20000020  0x44fc  memp.o [1]
  .bss               zero     0x2000451c  0x2030  TCPclient.o [1]
  .bss               zero     0x2000654c  0x17c0  ethernetif.o [1]
  .bss               zero     0x20007d0c   0xc14  mem.o [1]
  .bss               zero     0x20008920   0xbe0  ethernetif.o [1]
  .bss               zero     0x20009500   0x870  data.o [1]
  .bss               zero     0x20009d70   0x870  data.o [1]
  .bss               zero     0x2000a5e0   0x870  data.o [1]
  .bss               zero     0x2000ae50   0x7d4  data.o [1]
  .bss               zero     0x2000b624   0x5e0  ip_frag.o [1]
  .bss               zero     0x2000bc04   0x5a0  data.o [1]
  .bss               zero     0x2000c1a4   0x5a0  data.o [1]
  .bss               zero     0x2000c744   0x578  can1_bus.o [1]
  .bss               zero     0x2000ccbc   0x400  can2_bus.o [1]
  .bss               zero     0x2000d0bc   0x3c0  data.o [1]
  .bss               zero     0x2000d47c   0x3c0  data.o [1]
  .bss               zero     0x2000d83c   0x348  can2_bus.o [1]
  .bss               zero     0x2000db84   0x2d0  uart4.o [1]
  .bss               zero     0x2000de54   0x2d0  usart1.o [1]
  .bss               zero     0x2000e124   0x2d0  usart2.o [1]
  .bss               zero     0x2000e3f4   0x2d0  usart2.o [1]
  .bss               zero     0x2000e6c4   0x168  data.o [1]
  .bss               zero     0x2000e82c   0x168  data.o [1]
  .bss               zero     0x2000e994   0x168  data.o [1]
  .bss               zero     0x2000eafc    0xc8  can2_bus.o [1]
  .bss               zero     0x2000ebc4    0xc8  etharp.o [1]
  .bss               zero     0x2000ec8c    0x64  fun.o [1]
  .bss               zero     0x2000ecf0    0x40  ethernetif.o [1]
  .bss               zero     0x2000ed30    0x30  netconf.o [1]
  .bss               zero     0x2000ed60    0x24  data.o [1]
  .bss               zero     0x2000ed84    0x24  memp.o [1]
  .bss               zero     0x2000eda8    0x20  ethernetif.o [1]
  .bss               zero     0x2000edc8    0x20  uart4.o [1]
  .bss               zero     0x2000ede8    0x20  uart4.o [1]
  .bss               zero     0x2000ee08    0x20  uart4.o [1]
  .bss               zero     0x2000ee28    0x20  uart4.o [1]
  .bss               zero     0x2000ee48    0x20  usart1.o [1]
  .bss               zero     0x2000ee68    0x20  usart1.o [1]
  .bss               zero     0x2000ee88    0x20  usart1.o [1]
  .bss               zero     0x2000eea8    0x20  usart1.o [1]
  .bss               zero     0x2000eec8    0x20  usart2.o [1]
  .bss               zero     0x2000eee8    0x20  usart2.o [1]
  .bss               zero     0x2000ef08    0x20  usart2.o [1]
  .bss               zero     0x2000ef28    0x20  usart2.o [1]
  .bss               zero     0x2000ef48    0x18  list.o [1]
  .bss               zero     0x2000ef60    0x18  list.o [1]
  .bss               zero     0x2000ef78    0x18  photo.o [1]
  .bss               zero     0x2000ef90    0x14  data.o [1]
  .bss               zero     0x2000efa4    0x14  tcp_in.o [1]
  .bss               zero     0x2000efb8     0xc  can1_bus.o [1]
  .bss               zero     0x2000efc4     0xc  can2_bus.o [1]
  .bss               zero     0x2000efd0     0xc  data.o [1]
  .bss               zero     0x2000efdc     0xc  fun.o [1]
  .bss               zero     0x2000efe8     0xc  photo.o [1]
  .bss               zero     0x2000eff4     0x8  data.o [1]
  .bss               zero     0x2000effc     0x8  ethernetif.o [1]
  .bss               zero     0x2000f004     0x4  can2_bus.o [1]
  .bss               zero     0x2000f008     0x4  can2_bus.o [1]
  .bss               zero     0x2000f00c     0x4  can2_bus.o [1]
  .bss               zero     0x2000f010     0x4  ip.o [1]
  .bss               zero     0x2000f014     0x4  ip.o [1]
  .bss               zero     0x2000f018     0x4  ip_frag.o [1]
  .bss               zero     0x2000f01c     0x4  main.o [1]
  .bss               zero     0x2000f020     0x4  mem.o [1]
  .bss               zero     0x2000f024     0x4  mem.o [1]
  .bss               zero     0x2000f028     0x4  mem.o [1]
  .bss               zero     0x2000f02c     0x4  netconf.o [1]
  .bss               zero     0x2000f030     0x4  netif.o [1]
  .bss               zero     0x2000f034     0x4  netif.o [1]
  .bss               zero     0x2000f038     0x4  raw.o [1]
  .bss               zero     0x2000f03c     0x4  stm32_eth.o [1]
  .bss               zero     0x2000f040     0x4  stm32_eth.o [1]
  .bss               zero     0x2000f044     0x4  stm32f107.o [1]
  .bss               zero     0x2000f048     0x4  tcp.o [1]
  .bss               zero     0x2000f04c     0x4  tcp.o [1]
  .bss               zero     0x2000f050     0x4  tcp.o [1]
  .bss               zero     0x2000f054     0x4  tcp.o [1]
  .bss               zero     0x2000f058     0x4  tcp.o [1]
  .bss               zero     0x2000f05c     0x4  tcp.o [1]
  .bss               zero     0x2000f060     0x4  tcp_in.o [1]
  .bss               zero     0x2000f064     0x4  tcp_in.o [1]
  .bss               zero     0x2000f068     0x4  tcp_in.o [1]
  .bss               zero     0x2000f06c     0x4  tcp_in.o [1]
  .bss               zero     0x2000f070     0x4  tcp_in.o [1]
  .bss               zero     0x2000f074     0x4  tcp_in.o [1]
  .bss               zero     0x2000f078     0x4  uart4.o [1]
  .bss               zero     0x2000f07c     0x4  udp.o [1]
  .bss               zero     0x2000f080     0x4  usart1.o [1]
  .bss               zero     0x2000f084     0x4  usart2.o [1]
  .bss               zero     0x2000f088     0x2  TCPclient.o [1]
  .bss               zero     0x2000f08a     0x2  can2_bus.o [1]
  .bss               zero     0x2000f08c     0x2  can2_bus.o [1]
  .bss               zero     0x2000f08e     0x2  can2_bus.o [1]
  .bss               zero     0x2000f090     0x2  data.o [1]
  .bss               zero     0x2000f092     0x2  data.o [1]
  .bss               zero     0x2000f094     0x2  ip.o [1]
  .bss               zero     0x2000f096     0x2  ip_frag.o [1]
  .bss               zero     0x2000f098     0x2  main.o [1]
  .bss               zero     0x2000f09a     0x2  tcp_in.o [1]
  .bss               zero     0x2000f09c     0x2  uart4.o [1]
  .bss               zero     0x2000f09e     0x2  uart4.o [1]
  .bss               zero     0x2000f0a0     0x2  usart1.o [1]
  .bss               zero     0x2000f0a2     0x2  usart1.o [1]
  .bss               zero     0x2000f0a4     0x2  usart2.o [1]
  .bss               zero     0x2000f0a6     0x2  usart2.o [1]
  .bss               zero     0x2000f0a8     0x1  etharp.o [1]
  .bss               zero     0x2000f0a9     0x1  main.o [1]
  .bss               zero     0x2000f0aa     0x1  main.o [1]
  .bss               zero     0x2000f0ab     0x1  main.o [1]
  .bss               zero     0x2000f0ac     0x1  mem.o [1]
  .bss               zero     0x2000f0ad     0x1  netif.o [1]
  .bss               zero     0x2000f0ae     0x1  photo.o [1]
  .bss               zero     0x2000f0af     0x1  tcp_in.o [1]
  .bss               zero     0x2000f0b0     0x1  tcp_in.o [1]
  .bss               zero     0x2000f0b1     0x1  uart4.o [1]
  .bss               zero     0x2000f0b2     0x1  uart4.o [1]
  .bss               zero     0x2000f0b3     0x1  uart4.o [1]
  .bss               zero     0x2000f0b4     0x1  uart4.o [1]
  .bss               zero     0x2000f0b5     0x1  uart4.o [1]
  .bss               zero     0x2000f0b6     0x1  uart4.o [1]
  .bss               zero     0x2000f0b7     0x1  uart4.o [1]
  .bss               zero     0x2000f0b8     0x1  uart4.o [1]
  .bss               zero     0x2000f0b9     0x1  usart1.o [1]
  .bss               zero     0x2000f0ba     0x1  usart1.o [1]
  .bss               zero     0x2000f0bb     0x1  usart1.o [1]
  .bss               zero     0x2000f0bc     0x1  usart1.o [1]
  .bss               zero     0x2000f0bd     0x1  usart1.o [1]
  .bss               zero     0x2000f0be     0x1  usart1.o [1]
  .bss               zero     0x2000f0bf     0x1  usart1.o [1]
  .bss               zero     0x2000f0c0     0x1  usart1.o [1]
  .bss               zero     0x2000f0c1     0x1  usart2.o [1]
  .bss               zero     0x2000f0c2     0x1  usart2.o [1]
  .bss               zero     0x2000f0c3     0x1  usart2.o [1]
  .bss               zero     0x2000f0c4     0x1  usart2.o [1]
  .bss               zero     0x2000f0c5     0x1  usart2.o [1]
  .bss               zero     0x2000f0c6     0x1  usart2.o [1]
  .bss               zero     0x2000f0c7     0x1  usart2.o [1]
  .bss               zero     0x2000f0c8     0x1  usart2.o [1]
                            - 0x2000f0c9  0xf0a9

"P2", part 3 of 3:                         0x800
  CSTACK                      0x2000f0d0   0x800  <Block>
    CSTACK           uninit   0x2000f0d0   0x800  <Block tail>
                            - 0x2000f8d0   0x800


*******************************************************************************
*** INIT TABLE
***

          Address     Size
          -------     ----
Zero (__iar_zero_init3)
    1 destination range, total size 0xf0a9:
          0x20000020  0xf0a9

Copy (__iar_copy_init3)
    1 source range, total size 0x20 (106% of destination):
          0x0801e34c    0x20
    1 destination range, total size 0x1e:
          0x20000000    0x1e


*******************************************************************************
*** MODULE SUMMARY
***

    Module                  ro code  ro data  rw data
    ------                  -------  -------  -------
C:\Users\yc\Desktop\Ë«can°å¿¨³ö³§³ÌÐò\exp_car_ctrl_slaver_v1.4.0.1\Project\EWARMv5_iap\STM3210C-EVAL\Obj: [1]
    TCPclient.o               1 200             8 242
    can1_bus.o                  640             1 412
    can2_bus.o                6 504             2 094
    data.o                      900            14 444
    etharp.o                  2 868               201
    ethernetif.o                768             9 224
    fun.o                       404        1      113
    icmp.o                      562
    inet.o                       62
    inet_chksum.o               214
    ip.o                        908                10
    ip_addr.o                    88
    ip_frag.o                 1 656             1 510
    list.o                      140                48
    main.o                    1 092        2       11
    mem.o                       992             3 105
    memp.o                      248            17 696
    misc.o                      156
    netconf.o                   184                52
    netif.o                     368                 9
    pbuf.o                    1 556
    photo.o                     660                37
    position.o                4 908
    raw.o                       136                 4
    startup_stm32f10x_cl.o      616
    stm32_eth.o               1 862                 8
    stm32f107.o               2 910                 4
    stm32f10x_can.o           1 348
    stm32f10x_dma.o             516
    stm32f10x_exti.o            164
    stm32f10x_flash.o           382
    stm32f10x_gpio.o            592
    stm32f10x_it.o              848
    stm32f10x_rcc.o             624       20       20
    stm32f10x_tim.o              58
    stm32f10x_usart.o           470
    system_stm32f10x.o          412
    tcp.o                     1 304        4       28
    tcp_in.o                  5 148                48
    tcp_out.o                 2 478
    uart4.o                   2 804        1      865
    udp.o                     1 102                 4
    usart1.o                  2 808        1      865
    usart2.o                  3 992        1    1 585
    -------------------------------------------------
    Total:                   57 652       30   61 639

command line: [2]
    -------------------------------------------------
    Total:

dl7M_tlf.a: [3]
    exit.o                        8
    low_level_init.o              4
    -------------------------------------------------
    Total:                       12

rt7M_tl.a: [4]
    ABImemclr4.o                  6
    ABImemcpy.o                 112
    ABImemset.o                 102
    ABImemset48.o                56
    cexit.o                      10
    cmain.o                      22
    copy_init3.o                 46
    cstartup_M.o                 12
    data_init3.o                 44
    zero_init3.o                 34
    -------------------------------------------------
    Total:                      444

shb_l.a: [5]
    exit.o                       20
    -------------------------------------------------
    Total:                       20

    Gaps                         24                 2
    Linker created                        38    2 048
-----------------------------------------------------
    Grand Total:             58 152       68   63 689


*******************************************************************************
*** ENTRY LIST
***

Entry                      Address    Size  Type      Object
-----                      -------    ----  ----      ------
?main                   0x0801e1e5          Code  Gb  cmain.o [4]
ADC1_2_IRQHandler       0x0801e2a1          Code  Wk  startup_stm32f10x_cl.o [1]
ADCPrescTable           0x20000010     0x4  Data  Lc  stm32f10x_rcc.o [1]
APBAHBPrescTable        0x20000000    0x10  Data  Lc  stm32f10x_rcc.o [1]
ARPTimer                0x2000f02c     0x4  Data  Gb  netconf.o [1]
BusFault_Handler        0x0801de49     0x8  Code  Gb  stm32f10x_it.o [1]
CAN1_RX0_IRQHandler     0x0801e0af    0x2c  Code  Gb  stm32f10x_it.o [1]
CAN1_RX1_IRQHandler     0x0801e2ad          Code  Wk  startup_stm32f10x_cl.o [1]
CAN1_SCE_IRQHandler     0x0801e2b1          Code  Wk  startup_stm32f10x_cl.o [1]
CAN1_TX_IRQHandler      0x0801e2a5          Code  Wk  startup_stm32f10x_cl.o [1]
CAN2_RX0_IRQHandler     0x0801e33d          Code  Wk  startup_stm32f10x_cl.o [1]
CAN2_RX1_IRQHandler     0x0801e0db    0x2c  Code  Gb  stm32f10x_it.o [1]
CAN2_SCE_IRQHandler     0x0801e345          Code  Wk  startup_stm32f10x_cl.o [1]
CAN2_TX_IRQHandler      0x0801e339          Code  Wk  startup_stm32f10x_cl.o [1]
CAN_ClearITPendingBit   0x08012019    0x98  Code  Gb  stm32f10x_can.o [1]
CAN_Configuration       0x0801bba3   0x14c  Code  Gb  stm32f107.o [1]
CAN_DeInit              0x08011b6d    0x36  Code  Gb  stm32f10x_can.o [1]
CAN_FIFORelease         0x08011f25    0x12  Code  Gb  stm32f10x_can.o [1]
CAN_FilterInit          0x08011cbb    0xe2  Code  Gb  stm32f10x_can.o [1]
CAN_ITConfig            0x08011de9    0x16  Code  Gb  stm32f10x_can.o [1]
CAN_Init                0x08011ba3   0x118  Code  Gb  stm32f10x_can.o [1]
CAN_Receive             0x08011f37    0xe2  Code  Gb  stm32f10x_can.o [1]
CAN_StructInit          0x08011d9d    0x2e  Code  Gb  stm32f10x_can.o [1]
CAN_Transmit            0x08011dff   0x126  Code  Gb  stm32f10x_can.o [1]
CSTACK$$Base            0x2000f0d0           --   Gb  - Linker created -
CSTACK$$Limit           0x2000f8d0           --   Gb  - Linker created -
DMA1_Channel1_IRQHandler
                        0x0801e285          Code  Wk  startup_stm32f10x_cl.o [1]
DMA1_Channel2_IRQHandler
                        0x0801e289          Code  Wk  startup_stm32f10x_cl.o [1]
DMA1_Channel3_IRQHandler
                        0x0801e28d          Code  Wk  startup_stm32f10x_cl.o [1]
DMA1_Channel4_IRQHandler
                        0x0801de83    0x2e  Code  Gb  stm32f10x_it.o [1]
DMA1_Channel5_IRQHandler
                        0x0801e295          Code  Wk  startup_stm32f10x_cl.o [1]
DMA1_Channel6_IRQHandler
                        0x0801e299          Code  Wk  startup_stm32f10x_cl.o [1]
DMA1_Channel7_IRQHandler
                        0x0801deb1    0x2e  Code  Gb  stm32f10x_it.o [1]
DMA2_Channel1_IRQHandler
                        0x0801e31d          Code  Wk  startup_stm32f10x_cl.o [1]
DMA2_Channel2_IRQHandler
                        0x0801e321          Code  Wk  startup_stm32f10x_cl.o [1]
DMA2_Channel3_IRQHandler
                        0x0801e325          Code  Wk  startup_stm32f10x_cl.o [1]
DMA2_Channel4_IRQHandler
                        0x0801e329          Code  Wk  startup_stm32f10x_cl.o [1]
DMA2_Channel5_IRQHandler
                        0x0801dedf    0x2a  Code  Gb  stm32f10x_it.o [1]
DMARxDescToGet          0x2000f040     0x4  Data  Gb  stm32_eth.o [1]
DMARxDscrTab            0x2000ecf0    0x40  Data  Gb  ethernetif.o [1]
DMATxDescToSet          0x2000f03c     0x4  Data  Gb  stm32_eth.o [1]
DMATxDscrTab            0x2000eda8    0x20  Data  Gb  ethernetif.o [1]
DMA_ClearFlag           0x08015a81    0x10  Code  Gb  stm32f10x_dma.o [1]
DMA_Cmd                 0x08015a19    0x1c  Code  Gb  stm32f10x_dma.o [1]
DMA_Configuration       0x0801b98b   0x218  Code  Gb  stm32f107.o [1]
DMA_DeInit              0x080158d1   0x10a  Code  Gb  stm32f10x_dma.o [1]
DMA_GetCurrDataCounter  0x08015a51     0x6  Code  Gb  stm32f10x_dma.o [1]
DMA_GetFlagStatus       0x08015a57    0x2a  Code  Gb  stm32f10x_dma.o [1]
DMA_ITConfig            0x08015a35    0x16  Code  Gb  stm32f10x_dma.o [1]
DMA_Init                0x080159db    0x3e  Code  Gb  stm32f10x_dma.o [1]
DMA_SetCurrDataCounter  0x08015a4b     0x6  Code  Gb  stm32f10x_dma.o [1]
Data_Init_motor_para_queue
                        0x08013449    0x94  Code  Gb  data.o [1]
Data_Init_struct        0x080133dd    0x6c  Code  Gb  data.o [1]
Data_add_to_moto_para_queue
                        0x080134dd    0x42  Code  Gb  data.o [1]
DebugMon_Handler        0x0801de5b     0x2  Code  Gb  stm32f10x_it.o [1]
ETH_DMAITConfig         0x0801cbf9    0x26  Code  Gb  stm32_eth.o [1]
ETH_DMAReceptionCmd     0x0801cbcd    0x22  Code  Gb  stm32_eth.o [1]
ETH_DMARxDescChainInit  0x0801caf5    0x4e  Code  Gb  stm32_eth.o [1]
ETH_DMARxDescReceiveITConfig
                        0x0801cb4b    0x1a  Code  Gb  stm32_eth.o [1]
ETH_DMATransmissionCmd  0x0801cb9f    0x22  Code  Gb  stm32_eth.o [1]
ETH_DMATxDescChainInit  0x0801caa5    0x48  Code  Gb  stm32_eth.o [1]
ETH_DMATxDescChecksumInsertionConfig
                        0x0801caed     0x8  Code  Gb  stm32_eth.o [1]
ETH_DeInit              0x0801c551    0x18  Code  Gb  stm32_eth.o [1]
ETH_Delay               0x0801cc79    0x1e  Code  Lc  stm32_eth.o [1]
ETH_FlushTransmitFIFO   0x0801cb91     0xe  Code  Gb  stm32_eth.o [1]
ETH_GetCurrentTxBuffer  0x0801ddcf     0x8  Code  Gb  ethernetif.o [1]
ETH_GetDMARxDescFrameLength
                        0x0801cb43     0x8  Code  Gb  stm32_eth.o [1]
ETH_GetRxPktSize        0x0801c913    0x2a  Code  Gb  stm32_eth.o [1]
ETH_GetSoftwareResetStatus
                        0x0801cb77    0x1a  Code  Gb  stm32_eth.o [1]
ETH_IRQHandler          0x0801e331          Code  Wk  startup_stm32f10x_cl.o [1]
ETH_Init                0x0801c569   0x2a0  Code  Gb  stm32_eth.o [1]
ETH_MACAddressConfig    0x0801ca73    0x32  Code  Gb  stm32_eth.o [1]
ETH_MACReceptionCmd     0x0801ca49    0x2a  Code  Gb  stm32_eth.o [1]
ETH_MACTransmissionCmd  0x0801ca1f    0x2a  Code  Gb  stm32_eth.o [1]
ETH_ReadPHYRegister     0x0801c93d    0x70  Code  Gb  stm32_eth.o [1]
ETH_RxPkt_ChainMode     0x0801dce5    0x8c  Code  Gb  ethernetif.o [1]
ETH_SoftwareReset       0x0801cb65    0x12  Code  Gb  stm32_eth.o [1]
ETH_Start               0x0801c8f3    0x20  Code  Gb  stm32_eth.o [1]
ETH_StructInit          0x0801c809    0xea  Code  Gb  stm32_eth.o [1]
ETH_TxPkt_ChainMode     0x0801dd71    0x5e  Code  Gb  ethernetif.o [1]
ETH_WKUP_IRQHandler     0x0801e335          Code  Wk  startup_stm32f10x_cl.o [1]
ETH_WritePHYRegister    0x0801c9ad    0x72  Code  Gb  stm32_eth.o [1]
EXTI0_IRQHandler        0x0801e271          Code  Wk  startup_stm32f10x_cl.o [1]
EXTI15_10_IRQHandler    0x0801e2f9          Code  Wk  startup_stm32f10x_cl.o [1]
EXTI1_IRQHandler        0x0801e275          Code  Wk  startup_stm32f10x_cl.o [1]
EXTI2_IRQHandler        0x0801e279          Code  Wk  startup_stm32f10x_cl.o [1]
EXTI3_IRQHandler        0x0801e27d          Code  Wk  startup_stm32f10x_cl.o [1]
EXTI4_IRQHandler        0x0801e281          Code  Wk  startup_stm32f10x_cl.o [1]
EXTI9_5_IRQHandler      0x0801e2b5          Code  Wk  startup_stm32f10x_cl.o [1]
EXTI_ClearITPendingBit  0x0801c399     0x6  Code  Gb  stm32f10x_exti.o [1]
EXTI_Configuration      0x0801b80f    0x5a  Code  Gb  stm32f107.o [1]
EXTI_Init               0x0801c311    0x88  Code  Gb  stm32f10x_exti.o [1]
EthInitStatus           0x2000f044     0x4  Data  Gb  stm32f107.o [1]
Ethernet_Configuration  0x0801bd4f    0x9e  Code  Gb  stm32f107.o [1]
FLASH_ClearFlag         0x08013abb     0x8  Code  Gb  stm32f10x_flash.o [1]
FLASH_ErasePage         0x08013a09    0x64  Code  Gb  stm32f10x_flash.o [1]
FLASH_GetStatus         0x08013ac3    0x34  Code  Gb  stm32f10x_flash.o [1]
FLASH_IRQHandler        0x0801e269          Code  Wk  startup_stm32f10x_cl.o [1]
FLASH_Lock              0x080139f7    0x12  Code  Gb  stm32f10x_flash.o [1]
FLASH_ProgramHalfWord   0x08013a6d    0x4e  Code  Gb  stm32f10x_flash.o [1]
FLASH_Unlock            0x080139e1    0x16  Code  Gb  stm32f10x_flash.o [1]
FLASH_WaitForLastOperation
                        0x08013b11    0x32  Code  Gb  stm32f10x_flash.o [1]
GPIO_Configuration      0x0801bded   0x2f0  Code  Gb  stm32f107.o [1]
GPIO_ETH_MediaInterfaceConfig
                        0x080156e3     0x6  Code  Gb  stm32f10x_gpio.o [1]
GPIO_EXTILineConfig     0x08015693    0x50  Code  Gb  stm32f10x_gpio.o [1]
GPIO_Init               0x080154a9   0x138  Code  Gb  stm32f10x_gpio.o [1]
GPIO_PinRemapConfig     0x08015621    0x72  Code  Gb  stm32f10x_gpio.o [1]
GPIO_ReadInputDataBit   0x080155e1    0x1a  Code  Gb  stm32f10x_gpio.o [1]
GPIO_ReadOutputDataBit  0x080155fb    0x1a  Code  Gb  stm32f10x_gpio.o [1]
GPIO_ResetBits          0x0801561b     0x6  Code  Gb  stm32f10x_gpio.o [1]
GPIO_SetBits            0x08015615     0x6  Code  Gb  stm32f10x_gpio.o [1]
HardFault_Handler       0x0801de39     0x8  Code  Gb  stm32f10x_it.o [1]
I2C1_ER_IRQHandler      0x0801e2d9          Code  Wk  startup_stm32f10x_cl.o [1]
I2C1_EV_IRQHandler      0x0801e2d5          Code  Wk  startup_stm32f10x_cl.o [1]
I2C2_ER_IRQHandler      0x0801e2e1          Code  Wk  startup_stm32f10x_cl.o [1]
I2C2_EV_IRQHandler      0x0801e2dd          Code  Wk  startup_stm32f10x_cl.o [1]
LocalTime               0x2000f01c     0x4  Data  Gb  main.o [1]
LwIP_Init               0x0801d7bd    0x78  Code  Gb  netconf.o [1]
LwIP_Periodic_Handle    0x0801d83f    0x1e  Code  Gb  netconf.o [1]
LwIP_Pkt_Handle         0x0801d835     0xa  Code  Gb  netconf.o [1]
MACaddr                 0x2000effc     0x8  Data  Gb  ethernetif.o [1]
MemManage_Handler       0x0801de41     0x8  Code  Gb  stm32f10x_it.o [1]
NMI_Handler             0x0801de37     0x2  Code  Gb  stm32f10x_it.o [1]
NVIC_ClearPendingIRQ    0x0801de09    0x18  Code  Lc  stm32f10x_it.o [1]
NVIC_Configuration      0x0801c171   0x19e  Code  Gb  stm32f107.o [1]
NVIC_Init               0x0801cca3    0x68  Code  Gb  misc.o [1]
NVIC_PriorityGroupConfig
                        0x0801cc99     0xa  Code  Gb  misc.o [1]
NVIC_SetPriority        0x0801b7b1    0x26  Code  Lc  stm32f107.o [1]
NVIC_SetVectorTable     0x0801cd0b     0xc  Code  Gb  misc.o [1]
NVIC_SystemReset        0x08010151    0x1c  Code  Lc  can2_bus.o [1]
NVIC_SystemReset        0x0801d1e5    0x16  Code  Lc  fun.o [1]
NVIC_SystemReset        0x0801de21    0x16  Code  Lc  stm32f10x_it.o [1]
OTG_FS_IRQHandler       0x0801e349          Code  Wk  startup_stm32f10x_cl.o [1]
OTG_FS_WKUP_IRQHandler  0x0801e301          Code  Wk  startup_stm32f10x_cl.o [1]
PVD_IRQHandler          0x0801e25d          Code  Wk  startup_stm32f10x_cl.o [1]
PendSV_Handler          0x0801de5d     0x2  Code  Gb  stm32f10x_it.o [1]
Pre_Read_UpdateFlag     0x0801d62b    0x2e  Code  Gb  main.o [1]
RCC_AHBPeriphClockCmd   0x08013d29    0x1e  Code  Gb  stm32f10x_rcc.o [1]
RCC_AHBPeriphResetCmd   0x08013d83    0x1e  Code  Gb  stm32f10x_rcc.o [1]
RCC_APB1PeriphClockCmd  0x08013d65    0x1e  Code  Gb  stm32f10x_rcc.o [1]
RCC_APB1PeriphResetCmd  0x08013da1    0x1e  Code  Gb  stm32f10x_rcc.o [1]
RCC_APB2PeriphClockCmd  0x08013d47    0x1e  Code  Gb  stm32f10x_rcc.o [1]
RCC_GetClocksFreq       0x08013b89   0x1a0  Code  Gb  stm32f10x_rcc.o [1]
RCC_IRQHandler          0x0801e26d          Code  Wk  startup_stm32f10x_cl.o [1]
RCC_MCOConfig           0x08013dbf     0x6  Code  Gb  stm32f10x_rcc.o [1]
RTCAlarm_IRQHandler     0x0801e2fd          Code  Wk  startup_stm32f10x_cl.o [1]
RTC_IRQHandler          0x0801e265          Code  Wk  startup_stm32f10x_cl.o [1]
Region$$Table$$Base     0x0801e1c0           --   Gb  - Linker created -
Region$$Table$$Limit    0x0801e1e4           --   Gb  - Linker created -
Rx_Buff                 0x2000654c  0x17c0  Data  Gb  ethernetif.o [1]
SPI1_IRQHandler         0x0801e2e5          Code  Wk  startup_stm32f10x_cl.o [1]
SPI2_IRQHandler         0x0801e2e9          Code  Wk  startup_stm32f10x_cl.o [1]
SPI3_IRQHandler         0x0801e309          Code  Wk  startup_stm32f10x_cl.o [1]
SVC_Handler             0x0801de59     0x2  Code  Gb  stm32f10x_it.o [1]
SetSysClock             0x0801c413     0x8  Code  Lc  system_stm32f10x.o [1]
SetSysClockTo72         0x0801c41b   0x110  Code  Lc  system_stm32f10x.o [1]
Set_MAC_Address         0x0801db09    0x32  Code  Gb  ethernetif.o [1]
SysTick_Config          0x0801b7d7    0x38  Code  Lc  stm32f107.o [1]
SysTick_Handler         0x0801de5f     0x8  Code  Gb  stm32f10x_it.o [1]
SystemInit              0x0801c3b5    0x5e  Code  Gb  system_stm32f10x.o [1]
System_Setup            0x0801bcef    0x60  Code  Gb  stm32f107.o [1]
TAMPER_IRQHandler       0x0801e261          Code  Wk  startup_stm32f10x_cl.o [1]
TIM1_BRK_IRQHandler     0x0801e2b9          Code  Wk  startup_stm32f10x_cl.o [1]
TIM1_CC_IRQHandler      0x0801e2c5          Code  Wk  startup_stm32f10x_cl.o [1]
TIM1_TRG_COM_IRQHandler
                        0x0801e2c1          Code  Wk  startup_stm32f10x_cl.o [1]
TIM1_UP_IRQHandler      0x0801e2bd          Code  Wk  startup_stm32f10x_cl.o [1]
TIM2_IRQHandler         0x0801de67    0x1c  Code  Gb  stm32f10x_it.o [1]
TIM3_IRQHandler         0x0801e2cd          Code  Wk  startup_stm32f10x_cl.o [1]
TIM4_IRQHandler         0x0801e2d1          Code  Wk  startup_stm32f10x_cl.o [1]
TIM5_IRQHandler         0x0801e305          Code  Wk  startup_stm32f10x_cl.o [1]
TIM6_IRQHandler         0x0801e315          Code  Wk  startup_stm32f10x_cl.o [1]
TIM7_IRQHandler         0x0801e319          Code  Wk  startup_stm32f10x_cl.o [1]
TIM_ClearITPendingBit   0x0801e18b     0x8  Code  Gb  stm32f10x_tim.o [1]
TIM_GetITStatus         0x0801e159    0x32  Code  Gb  stm32f10x_tim.o [1]
Time_Update             0x0801d659    0x3a  Code  Gb  main.o [1]
Tx_Buff                 0x20008920   0xbe0  Data  Gb  ethernetif.o [1]
UART4_IRQHandler        0x0801e023    0x8c  Code  Gb  stm32f10x_it.o [1]
UART5_IRQHandler        0x0801e311          Code  Wk  startup_stm32f10x_cl.o [1]
USART1_IRQHandler       0x0801df95    0x8e  Code  Gb  stm32f10x_it.o [1]
USART2_IRQHandler       0x0801df09    0x8c  Code  Gb  stm32f10x_it.o [1]
USART3_IRQHandler       0x0801e2f5          Code  Wk  startup_stm32f10x_cl.o [1]
USART_ClearFlag         0x08015831     0xc  Code  Gb  stm32f10x_usart.o [1]
USART_ClearITPendingBit
                        0x080158ab    0x24  Code  Gb  stm32f10x_usart.o [1]
USART_Cmd               0x080157a9    0x1c  Code  Gb  stm32f10x_usart.o [1]
USART_Configuration     0x0801b869   0x122  Code  Gb  stm32f107.o [1]
USART_DMACmd            0x0801581b    0x16  Code  Gb  stm32f10x_usart.o [1]
USART_GetITStatus       0x0801583d    0x6e  Code  Gb  stm32f10x_usart.o [1]
USART_ITConfig          0x080157c5    0x56  Code  Gb  stm32f10x_usart.o [1]
USART_Init              0x080156f9    0xac  Code  Gb  stm32f10x_usart.o [1]
UsageFault_Handler      0x0801de51     0x8  Code  Gb  stm32f10x_it.o [1]
WCS_ACK_timer           0x2000f088     0x2  Data  Gb  TCPclient.o [1]
WWDG_IRQHandler         0x0801e259          Code  Wk  startup_stm32f10x_cl.o [1]
__aeabi_memclr4         0x08013b81          Code  Gb  ABImemclr4.o [4]
__aeabi_memcpy          0x08011ab9          Code  Gb  ABImemcpy.o [4]
__aeabi_memcpy4         0x08011ad3          Code  Gb  ABImemcpy.o [4]
__aeabi_memcpy8         0x08011ad3          Code  Gb  ABImemcpy.o [4]
__aeabi_memset          0x08018cc9          Code  Gb  ABImemset.o [4]
__aeabi_memset4         0x08015471          Code  Gb  ABImemset48.o [4]
__aeabi_memset8         0x08015471          Code  Gb  ABImemset48.o [4]
__cmain                 0x0801e1e5          Code  Gb  cmain.o [4]
__exit                  0x0801e215    0x14  Code  Gb  exit.o [5]
__iar_Memset            0x08018cc9          Code  Gb  ABImemset.o [4]
__iar_Memset4_word      0x08015479          Code  Gb  ABImemset48.o [4]
__iar_Memset8_word      0x08015479          Code  Gb  ABImemset48.o [4]
__iar_Memset_word       0x08018cd1          Code  Gb  ABImemset.o [4]
__iar_copy_init3        0x08011b3f    0x2e  Code  Gb  copy_init3.o [4]
__iar_data_init3        0x0801e195    0x2c  Code  Gb  data_init3.o [4]
__iar_program_start     0x0801e229          Code  Gb  cstartup_M.o [4]
__iar_zero_init3        0x08013b5f    0x22  Code  Gb  zero_init3.o [4]
__low_level_init        0x0801e1fb     0x4  Code  Gb  low_level_init.o [3]
__vector_table          0x08010000          Data  Gb  startup_stm32f10x_cl.o [1]
_call_main              0x0801e1f1          Code  Gb  cmain.o [4]
_exit                   0x0801e209          Code  Gb  cexit.o [4]
_main                   0x0801e1f7          Code  Gb  cmain.o [4]
ackno                   0x2000f06c     0x4  Data  Lc  tcp_in.o [1]
arp_table               0x2000ebc4    0xc8  Data  Lc  etharp.o [1]
buf                     0x2000b624   0x5e0  Data  Lc  ip_frag.o [1]
can2lastphoto           0x2000f08e     0x2  Data  Gb  can2_bus.o [1]
can2lastunload          0x2000f00c     0x4  Data  Gb  can2_bus.o [1]
can_recconf_len         0x2000f08c     0x2  Data  Gb  can2_bus.o [1]
can_recv_buff_two       0x2000ccbc   0x400  Data  Gb  can2_bus.o [1]
can_recv_config_msg     0x2000eafc    0xc8  Data  Gb  can2_bus.o [1]
can_recv_len_two        0x2000f08a     0x2  Data  Gb  can2_bus.o [1]
canbus_recv_all_short_msg
                        0x08010f19    0x50  Code  Gb  can2_bus.o [1]
canbus_recv_slaver_photo_conf
                        0x08010ecf    0x42  Code  Gb  can2_bus.o [1]
canconf_two             0x2000f008     0x4  Data  Gb  can2_bus.o [1]
canctrl_two             0x2000f004     0x4  Data  Gb  can2_bus.o [1]
canframequeue_one       0x2000efb8     0xc  Data  Gb  can1_bus.o [1]
canframequeue_two       0x2000efc4     0xc  Data  Gb  can2_bus.o [1]
canframequeuebuff_one   0x2000c744   0x578  Data  Gb  can1_bus.o [1]
canframequeuebuff_two   0x2000d83c   0x348  Data  Gb  can2_bus.o [1]
car_resetcal            0x2000f090     0x2  Data  Gb  data.o [1]
creat_udp_connect_process
                        0x0801cd35    0xa4  Code  Gb  TCPclient.o [1]
current_header          0x2000f014     0x4  Data  Lc  ip.o [1]
current_netif           0x2000f010     0x4  Data  Lc  ip.o [1]
datafixedqueue          0x2000ed60    0x24  Data  Gb  data.o [1]
datapcconfig            0x2000eff4     0x8  Data  Gb  data.o [1]
datasyserr              0x2000efd0     0xc  Data  Gb  data.o [1]
datasysmsg              0x2000ef90    0x14  Data  Gb  data.o [1]
delay                   0x08013b43    0x1c  Code  Lc  stm32f10x_flash.o [1]
etharp_arp_input        0x0801a14b   0x180  Code  Gb  etharp.o [1]
etharp_cached_entry     0x2000f0a8     0x1  Data  Lc  etharp.o [1]
etharp_ip_input         0x0801a11b    0x30  Code  Gb  etharp.o [1]
etharp_output           0x0801a2cb    0xce  Code  Gb  etharp.o [1]
etharp_query            0x0801a399   0x1f0  Code  Gb  etharp.o [1]
etharp_raw              0x0801a595   0x106  Code  Lc  etharp.o [1]
etharp_request          0x0801a69b    0x2e  Code  Gb  etharp.o [1]
etharp_send_ip          0x08019f87    0x64  Code  Lc  etharp.o [1]
etharp_tmr              0x08019c35    0xbc  Code  Gb  etharp.o [1]
ethbroadcast            0x0801a730     0x8  Data  Gb  etharp.o [1]
ethernet_input          0x0801a6c9    0x68  Code  Gb  etharp.o [1]
ethernetif_init         0x0801dca7    0x3e  Code  Gb  ethernetif.o [1]
ethernetif_input        0x0801dc71    0x36  Code  Gb  ethernetif.o [1]
ethzero                 0x0801a738     0x8  Data  Gb  etharp.o [1]
exit                    0x0801e1ff     0x8  Code  Gb  exit.o [3]
find_entry              0x08019cf1   0x296  Code  Lc  etharp.o [1]
flags                   0x2000f0af     0x1  Data  Lc  tcp_in.o [1]
free_etharp_q           0x08019c0d    0x28  Code  Lc  etharp.o [1]
get_ip_para_process     0x0801d0ed    0xd6  Code  Gb  TCPclient.o [1]
getmsgfrommotoparaqueue
                        0x0801351f    0x2a  Code  Gb  data.o [1]
heart_cnt               0x2000001a     0x1  Data  Gb  fun.o [1]
htonl                   0x08016f0b    0x18  Code  Gb  inet.o [1]
htons                   0x08016ef1     0xc  Code  Gb  inet.o [1]
icmp_dest_unreach       0x08019b69    0x14  Code  Gb  icmp.o [1]
icmp_input              0x080199d9   0x190  Code  Gb  icmp.o [1]
icmp_send_response      0x08019b91    0x7a  Code  Lc  icmp.o [1]
icmp_time_exceeded      0x08019b7d    0x14  Code  Gb  icmp.o [1]
inet_chksum             0x0801a7a5    0x16  Code  Gb  inet_chksum.o [1]
inet_chksum_pbuf        0x0801a7bb    0x5c  Code  Gb  inet_chksum.o [1]
inseg                   0x2000efa4    0x14  Data  Lc  tcp_in.o [1]
iostate                 0x2000ae50   0x7d4  Data  Gb  data.o [1]
ip_addr_any             0x08017598     0x4  Data  Gb  ip_addr.o [1]
ip_addr_isbroadcast     0x08017545    0x54  Code  Gb  ip_addr.o [1]
ip_frag                 0x08019391   0x17a  Code  Gb  ip_frag.o [1]
ip_input                0x0801898b   0x1b4  Code  Gb  ip.o [1]
ip_output               0x08018c85    0x44  Code  Gb  ip.o [1]
ip_output_if            0x08018b3f   0x132  Code  Gb  ip.o [1]
ip_reass                0x080191d1   0x1c0  Code  Gb  ip_frag.o [1]
ip_reass_chain_frag_into_datagram_and_validate
                        0x08019049   0x188  Code  Lc  ip_frag.o [1]
ip_reass_dequeue_datagram
                        0x0801901f    0x2a  Code  Lc  ip_frag.o [1]
ip_reass_enqueue_new_datagram
                        0x08018fc5    0x5a  Code  Lc  ip_frag.o [1]
ip_reass_free_complete_datagram
                        0x08018ea1    0x9a  Code  Lc  ip_frag.o [1]
ip_reass_pbufcount      0x2000f096     0x2  Data  Lc  ip_frag.o [1]
ip_reass_remove_oldest_datagram
                        0x08018f3b    0x8a  Code  Lc  ip_frag.o [1]
ip_route                0x0801893d    0x4e  Code  Gb  ip.o [1]
iphdr                   0x2000f064     0x4  Data  Lc  tcp_in.o [1]
key_value               0x2000f0a9     0x1  Data  Gb  main.o [1]
lastslaver_station      0x2000f092     0x2  Data  Gb  data.o [1]
lfree                   0x2000f028     0x4  Data  Lc  mem.o [1]
list_load               0x2000ef60    0x18  Data  Gb  list.o [1]
list_unload             0x2000ef48    0x18  Data  Gb  list.o [1]
loadcar_dataitem        0x2000d47c   0x3c0  Data  Gb  data.o [1]
loadcar_listitem        0x2000c1a4   0x5a0  Data  Gb  data.o [1]
low_level_init          0x0801db3b    0x92  Code  Lc  ethernetif.o [1]
low_level_input         0x0801dc05    0x6c  Code  Lc  ethernetif.o [1]
low_level_output        0x0801dbcd    0x38  Code  Lc  ethernetif.o [1]
lwip_standard_chksum    0x0801a741    0x64  Code  Lc  inet_chksum.o [1]
main                    0x0801d595    0x70  Code  Gb  main.o [1]
main_init_cmd           0x0801d781    0x30  Code  Gb  main.o [1]
main_one_ms_sec_process
                        0x0801d693    0xa6  Code  Gb  main.o [1]
main_rolling_process    0x0801d7b1     0xc  Code  Gb  main.o [1]
mem_free                0x0801863f    0x52  Code  Gb  mem.o [1]
mem_init                0x080185e9    0x56  Code  Gb  mem.o [1]
mem_malloc              0x080187e5   0x12a  Code  Gb  mem.o [1]
mem_realloc             0x08018691   0x154  Code  Gb  mem.o [1]
mem_sem                 0x2000f0ac     0x1  Data  Lc  mem.o [1]
memcpy                  0x08011b29    0x16  Code  Gb  tcp_out.o [1]
memp_free               0x08017b53    0x2a  Code  Gb  memp.o [1]
memp_init               0x08017ab5    0x6a  Code  Gb  memp.o [1]
memp_malloc             0x08017b1f    0x34  Code  Gb  memp.o [1]
memp_memory             0x20000020  0x44fc  Data  Lc  memp.o [1]
memp_num                0x08017b98    0x14  Data  Lc  memp.o [1]
memp_sizes              0x08017b84    0x14  Data  Lc  memp.o [1]
memp_tab                0x2000ed84    0x24  Data  Lc  memp.o [1]
memset                  0x08018925    0x16  Code  Gb  udp.o [1]
moto_one_err            0x2000ee88    0x20  Data  Gb  usart1.o [1]
moto_three_err          0x2000ee08    0x20  Data  Gb  uart4.o [1]
moto_two_err            0x2000ef08    0x20  Data  Gb  usart2.o [1]
motoone_typetwo_err     0x2000eea8    0x20  Data  Gb  usart1.o [1]
motoonepara             0x2000de54   0x2d0  Data  Gb  usart1.o [1]
motooneparabuff         0x20009500   0x870  Data  Gb  data.o [1]
motooneprarqueue        0x2000e6c4   0x168  Data  Gb  data.o [1]
motothree_typetwo_err   0x2000ee28    0x20  Data  Gb  uart4.o [1]
motothreepara           0x2000db84   0x2d0  Data  Gb  uart4.o [1]
motothreeparabuff       0x2000a5e0   0x870  Data  Gb  data.o [1]
motothreeprarqueue      0x2000e994   0x168  Data  Gb  data.o [1]
mototwo_typetwo_err     0x2000ef28    0x20  Data  Gb  usart2.o [1]
mototwocopy             0x2000e3f4   0x2d0  Data  Gb  usart2.o [1]
mototwopara             0x2000e124   0x2d0  Data  Gb  usart2.o [1]
mototwoparabuff         0x20009d70   0x870  Data  Gb  data.o [1]
mototwoprarqueue        0x2000e82c   0x168  Data  Gb  data.o [1]
netif                   0x2000ed30    0x30  Data  Gb  netconf.o [1]
netif_add               0x08018d31    0x6c  Code  Gb  netif.o [1]
netif_default           0x2000f034     0x4  Data  Gb  netif.o [1]
netif_is_up             0x08018e97     0xa  Code  Gb  netif.o [1]
netif_list              0x2000f030     0x4  Data  Gb  netif.o [1]
netif_set_addr          0x08018d9d    0x24  Code  Gb  netif.o [1]
netif_set_default       0x08018e4f     0x6  Code  Gb  netif.o [1]
netif_set_gw            0x08018e33     0xe  Code  Gb  netif.o [1]
netif_set_ipaddr        0x08018dc1    0x72  Code  Gb  netif.o [1]
netif_set_netmask       0x08018e41     0xe  Code  Gb  netif.o [1]
netif_set_up            0x08018e6d    0x2a  Code  Gb  netif.o [1]
ntohl                   0x08016f23     0xc  Code  Gb  inet.o [1]
ntohs                   0x08016efd     0xe  Code  Gb  inet.o [1]
one_ms_flag             0x2000f0ab     0x1  Data  Gb  main.o [1]
pbuf_alloc              0x08016f2f   0x1f0  Code  Gb  pbuf.o [1]
pbuf_cat                0x080172f7    0x38  Code  Gb  pbuf.o [1]
pbuf_chain              0x0801732f    0x16  Code  Gb  pbuf.o [1]
pbuf_clen               0x080172d7    0x14  Code  Gb  pbuf.o [1]
pbuf_copy               0x08017345    0xce  Code  Gb  pbuf.o [1]
pbuf_copy_partial       0x08017413    0xa2  Code  Gb  pbuf.o [1]
pbuf_free               0x0801724b    0x8c  Code  Gb  pbuf.o [1]
pbuf_header             0x080171ad    0x9e  Code  Gb  pbuf.o [1]
pbuf_realloc            0x0801711f    0x8e  Code  Gb  pbuf.o [1]
pbuf_ref                0x080172eb     0xc  Code  Gb  pbuf.o [1]
pbuf_take               0x080174b5    0x8e  Code  Gb  pbuf.o [1]
pcfunmsgQueue           0x2000efdc     0xc  Data  Gb  fun.o [1]
pcfunmsgQueueBuff       0x2000ec8c    0x64  Data  Gb  fun.o [1]
photovalue              0x2000f0ae     0x1  Data  Gb  photo.o [1]
plug_holes              0x08018545    0xa4  Code  Lc  mem.o [1]
port_info               0x2000ef78    0x18  Data  Gb  photo.o [1]
ram                     0x2000f020     0x4  Data  Lc  mem.o [1]
ram_end                 0x2000f024     0x4  Data  Lc  mem.o [1]
ram_heap                0x20007d0c   0xc14  Data  Lc  mem.o [1]
raw_input               0x08019519    0x82  Code  Gb  raw.o [1]
raw_pcbs                0x2000f038     0x4  Data  Lc  raw.o [1]
readFlash_uint          0x0801d605    0x26  Code  Gb  main.o [1]
reassdatagrams          0x2000f018     0x4  Data  Lc  ip_frag.o [1]
recv_data               0x2000f070     0x4  Data  Lc  tcp_in.o [1]
recv_flags              0x2000f0b0     0x1  Data  Lc  tcp_in.o [1]
scan_key_process        0x0801d4e3    0xb2  Code  Gb  main.o [1]
sec_flag                0x2000f098     0x2  Data  Gb  main.o [1]
sec_process             0x0801d379   0x16a  Code  Gb  main.o [1]
sec_reg                 0x20000018     0x2  Data  Gb  main.o [1]
second_cnt              0x2000f0aa     0x1  Data  Gb  main.o [1]
seqno                   0x2000f068     0x4  Data  Lc  tcp_in.o [1]
sysmsg                  0x2000efe8     0xc  Data  Gb  photo.o [1]
tcp_abandon             0x080176cf    0xb6  Code  Gb  tcp.o [1]
tcp_active_pcbs         0x2000f054     0x4  Data  Gb  tcp.o [1]
tcp_alloc               0x080178cb    0xb8  Code  Gb  tcp.o [1]
tcp_bound_pcbs          0x2000f04c     0x4  Data  Gb  tcp.o [1]
tcp_client_list         0x2000451c  0x2030  Data  Gb  TCPclient.o [1]
tcp_close               0x0801759d   0x132  Code  Gb  tcp.o [1]
tcp_eff_send_mss        0x08017a85    0x2e  Code  Gb  tcp.o [1]
tcp_enqueue             0x08017c61   0x46c  Code  Gb  tcp_out.o [1]
tcp_input               0x08015ad5   0x502  Code  Gb  tcp_in.o [1]
tcp_input_pcb           0x2000f074     0x4  Data  Gb  tcp_in.o [1]
tcp_kill_prio           0x0801782f    0x5e  Code  Lc  tcp.o [1]
tcp_kill_timewait       0x0801788d    0x3e  Code  Lc  tcp.o [1]
tcp_listen_input        0x08015fd7   0x146  Code  Lc  tcp_in.o [1]
tcp_listen_pcbs         0x2000f050     0x4  Data  Gb  tcp.o [1]
tcp_next_iss            0x08017a4d    0x14  Code  Gb  tcp.o [1]
tcp_output              0x080180cd   0x27e  Code  Gb  tcp_out.o [1]
tcp_output_segment      0x0801834b    0xcc  Code  Lc  tcp_out.o [1]
tcp_output_set_header   0x08017bad    0x94  Code  Lc  tcp_out.o [1]
tcp_parseopt            0x08016df7    0xd0  Code  Lc  tcp_in.o [1]
tcp_pcb_purge           0x08017983    0x3a  Code  Gb  tcp.o [1]
tcp_pcb_remove          0x080179bd    0x90  Code  Gb  tcp.o [1]
tcp_process             0x0801616b   0x572  Code  Lc  tcp_in.o [1]
tcp_receive             0x08016711   0x6e6  Code  Lc  tcp_in.o [1]
tcp_recv_null           0x08017807    0x28  Code  Lc  tcp.o [1]
tcp_rexmit              0x080184ed    0x58  Code  Gb  tcp_out.o [1]
tcp_rst                 0x08018425    0xc8  Code  Gb  tcp_out.o [1]
tcp_seg_free            0x080177e1    0x26  Code  Gb  tcp.o [1]
tcp_segs_free           0x080177bf    0x22  Code  Gb  tcp.o [1]
tcp_send_ctrl           0x08017c41    0x20  Code  Gb  tcp_out.o [1]
tcp_ticks               0x2000f048     0x4  Data  Gb  tcp.o [1]
tcp_timewait_input      0x0801611d    0x4e  Code  Lc  tcp_in.o [1]
tcp_tmp_pcb             0x2000f05c     0x4  Data  Gb  tcp.o [1]
tcp_tw_pcbs             0x2000f058     0x4  Data  Gb  tcp.o [1]
tcp_update_rcv_ann_wnd  0x08017785    0x3a  Code  Gb  tcp.o [1]
tcphdr                  0x2000f060     0x4  Data  Lc  tcp_in.o [1]
tcplen                  0x2000f09a     0x2  Data  Lc  tcp_in.o [1]
u16data_searchemptyitem_fromlistload
                        0x0801361b    0x28  Code  Gb  data.o [1]
u16data_searchemptyitem_fromlistunload
                        0x080135f3    0x28  Code  Gb  data.o [1]
u16pcfun_get_msg_from_net_Queue
                        0x0801d211    0x28  Code  Gb  fun.o [1]
u16pcfun_getmsg_from_sdsQueue
                        0x0801d239     0xa  Code  Gb  fun.o [1]
u16position_cal_target_car
                        0x080120ed    0x4c  Code  Gb  position.o [1]
u16position_cal_target_position
                        0x080120b1    0x3c  Code  Gb  position.o [1]
u8canbus_send_oneframe_one
                        0x080137b7    0x6a  Code  Gb  can1_bus.o [1]
u8canbus_send_oneframe_two
                        0x080101c9    0x6c  Code  Gb  can2_bus.o [1]
u8data_check_io_close_state
                        0x080136e7    0x34  Code  Gb  data.o [1]
u8pcfun_recv_msg_check  0x0801d243    0x34  Code  Gb  fun.o [1]
uart4_ctr_process       0x080150f1   0x272  Code  Gb  uart4.o [1]
uart4_cur_moto_para     0x2000f078     0x4  Data  Gb  uart4.o [1]
uart4_cur_moto_para_num
                        0x2000f0b2     0x1  Data  Gb  uart4.o [1]
uart4_moto_commu_statue
                        0x2000f0b1     0x1  Data  Gb  uart4.o [1]
uart4_moto_ctr_statue   0x2000001b     0x1  Data  Gb  uart4.o [1]
uart4_moto_recv_now_process
                        0x08014b11   0x21e  Code  Gb  uart4.o [1]
uart4_moto_reply_outtimer
                        0x2000f0b4     0x1  Data  Gb  uart4.o [1]
uart4_moto_reply_time_count
                        0x08014a85    0x32  Code  Gb  uart4.o [1]
uart4_moto_resend_time  0x2000f0b6     0x1  Data  Gb  uart4.o [1]
uart4_moto_send_num     0x2000f0b8     0x1  Data  Gb  uart4.o [1]
uart4_moto_send_process
                        0x08014ab7    0x5a  Code  Gb  uart4.o [1]
uart4_moto_waitrun_timer
                        0x2000f0b5     0x1  Data  Gb  uart4.o [1]
uart4_moto_waitrunask_timer
                        0x2000f0b7     0x1  Data  Gb  uart4.o [1]
uart4_pre_moto_para_num
                        0x2000f0b3     0x1  Data  Gb  uart4.o [1]
uart4_recv_buff         0x2000ede8    0x20  Data  Gb  uart4.o [1]
uart4_recv_len          0x2000f09e     0x2  Data  Gb  uart4.o [1]
uart4_send_buff         0x2000edc8    0x20  Data  Gb  uart4.o [1]
uart4_send_len          0x2000f09c     0x2  Data  Gb  uart4.o [1]
uart4_send_moto_askrun_process
                        0x08014e71    0xde  Code  Gb  uart4.o [1]
uart4_send_moto_para_process
                        0x08014d2f   0x142  Code  Gb  uart4.o [1]
uart4_send_moto_run_process
                        0x08014f4f   0x1a2  Code  Gb  uart4.o [1]
udp_bind                0x080198cb    0x86  Code  Gb  udp.o [1]
udp_client_process      0x0801d097    0x56  Code  Gb  TCPclient.o [1]
udp_connect             0x08019951    0x5c  Code  Gb  udp.o [1]
udp_echoclient_connect  0x0801cdd9   0x112  Code  Gb  TCPclient.o [1]
udp_input               0x080195a1   0x1ec  Code  Gb  udp.o [1]
udp_new                 0x080199b9    0x20  Code  Gb  udp.o [1]
udp_pcbs                0x2000f07c     0x4  Data  Gb  udp.o [1]
udp_receive_callback    0x0801ceeb   0x140  Code  Gb  TCPclient.o [1]
udp_recv                0x080199ad     0x6  Code  Gb  udp.o [1]
udp_send                0x0801978d    0x14  Code  Gb  udp.o [1]
udp_send_process        0x0801d02b    0x6c  Code  Gb  TCPclient.o [1]
udp_sendto              0x080197a1    0x38  Code  Gb  udp.o [1]
udp_sendto_if           0x080197d9    0xf2  Code  Gb  udp.o [1]
unloadcar_dataitem      0x2000d0bc   0x3c0  Data  Gb  data.o [1]
unloadcar_listitem      0x2000bc04   0x5a0  Data  Gb  data.o [1]
update_arp_entry        0x08019feb   0x130  Code  Lc  etharp.o [1]
usart1_ctr_process      0x080145fb   0x272  Code  Gb  usart1.o [1]
usart1_cur_moto_para    0x2000f080     0x4  Data  Gb  usart1.o [1]
usart1_cur_moto_para_num
                        0x2000f0ba     0x1  Data  Gb  usart1.o [1]
usart1_moto_commu_statue
                        0x2000f0b9     0x1  Data  Gb  usart1.o [1]
usart1_moto_ctr_statue  0x2000001c     0x1  Data  Gb  usart1.o [1]
usart1_moto_recv_now_process
                        0x0801401b   0x21e  Code  Gb  usart1.o [1]
usart1_moto_reply_outtimer
                        0x2000f0bc     0x1  Data  Gb  usart1.o [1]
usart1_moto_reply_time_count
                        0x08013f8d    0x32  Code  Gb  usart1.o [1]
usart1_moto_resend_time
                        0x2000f0be     0x1  Data  Gb  usart1.o [1]
usart1_moto_send_num    0x2000f0c0     0x1  Data  Gb  usart1.o [1]
usart1_moto_send_process
                        0x08013fbf    0x5c  Code  Gb  usart1.o [1]
usart1_moto_waitrun_timer
                        0x2000f0bd     0x1  Data  Gb  usart1.o [1]
usart1_moto_waitrunask_timer
                        0x2000f0bf     0x1  Data  Gb  usart1.o [1]
usart1_pre_moto_para_num
                        0x2000f0bb     0x1  Data  Gb  usart1.o [1]
usart1_recv_buff        0x2000ee68    0x20  Data  Gb  usart1.o [1]
usart1_recv_len         0x2000f0a2     0x2  Data  Gb  usart1.o [1]
usart1_send_buff        0x2000ee48    0x20  Data  Gb  usart1.o [1]
usart1_send_len         0x2000f0a0     0x2  Data  Gb  usart1.o [1]
usart1_send_moto_askrun_process
                        0x0801437b    0xde  Code  Gb  usart1.o [1]
usart1_send_moto_para_process
                        0x08014239   0x142  Code  Gb  usart1.o [1]
usart1_send_moto_run_process
                        0x08014459   0x1a2  Code  Gb  usart1.o [1]
usart2_ctr_process      0x0801b159   0x31e  Code  Gb  usart2.o [1]
usart2_cur_moto_para    0x2000f084     0x4  Data  Gb  usart2.o [1]
usart2_cur_moto_para_num
                        0x2000f0c2     0x1  Data  Gb  usart2.o [1]
usart2_moto_commu_statue
                        0x2000f0c1     0x1  Data  Gb  usart2.o [1]
usart2_moto_ctr_statue  0x2000001d     0x1  Data  Gb  usart2.o [1]
usart2_moto_recv_now_process
                        0x0801aad1   0x266  Code  Gb  usart2.o [1]
usart2_moto_reply_outtimer
                        0x2000f0c4     0x1  Data  Gb  usart2.o [1]
usart2_moto_reply_time_count
                        0x0801aa45    0x32  Code  Gb  usart2.o [1]
usart2_moto_resend_time
                        0x2000f0c6     0x1  Data  Gb  usart2.o [1]
usart2_moto_send_num    0x2000f0c8     0x1  Data  Gb  usart2.o [1]
usart2_moto_send_process
                        0x0801aa77    0x5a  Code  Gb  usart2.o [1]
usart2_moto_waitrun_timer
                        0x2000f0c5     0x1  Data  Gb  usart2.o [1]
usart2_moto_waitrunask_timer
                        0x2000f0c7     0x1  Data  Gb  usart2.o [1]
usart2_pre_moto_para_num
                        0x2000f0c3     0x1  Data  Gb  usart2.o [1]
usart2_recv_buff        0x2000eee8    0x20  Data  Gb  usart2.o [1]
usart2_recv_len         0x2000f0a6     0x2  Data  Gb  usart2.o [1]
usart2_send_buff        0x2000eec8    0x20  Data  Gb  usart2.o [1]
usart2_send_len         0x2000f0a4     0x2  Data  Gb  usart2.o [1]
usart2_send_moto_askrun_process
                        0x0801aedf    0xdc  Code  Gb  usart2.o [1]
usart2_send_moto_para_process
                        0x0801ad37   0x1a8  Code  Gb  usart2.o [1]
usart2_send_moto_run_process
                        0x0801afbb   0x192  Code  Gb  usart2.o [1]
uxListRemove            0x08013e61    0x24  Code  Gb  list.o [1]
vListInitialise         0x08013df9    0x22  Code  Gb  list.o [1]
vListInitialiseItem     0x08013e1b     0x6  Code  Gb  list.o [1]
vListInsert             0x08013e21    0x40  Code  Gb  list.o [1]
vcan_bus_deal_with_photo_cmd
                        0x080105bb   0x296  Code  Gb  can2_bus.o [1]
vcan_bus_recv_car_findzero_msg
                        0x08010c71   0x25e  Code  Gb  can2_bus.o [1]
vcan_bus_recv_car_test_msg
                        0x080109f1   0x266  Code  Gb  can2_bus.o [1]
vcan_bus_recv_carreset_config_msg
                        0x08010c57    0x10  Code  Gb  can2_bus.o [1]
vcan_bus_recv_fixed_msg
                        0x08010919    0xd8  Code  Gb  can2_bus.o [1]
vcan_bus_recv_license_cmd
                        0x08010851    0x36  Code  Gb  can2_bus.o [1]
vcan_bus_recv_sysconfig_cmd
                        0x08010887    0x92  Code  Gb  can2_bus.o [1]
vcan_deal_with_recv_unload_data
                        0x08010235   0x386  Code  Gb  can2_bus.o [1]
vcan_send_frame_process
                        0x08011465    0x54  Code  Gb  can2_bus.o [1]
vcan_sendframe_process_one
                        0x0801397f    0x52  Code  Gb  can1_bus.o [1]
vcan_sendmsg_one        0x08013899    0xe6  Code  Gb  can1_bus.o [1]
vcan_sendmsg_two        0x0801137d    0xe8  Code  Gb  can2_bus.o [1]
vcanbus_addto_cansendqueue_one
                        0x08013777    0x40  Code  Gb  can1_bus.o [1]
vcanbus_addto_cansendqueue_two
                        0x08010187    0x42  Code  Gb  can2_bus.o [1]
vcanbus_frame_receive_two
                        0x08010f91   0x3d8  Code  Gb  can2_bus.o [1]
vcanbus_framereceive_one
                        0x08013821    0x78  Code  Gb  can1_bus.o [1]
vcanbus_init_cansendqueue_two
                        0x0801016d    0x1a  Code  Gb  can2_bus.o [1]
vcanbus_initcansendqueue_one
                        0x08013761    0x16  Code  Gb  can1_bus.o [1]
vcanbus_upload_err_heart_process
                        0x08011a45    0x2e  Code  Gb  can2_bus.o [1]
vcanbus_upload_heart_msg
                        0x080114c1    0xa4  Code  Gb  can2_bus.o [1]
vcanbus_upload_motor_err_msg
                        0x08011571   0x2fc  Code  Gb  can2_bus.o [1]
vcanbus_upload_motor_run_abnorable_msg
                        0x0801187d   0x1c4  Code  Gb  can2_bus.o [1]
vdata_addto_list_load   0x08013695    0x52  Code  Gb  data.o [1]
vdata_addto_list_unload
                        0x08013643    0x52  Code  Gb  data.o [1]
vdata_list_int          0x080135e3    0x10  Code  Gb  data.o [1]
vdata_list_item_init    0x08013549    0x9a  Code  Gb  data.o [1]
vpcfun_init_net_Queue   0x0801d1fb    0x16  Code  Gb  fun.o [1]
vpcfun_recv_message_from_sever
                        0x0801d2af    0x24  Code  Gb  fun.o [1]
vpcfun_recv_msg_process
                        0x0801d277    0x38  Code  Gb  fun.o [1]
vpcfun_send_heart_msg   0x0801d2d3    0x3a  Code  Gb  fun.o [1]
vpcfun_send_message_to_sever
                        0x0801d30d    0x40  Code  Gb  fun.o [1]
vphoto_deal_with_cnt_photo
                        0x0801d975   0x17c  Code  Gb  photo.o [1]
vphoto_deal_with_load_data_process
                        0x08012b75   0x398  Code  Gb  position.o [1]
vphoto_deal_with_reset_photo
                        0x0801d89d    0xd8  Code  Gb  photo.o [1]
vphoto_init_msg         0x0801d875    0x28  Code  Gb  photo.o [1]
vposition_calculate_unload_load_process
                        0x080132f1    0xc6  Code  Gb  position.o [1]
vposition_dealwith_fixed_data_process
                        0x08012f1d   0x27e  Code  Gb  position.o [1]
vposition_dealwith_unload_process
                        0x080121b9   0x9b4  Code  Gb  position.o [1]
vposition_moto_run_state_process
                        0x080131a1   0x14c  Code  Gb  position.o [1]
vposition_remove_repeat_carnum
                        0x08012139    0x80  Code  Gb  position.o [1]
vuart4_moto_init        0x0801497d    0xd6  Code  Gb  uart4.o [1]
vuart4_moto_para_ready  0x08014a53    0x32  Code  Gb  uart4.o [1]
vuart4_upload_cartest_peocess
                        0x08015363    0xb6  Code  Gb  uart4.o [1]
vusart1_moto_init       0x08013e85    0xd6  Code  Gb  usart1.o [1]
vusart1_moto_para_ready
                        0x08013f5b    0x32  Code  Gb  usart1.o [1]
vusart1_upload_cartest_peocess
                        0x0801486d    0xb6  Code  Gb  usart1.o [1]
vusart2_copy_moto_two   0x0801b65d   0x130  Code  Gb  usart2.o [1]
vusart2_moto_init       0x0801a819   0x22c  Code  Gb  usart2.o [1]
vusart2_upload_cartest_peocess
                        0x0801b48d   0x1a8  Code  Gb  usart2.o [1]


[1] = C:\Users\yc\Desktop\Ë«can°å¿¨³ö³§³ÌÐò\exp_car_ctrl_slaver_v1.4.0.1\Project\EWARMv5_iap\STM3210C-EVAL\Obj
[2] = command line
[3] = dl7M_tlf.a
[4] = rt7M_tl.a
[5] = shb_l.a

  58 152 bytes of readonly  code memory
      68 bytes of readonly  data memory
  63 689 bytes of readwrite data memory

Errors: none
Warnings: none
