###############################################################################
#                                                                             #
# IAR ELF Linker V6.10.1.52143/W32 for ARM              02/Aug/2023  16:38:19 #
# Copyright 2007-2010 IAR Systems AB.                                         #
#                                                                             #
#    Output file  =  E:\°å¿¨³ö³§³ÌÐò\Ë«can°å¿¨³ö³§³ÌÐò\boot\exp_car_boot_v1.0 #
#                    .02_IP110\Project\EWARMv5\STM3210C-EVAL\Exe\STM3210C-EVA #
#                    L.out                                                    #
#    Map file     =  E:\°å¿¨³ö³§³ÌÐò\Ë«can°å¿¨³ö³§³ÌÐò\boot\exp_car_boot_v1.0 #
#                    .02_IP110\Project\EWARMv5\STM3210C-EVAL\List\STM3210C-EV #
#                    AL.map                                                   #
#    Command line =  E:\°å¿¨³ö³§³ÌÐò\Ë«can°å¿¨³ö³§³ÌÐò\boot\exp_car_boot_v1.0 #
#                    .02_IP110\Project\EWARMv5\STM3210C-EVAL\Obj\api_lib.o    #
#                    E:\°å¿¨³ö³§³ÌÐò\Ë«can°å¿¨³ö³§³ÌÐò\boot\exp_car_boot_v1.0 #
#                    .02_IP110\Project\EWARMv5\STM3210C-EVAL\Obj\api_msg.o    #
#                    E:\°å¿¨³ö³§³ÌÐò\Ë«can°å¿¨³ö³§³ÌÐò\boot\exp_car_boot_v1.0 #
#                    .02_IP110\Project\EWARMv5\STM3210C-EVAL\Obj\autoip.o     #
#                    E:\°å¿¨³ö³§³ÌÐò\Ë«can°å¿¨³ö³§³ÌÐò\boot\exp_car_boot_v1.0 #
#                    .02_IP110\Project\EWARMv5\STM3210C-EVAL\Obj\can1_bus.o   #
#                    E:\°å¿¨³ö³§³ÌÐò\Ë«can°å¿¨³ö³§³ÌÐò\boot\exp_car_boot_v1.0 #
#                    .02_IP110\Project\EWARMv5\STM3210C-EVAL\Obj\can2_bus.o   #
#                    E:\°å¿¨³ö³§³ÌÐò\Ë«can°å¿¨³ö³§³ÌÐò\boot\exp_car_boot_v1.0 #
#                    .02_IP110\Project\EWARMv5\STM3210C-EVAL\Obj\core_cm3.o   #
#                    E:\°å¿¨³ö³§³ÌÐò\Ë«can°å¿¨³ö³§³ÌÐò\boot\exp_car_boot_v1.0 #
#                    .02_IP110\Project\EWARMv5\STM3210C-EVAL\Obj\dhcp.o       #
#                    E:\°å¿¨³ö³§³ÌÐò\Ë«can°å¿¨³ö³§³ÌÐò\boot\exp_car_boot_v1.0 #
#                    .02_IP110\Project\EWARMv5\STM3210C-EVAL\Obj\err.o        #
#                    E:\°å¿¨³ö³§³ÌÐò\Ë«can°å¿¨³ö³§³ÌÐò\boot\exp_car_boot_v1.0 #
#                    .02_IP110\Project\EWARMv5\STM3210C-EVAL\Obj\etharp.o     #
#                    E:\°å¿¨³ö³§³ÌÐò\Ë«can°å¿¨³ö³§³ÌÐò\boot\exp_car_boot_v1.0 #
#                    .02_IP110\Project\EWARMv5\STM3210C-EVAL\Obj\ethernetif.o #
#                     E:\°å¿¨³ö³§³ÌÐò\Ë«can°å¿¨³ö³§³ÌÐò\boot\exp_car_boot_v1. #
#                    0.02_IP110\Project\EWARMv5\STM3210C-EVAL\Obj\fun.o       #
#                    E:\°å¿¨³ö³§³ÌÐò\Ë«can°å¿¨³ö³§³ÌÐò\boot\exp_car_boot_v1.0 #
#                    .02_IP110\Project\EWARMv5\STM3210C-EVAL\Obj\icmp.o       #
#                    E:\°å¿¨³ö³§³ÌÐò\Ë«can°å¿¨³ö³§³ÌÐò\boot\exp_car_boot_v1.0 #
#                    .02_IP110\Project\EWARMv5\STM3210C-EVAL\Obj\igmp.o       #
#                    E:\°å¿¨³ö³§³ÌÐò\Ë«can°å¿¨³ö³§³ÌÐò\boot\exp_car_boot_v1.0 #
#                    .02_IP110\Project\EWARMv5\STM3210C-EVAL\Obj\inet.o       #
#                    E:\°å¿¨³ö³§³ÌÐò\Ë«can°å¿¨³ö³§³ÌÐò\boot\exp_car_boot_v1.0 #
#                    .02_IP110\Project\EWARMv5\STM3210C-EVAL\Obj\inet_chksum. #
#                    o E:\°å¿¨³ö³§³ÌÐò\Ë«can°å¿¨³ö³§³ÌÐò\boot\exp_car_boot_v1 #
#                    .0.02_IP110\Project\EWARMv5\STM3210C-EVAL\Obj\init.o     #
#                    E:\°å¿¨³ö³§³ÌÐò\Ë«can°å¿¨³ö³§³ÌÐò\boot\exp_car_boot_v1.0 #
#                    .02_IP110\Project\EWARMv5\STM3210C-EVAL\Obj\ip.o         #
#                    E:\°å¿¨³ö³§³ÌÐò\Ë«can°å¿¨³ö³§³ÌÐò\boot\exp_car_boot_v1.0 #
#                    .02_IP110\Project\EWARMv5\STM3210C-EVAL\Obj\ip_addr.o    #
#                    E:\°å¿¨³ö³§³ÌÐò\Ë«can°å¿¨³ö³§³ÌÐò\boot\exp_car_boot_v1.0 #
#                    .02_IP110\Project\EWARMv5\STM3210C-EVAL\Obj\ip_frag.o    #
#                    E:\°å¿¨³ö³§³ÌÐò\Ë«can°å¿¨³ö³§³ÌÐò\boot\exp_car_boot_v1.0 #
#                    .02_IP110\Project\EWARMv5\STM3210C-EVAL\Obj\main.o       #
#                    E:\°å¿¨³ö³§³ÌÐò\Ë«can°å¿¨³ö³§³ÌÐò\boot\exp_car_boot_v1.0 #
#                    .02_IP110\Project\EWARMv5\STM3210C-EVAL\Obj\mem.o        #
#                    E:\°å¿¨³ö³§³ÌÐò\Ë«can°å¿¨³ö³§³ÌÐò\boot\exp_car_boot_v1.0 #
#                    .02_IP110\Project\EWARMv5\STM3210C-EVAL\Obj\memp.o       #
#                    E:\°å¿¨³ö³§³ÌÐò\Ë«can°å¿¨³ö³§³ÌÐò\boot\exp_car_boot_v1.0 #
#                    .02_IP110\Project\EWARMv5\STM3210C-EVAL\Obj\misc.o       #
#                    E:\°å¿¨³ö³§³ÌÐò\Ë«can°å¿¨³ö³§³ÌÐò\boot\exp_car_boot_v1.0 #
#                    .02_IP110\Project\EWARMv5\STM3210C-EVAL\Obj\netbuf.o     #
#                    E:\°å¿¨³ö³§³ÌÐò\Ë«can°å¿¨³ö³§³ÌÐò\boot\exp_car_boot_v1.0 #
#                    .02_IP110\Project\EWARMv5\STM3210C-EVAL\Obj\netconf.o    #
#                    E:\°å¿¨³ö³§³ÌÐò\Ë«can°å¿¨³ö³§³ÌÐò\boot\exp_car_boot_v1.0 #
#                    .02_IP110\Project\EWARMv5\STM3210C-EVAL\Obj\netdb.o      #
#                    E:\°å¿¨³ö³§³ÌÐò\Ë«can°å¿¨³ö³§³ÌÐò\boot\exp_car_boot_v1.0 #
#                    .02_IP110\Project\EWARMv5\STM3210C-EVAL\Obj\netif.o      #
#                    E:\°å¿¨³ö³§³ÌÐò\Ë«can°å¿¨³ö³§³ÌÐò\boot\exp_car_boot_v1.0 #
#                    .02_IP110\Project\EWARMv5\STM3210C-EVAL\Obj\netifapi.o   #
#                    E:\°å¿¨³ö³§³ÌÐò\Ë«can°å¿¨³ö³§³ÌÐò\boot\exp_car_boot_v1.0 #
#                    .02_IP110\Project\EWARMv5\STM3210C-EVAL\Obj\pbuf.o       #
#                    E:\°å¿¨³ö³§³ÌÐò\Ë«can°å¿¨³ö³§³ÌÐò\boot\exp_car_boot_v1.0 #
#                    .02_IP110\Project\EWARMv5\STM3210C-EVAL\Obj\raw.o        #
#                    E:\°å¿¨³ö³§³ÌÐò\Ë«can°å¿¨³ö³§³ÌÐò\boot\exp_car_boot_v1.0 #
#                    .02_IP110\Project\EWARMv5\STM3210C-EVAL\Obj\startup_stm3 #
#                    2f10x_cl.o E:\°å¿¨³ö³§³ÌÐò\Ë«can°å¿¨³ö³§³ÌÐò\boot\exp_ca #
#                    r_boot_v1.0.02_IP110\Project\EWARMv5\STM3210C-EVAL\Obj\s #
#                    tats.o E:\°å¿¨³ö³§³ÌÐò\Ë«can°å¿¨³ö³§³ÌÐò\boot\exp_car_bo #
#                    ot_v1.0.02_IP110\Project\EWARMv5\STM3210C-EVAL\Obj\stm32 #
#                    _eth.o E:\°å¿¨³ö³§³ÌÐò\Ë«can°å¿¨³ö³§³ÌÐò\boot\exp_car_bo #
#                    ot_v1.0.02_IP110\Project\EWARMv5\STM3210C-EVAL\Obj\stm32 #
#                    f107.o E:\°å¿¨³ö³§³ÌÐò\Ë«can°å¿¨³ö³§³ÌÐò\boot\exp_car_bo #
#                    ot_v1.0.02_IP110\Project\EWARMv5\STM3210C-EVAL\Obj\stm32 #
#                    f10x_adc.o E:\°å¿¨³ö³§³ÌÐò\Ë«can°å¿¨³ö³§³ÌÐò\boot\exp_ca #
#                    r_boot_v1.0.02_IP110\Project\EWARMv5\STM3210C-EVAL\Obj\s #
#                    tm32f10x_bkp.o E:\°å¿¨³ö³§³ÌÐò\Ë«can°å¿¨³ö³§³ÌÐò\boot\ex #
#                    p_car_boot_v1.0.02_IP110\Project\EWARMv5\STM3210C-EVAL\O #
#                    bj\stm32f10x_can.o E:\°å¿¨³ö³§³ÌÐò\Ë«can°å¿¨³ö³§³ÌÐò\boo #
#                    t\exp_car_boot_v1.0.02_IP110\Project\EWARMv5\STM3210C-EV #
#                    AL\Obj\stm32f10x_dma.o E:\°å¿¨³ö³§³ÌÐò\Ë«can°å¿¨³ö³§³ÌÐò #
#                    \boot\exp_car_boot_v1.0.02_IP110\Project\EWARMv5\STM3210 #
#                    C-EVAL\Obj\stm32f10x_exti.o                              #
#                    E:\°å¿¨³ö³§³ÌÐò\Ë«can°å¿¨³ö³§³ÌÐò\boot\exp_car_boot_v1.0 #
#                    .02_IP110\Project\EWARMv5\STM3210C-EVAL\Obj\stm32f10x_fl #
#                    ash.o E:\°å¿¨³ö³§³ÌÐò\Ë«can°å¿¨³ö³§³ÌÐò\boot\exp_car_boo #
#                    t_v1.0.02_IP110\Project\EWARMv5\STM3210C-EVAL\Obj\stm32f #
#                    10x_gpio.o E:\°å¿¨³ö³§³ÌÐò\Ë«can°å¿¨³ö³§³ÌÐò\boot\exp_ca #
#                    r_boot_v1.0.02_IP110\Project\EWARMv5\STM3210C-EVAL\Obj\s #
#                    tm32f10x_i2c.o E:\°å¿¨³ö³§³ÌÐò\Ë«can°å¿¨³ö³§³ÌÐò\boot\ex #
#                    p_car_boot_v1.0.02_IP110\Project\EWARMv5\STM3210C-EVAL\O #
#                    bj\stm32f10x_it.o E:\°å¿¨³ö³§³ÌÐò\Ë«can°å¿¨³ö³§³ÌÐò\boot #
#                    \exp_car_boot_v1.0.02_IP110\Project\EWARMv5\STM3210C-EVA #
#                    L\Obj\stm32f10x_pwr.o E:\°å¿¨³ö³§³ÌÐò\Ë«can°å¿¨³ö³§³ÌÐò\ #
#                    boot\exp_car_boot_v1.0.02_IP110\Project\EWARMv5\STM3210C #
#                    -EVAL\Obj\stm32f10x_rcc.o E:\°å¿¨³ö³§³ÌÐò\Ë«can°å¿¨³ö³§³ #
#                    ÌÐò\boot\exp_car_boot_v1.0.02_IP110\Project\EWARMv5\STM3 #
#                    210C-EVAL\Obj\stm32f10x_rtc.o                            #
#                    E:\°å¿¨³ö³§³ÌÐò\Ë«can°å¿¨³ö³§³ÌÐò\boot\exp_car_boot_v1.0 #
#                    .02_IP110\Project\EWARMv5\STM3210C-EVAL\Obj\stm32f10x_sp #
#                    i.o E:\°å¿¨³ö³§³ÌÐò\Ë«can°å¿¨³ö³§³ÌÐò\boot\exp_car_boot_ #
#                    v1.0.02_IP110\Project\EWARMv5\STM3210C-EVAL\Obj\stm32f10 #
#                    x_tim.o E:\°å¿¨³ö³§³ÌÐò\Ë«can°å¿¨³ö³§³ÌÐò\boot\exp_car_b #
#                    oot_v1.0.02_IP110\Project\EWARMv5\STM3210C-EVAL\Obj\stm3 #
#                    2f10x_usart.o E:\°å¿¨³ö³§³ÌÐò\Ë«can°å¿¨³ö³§³ÌÐò\boot\exp #
#                    _car_boot_v1.0.02_IP110\Project\EWARMv5\STM3210C-EVAL\Ob #
#                    j\sys.o E:\°å¿¨³ö³§³ÌÐò\Ë«can°å¿¨³ö³§³ÌÐò\boot\exp_car_b #
#                    oot_v1.0.02_IP110\Project\EWARMv5\STM3210C-EVAL\Obj\syst #
#                    em_stm32f10x.o E:\°å¿¨³ö³§³ÌÐò\Ë«can°å¿¨³ö³§³ÌÐò\boot\ex #
#                    p_car_boot_v1.0.02_IP110\Project\EWARMv5\STM3210C-EVAL\O #
#                    bj\tcp.o E:\°å¿¨³ö³§³ÌÐò\Ë«can°å¿¨³ö³§³ÌÐò\boot\exp_car_ #
#                    boot_v1.0.02_IP110\Project\EWARMv5\STM3210C-EVAL\Obj\tcp #
#                    _in.o E:\°å¿¨³ö³§³ÌÐò\Ë«can°å¿¨³ö³§³ÌÐò\boot\exp_car_boo #
#                    t_v1.0.02_IP110\Project\EWARMv5\STM3210C-EVAL\Obj\tcp_ou #
#                    t.o E:\°å¿¨³ö³§³ÌÐò\Ë«can°å¿¨³ö³§³ÌÐò\boot\exp_car_boot_ #
#                    v1.0.02_IP110\Project\EWARMv5\STM3210C-EVAL\Obj\tcpip.o  #
#                    E:\°å¿¨³ö³§³ÌÐò\Ë«can°å¿¨³ö³§³ÌÐò\boot\exp_car_boot_v1.0 #
#                    .02_IP110\Project\EWARMv5\STM3210C-EVAL\Obj\tftpserver.o #
#                     E:\°å¿¨³ö³§³ÌÐò\Ë«can°å¿¨³ö³§³ÌÐò\boot\exp_car_boot_v1. #
#                    0.02_IP110\Project\EWARMv5\STM3210C-EVAL\Obj\tftputils.o #
#                     E:\°å¿¨³ö³§³ÌÐò\Ë«can°å¿¨³ö³§³ÌÐò\boot\exp_car_boot_v1. #
#                    0.02_IP110\Project\EWARMv5\STM3210C-EVAL\Obj\udp.o       #
#                    E:\°å¿¨³ö³§³ÌÐò\Ë«can°å¿¨³ö³§³ÌÐò\boot\exp_car_boot_v1.0 #
#                    .02_IP110\Project\EWARMv5\STM3210C-EVAL\Obj\udpclient.o  #
#                    -o E:\°å¿¨³ö³§³ÌÐò\Ë«can°å¿¨³ö³§³ÌÐò\boot\exp_car_boot_v #
#                    1.0.02_IP110\Project\EWARMv5\STM3210C-EVAL\Exe\STM3210C- #
#                    EVAL.out --map E:\°å¿¨³ö³§³ÌÐò\Ë«can°å¿¨³ö³§³ÌÐò\boot\ex #
#                    p_car_boot_v1.0.02_IP110\Project\EWARMv5\STM3210C-EVAL\L #
#                    ist\STM3210C-EVAL.map --config                           #
#                    E:\°å¿¨³ö³§³ÌÐò\Ë«can°å¿¨³ö³§³ÌÐò\boot\exp_car_boot_v1.0 #
#                    .02_IP110\Project\EWARMv5\STM32F10x_FLASH.icf            #
#                    --semihosting --entry __iar_program_start                #
#                                                                             #
#                                                                             #
###############################################################################

*******************************************************************************
*** RUNTIME MODEL ATTRIBUTES
***

CppFlavor       = *
__SystemLibrary = DLib


*******************************************************************************
*** PLACEMENT SUMMARY
***

"A1":  place at 0x08000000 { ro section .intvec };
"P1":  place in [from 0x08000000 to 0x0803ffff] { ro };
"P2":  place in [from 0x20000000 to 0x2000ffff] { rw, block CSTACK, block HEAP };

  Section             Kind        Address    Size  Object
  -------             ----        -------    ----  ------
"A1":                                       0x150
  .intvec             ro code  0x08000000   0x150  startup_stm32f10x_cl.o [1]
                             - 0x08000150   0x150

"P1":                                      0x9e90
  .text               ro code  0x08000150  0x12ec  dlmalloc.o [3]
  .text               ro code  0x0800143c     0xa  abort.o [3]
  .text               ro code  0x08001446    0x2e  copy_init3.o [5]
  .text               ro code  0x08001474    0x28  xgetmemchunk.o [3]
  .text               ro code  0x0800149c    0xb4  xsyslock.o [3]
  .text               ro code  0x08001550    0x14  exit.o [6]
  .text               ro code  0x08001564     0x4  xmtx2.o [3]
  .text               ro code  0x08001568     0x8  xmtx.o [3]
  .text               ro code  0x08001570    0x30  iarttio.o [6]
  .text               ro code  0x080015a0     0x8  XShttio.o [3]
  .text               ro code  0x080015a8  0x1076  xprintffull.o [3]
  .text               ro code  0x0800261e    0x20  xmbtowc.o [3]
  .text               ro code  0x0800263e    0x22  zero_init3.o [5]
  .text               ro code  0x08002660    0x16  strchr.o [5]
  .text               ro code  0x08002676     0xa  xsprout.o [3]
  .text               ro code  0x08002680    0x58  memchr.o [5]
  .text               ro code  0x080026d8    0x36  strlen.o [5]
  .text               ro code  0x0800270e     0xa  xmbcurmax.o [3]
  .text               ro code  0x08002718    0x1a  xwctomb.o [3]
  .text               ro code  0x08002734    0x70  ABImemcpy.o [5]
  .text               ro code  0x080027a4   0x12e  I64DivMod.o [5]
  .text               ro code  0x080028d4    0x44  xdnorm.o [4]
  .text               ro code  0x08002918    0x2e  DblCmpLe.o [4]
  .text               ro code  0x08002948    0x2e  DblCmpGe.o [4]
  .text               ro code  0x08002978   0x118  xdscale.o [4]
  .text               ro code  0x08002a90    0x56  DblToI32.o [4]
  .text               ro code  0x08002ae8    0x2e  I32ToDbl.o [4]
  .text               ro code  0x08002b18   0x17e  DblSub.o [4]
  .text               ro code  0x08002c98   0x1a2  DblMul.o [4]
  .text               ro code  0x08002e3c   0x246  DblDiv.o [4]
  .text               ro code  0x08003084    0x6c  localeconv.o [3]
  .text               ro code  0x080030f0     0xe  div.o [3]
  .text               ro code  0x08003100    0x14  setlocale.o [3]
  .text               ro code  0x08003114    0x5c  xencoding_sb.o [3]
  .text               ro code  0x08003170     0x2  I64DivZer.o [5]
  .text               ro code  0x08003174    0xe6  DblAdd.o [4]
  .text               ro code  0x0800325a     0x2  xtls.o [3]
  .text               ro code  0x0800325c   0xb34  etharp.o [1]
  .text               ro code  0x08003d90   0x614  pbuf.o [1]
  .text               ro code  0x080043a4    0xe8  memp.o [1]
  .text               ro code  0x0800448c    0x3e  inet.o [1]
  .text               ro code  0x080044cc    0x58  ip_addr.o [1]
  .text               ro code  0x08004524    0x16  tftputils.o [1]
  .text               ro code  0x0800453c   0x380  ip.o [1]
  .text               ro code  0x080048bc   0x3e0  mem.o [1]
  .text               ro code  0x08004c9c   0x104  netif.o [1]
  .text               ro code  0x08004da0   0x678  ip_frag.o [1]
  .text               ro code  0x08005418    0x88  raw.o [1]
  .text               ro code  0x080054a0   0x498  udp.o [1]
  .text               ro code  0x08005938   0x232  icmp.o [1]
  .text               ro code  0x08005b6a    0x16  udp.o [1]
  .text               ro code  0x08005b80    0xd6  inet_chksum.o [1]
  .text               ro code  0x08005c58    0x66  ABImemset.o [5]
  .text               ro code  0x08005cc0   0x858  can1_bus.o [1]
  .text               ro code  0x08006518   0x5fc  stm32f10x_can.o [1]
  .text               ro code  0x08006b14   0x6ac  can2_bus.o [1]
  .text               ro code  0x080071c0   0x206  stm32f10x_flash.o [1]
  .text               ro code  0x080073c8    0x34  sprintf.o [3]
  .text               ro code  0x080073fc   0x418  udpclient.o [1]
  .text               ro code  0x08007814   0x388  main.o [1]
  .text               ro code  0x08007b9c   0x270  stm32f10x_rcc.o [1]
  .text               ro code  0x08007e0c   0x5ae  stm32f107.o [1]
  .text               ro code  0x080083bc   0x1f0  fun.o [1]
  .text               ro code  0x080085ac   0x1fc  stm32f10x_gpio.o [1]
  .text               ro code  0x080087a8     0x8  core_cm3.o [1]
  .text               ro code  0x080087b0    0xb8  netconf.o [1]
  .text               ro code  0x08008868   0x6d8  tftpserver.o [1]
  .text               ro code  0x08008f40   0x19c  system_stm32f10x.o [1]
  .text               ro code  0x080090dc     0xc  stm32f10x_pwr.o [1]
  .text               ro code  0x080090e8   0x752  stm32_eth.o [1]
  .text               ro code  0x0800983c    0x9c  misc.o [1]
  .text               ro code  0x080098d8   0x300  ethernetif.o [1]
  .text               ro code  0x08009bd8    0x8c  tftputils.o [1]
  .text               ro code  0x08009c64    0x44  strcpy.o [5]
  .text               ro code  0x08009ca8    0xb8  stm32f10x_it.o [1]
  .text               ro code  0x08009d60    0x3a  stm32f10x_tim.o [1]
  .text               ro code  0x08009d9c    0x2c  data_init3.o [5]
  .iar.init_table     const    0x08009dc8    0x24  - Linker created -
  .text               ro code  0x08009dec    0x16  cmain.o [5]
  .text               ro code  0x08009e02     0x4  low_level_init.o [3]
  .text               ro code  0x08009e06     0x8  exit.o [3]
  .text               ro code  0x08009e10     0xe  cexit.o [5]
  .text               ro code  0x08009e1e     0xc  cstartup_M.o [5]
  .text               ro code  0x08009e2a     0x4  startup_stm32f10x_cl.o [1]
  .text               ro code  0x08009e2e     0x4  startup_stm32f10x_cl.o [1]
  .text               ro code  0x08009e32     0x4  startup_stm32f10x_cl.o [1]
  .text               ro code  0x08009e36     0x4  startup_stm32f10x_cl.o [1]
  .text               ro code  0x08009e3a     0x4  startup_stm32f10x_cl.o [1]
  .text               ro code  0x08009e3e     0x4  startup_stm32f10x_cl.o [1]
  .text               ro code  0x08009e42     0x4  startup_stm32f10x_cl.o [1]
  .text               ro code  0x08009e46     0x4  startup_stm32f10x_cl.o [1]
  .text               ro code  0x08009e4a     0x4  startup_stm32f10x_cl.o [1]
  .text               ro code  0x08009e4e     0x4  startup_stm32f10x_cl.o [1]
  .text               ro code  0x08009e52     0x4  startup_stm32f10x_cl.o [1]
  .text               ro code  0x08009e56     0x4  startup_stm32f10x_cl.o [1]
  .text               ro code  0x08009e5a     0x4  startup_stm32f10x_cl.o [1]
  .text               ro code  0x08009e5e     0x4  startup_stm32f10x_cl.o [1]
  .text               ro code  0x08009e62     0x4  startup_stm32f10x_cl.o [1]
  .text               ro code  0x08009e66     0x4  startup_stm32f10x_cl.o [1]
  .text               ro code  0x08009e6a     0x4  startup_stm32f10x_cl.o [1]
  .text               ro code  0x08009e6e     0x4  startup_stm32f10x_cl.o [1]
  .text               ro code  0x08009e72     0x4  startup_stm32f10x_cl.o [1]
  .text               ro code  0x08009e76     0x4  startup_stm32f10x_cl.o [1]
  .text               ro code  0x08009e7a     0x4  startup_stm32f10x_cl.o [1]
  .text               ro code  0x08009e7e     0x4  startup_stm32f10x_cl.o [1]
  .text               ro code  0x08009e82     0x4  startup_stm32f10x_cl.o [1]
  .text               ro code  0x08009e86     0x4  startup_stm32f10x_cl.o [1]
  .text               ro code  0x08009e8a     0x4  startup_stm32f10x_cl.o [1]
  .text               ro code  0x08009e8e     0x4  startup_stm32f10x_cl.o [1]
  .text               ro code  0x08009e92     0x4  startup_stm32f10x_cl.o [1]
  .text               ro code  0x08009e96     0x4  startup_stm32f10x_cl.o [1]
  .text               ro code  0x08009e9a     0x4  startup_stm32f10x_cl.o [1]
  .text               ro code  0x08009e9e     0x4  startup_stm32f10x_cl.o [1]
  .text               ro code  0x08009ea2     0x4  startup_stm32f10x_cl.o [1]
  .text               ro code  0x08009ea6     0x4  startup_stm32f10x_cl.o [1]
  .text               ro code  0x08009eaa     0x4  startup_stm32f10x_cl.o [1]
  .text               ro code  0x08009eae     0x4  startup_stm32f10x_cl.o [1]
  .text               ro code  0x08009eb2     0x4  startup_stm32f10x_cl.o [1]
  .text               ro code  0x08009eb6     0x4  startup_stm32f10x_cl.o [1]
  .text               ro code  0x08009eba     0x4  startup_stm32f10x_cl.o [1]
  .text               ro code  0x08009ebe     0x4  startup_stm32f10x_cl.o [1]
  .text               ro code  0x08009ec2     0x4  startup_stm32f10x_cl.o [1]
  .text               ro code  0x08009ec6     0x4  startup_stm32f10x_cl.o [1]
  .text               ro code  0x08009eca     0x4  startup_stm32f10x_cl.o [1]
  .text               ro code  0x08009ece     0x4  startup_stm32f10x_cl.o [1]
  .text               ro code  0x08009ed2     0x4  startup_stm32f10x_cl.o [1]
  .text               ro code  0x08009ed6     0x4  startup_stm32f10x_cl.o [1]
  .text               ro code  0x08009eda     0x4  startup_stm32f10x_cl.o [1]
  .text               ro code  0x08009ede     0x4  startup_stm32f10x_cl.o [1]
  .text               ro code  0x08009ee2     0x4  startup_stm32f10x_cl.o [1]
  .text               ro code  0x08009ee6     0x4  startup_stm32f10x_cl.o [1]
  .text               ro code  0x08009eea     0x4  startup_stm32f10x_cl.o [1]
  .text               ro code  0x08009eee     0x4  startup_stm32f10x_cl.o [1]
  .text               ro code  0x08009ef2     0x4  startup_stm32f10x_cl.o [1]
  .text               ro code  0x08009ef6     0x4  startup_stm32f10x_cl.o [1]
  .text               ro code  0x08009efa     0x4  startup_stm32f10x_cl.o [1]
  .text               ro code  0x08009efe     0x4  startup_stm32f10x_cl.o [1]
  .text               ro code  0x08009f02     0x4  startup_stm32f10x_cl.o [1]
  .text               ro code  0x08009f06     0x4  startup_stm32f10x_cl.o [1]
  .text               ro code  0x08009f0a     0x4  startup_stm32f10x_cl.o [1]
  .text               ro code  0x08009f0e     0x4  startup_stm32f10x_cl.o [1]
  .text               ro code  0x08009f12     0x4  startup_stm32f10x_cl.o [1]
  .text               ro code  0x08009f16     0x4  startup_stm32f10x_cl.o [1]
  .text               ro code  0x08009f1a     0x4  startup_stm32f10x_cl.o [1]
  .text               ro code  0x08009f1e     0x4  startup_stm32f10x_cl.o [1]
  .text               ro code  0x08009f22     0x4  startup_stm32f10x_cl.o [1]
  .text               ro code  0x08009f26     0x4  startup_stm32f10x_cl.o [1]
  .text               ro code  0x08009f2a     0x4  startup_stm32f10x_cl.o [1]
  .text               ro code  0x08009f2e     0x4  startup_stm32f10x_cl.o [1]
  .text               ro code  0x08009f32     0x4  startup_stm32f10x_cl.o [1]
  .text               ro code  0x08009f36     0x4  startup_stm32f10x_cl.o [1]
  .text               ro code  0x08009f3a     0x4  startup_stm32f10x_cl.o [1]
  .text               ro code  0x08009f3e     0x4  startup_stm32f10x_cl.o [1]
  .text               ro code  0x08009f44     0x0  cstart_clearlocks.o [5]
  Initializer bytes   ro data  0x08009f44    0x9c  <for P2 s0>
                             - 0x08009fe0  0x9e90

"P2", part 1 of 3:                           0x9c
  P2 s0                        0x20000000    0x9c  <Init block>
    __DLIB_PERTHREAD  inited   0x20000000    0x50  localeconv.o [3]
    .data             inited   0x20000050    0x24  tftpserver.o [1]
    .data             inited   0x20000074    0x10  stm32f10x_rcc.o [1]
    .data             inited   0x20000084     0x8  XShttio.o [3]
    .data             inited   0x2000008c     0x4  stm32f10x_rcc.o [1]
    .data             inited   0x20000090     0x4  tftpserver.o [1]
    .data             inited   0x20000094     0x2  main.o [1]
    .data             inited   0x20000096     0x2  tftpserver.o [1]
    .data             inited   0x20000098     0x1  tftpserver.o [1]
                             - 0x2000009c    0x9c

"P2", part 2 of 3:                         0xc92c
  .bss                zero     0x2000009c  0x5014  mem.o [1]
  .bss                zero     0x200050b0  0x3e9c  memp.o [1]
  .bss                zero     0x20008f4c  0x17c0  ethernetif.o [1]
  .bss                zero     0x2000a70c   0xbe0  ethernetif.o [1]
  .bss                zero     0x2000b2ec   0x5e0  ip_frag.o [1]
  .bss                zero     0x2000b8cc   0x3d4  can2_bus.o [1]
  .bss                zero     0x2000bca0   0x2bc  can1_bus.o [1]
  .bss                zero     0x2000bf5c   0x1d4  dlmalloc.o [3]
  .bss                zero     0x2000c130   0x1a8  udpclient.o [1]
  .bss                zero     0x2000c2d8   0x12c  can1_bus.o [1]
  .bss                zero     0x2000c404   0x12c  can1_bus.o [1]
  .bss                zero     0x2000c530    0xc8  etharp.o [1]
  .bss                zero     0x2000c5f8    0xc8  fun.o [1]
  .bss                zero     0x2000c6c0    0xc8  fun.o [1]
  __DLIB_PERTHREAD    zero     0x2000c788    0x74  setlocale.o [3]
  .bss                zero     0x2000c7fc    0x40  ethernetif.o [1]
  .bss                zero     0x2000c83c    0x38  xsyslock.o [3]
  .bss                zero     0x2000c874    0x30  netconf.o [1]
  .bss                zero     0x2000c8a4    0x20  ethernetif.o [1]
  .bss                zero     0x2000c8c4    0x18  memp.o [1]
  .bss                zero     0x2000c8dc    0x18  dlmalloc.o [3]
  .bss                zero     0x2000c8f4    0x10  fun.o [1]
  .bss                zero     0x2000c904     0xc  can1_bus.o [1]
  .bss                zero     0x2000c910     0xc  can2_bus.o [1]
  .bss                zero     0x2000c91c     0xc  fun.o [1]
  .bss                zero     0x2000c928     0x8  ethernetif.o [1]
  .bss                zero     0x2000c930     0x8  main.o [1]
  .bss                zero     0x2000c938     0x4  fun.o [1]
  .bss                zero     0x2000c93c     0x4  fun.o [1]
  .bss                zero     0x2000c940     0x4  ip.o [1]
  .bss                zero     0x2000c944     0x4  ip.o [1]
  .bss                zero     0x2000c948     0x4  ip_frag.o [1]
  .bss                zero     0x2000c94c     0x4  main.o [1]
  .bss                zero     0x2000c950     0x4  main.o [1]
  .bss                zero     0x2000c954     0x4  main.o [1]
  .bss                zero     0x2000c958     0x4  mem.o [1]
  .bss                zero     0x2000c95c     0x4  mem.o [1]
  .bss                zero     0x2000c960     0x4  mem.o [1]
  .bss                zero     0x2000c964     0x4  netconf.o [1]
  .bss                zero     0x2000c968     0x4  netif.o [1]
  .bss                zero     0x2000c96c     0x4  netif.o [1]
  .bss                zero     0x2000c970     0x4  raw.o [1]
  .bss                zero     0x2000c974     0x4  stm32_eth.o [1]
  .bss                zero     0x2000c978     0x4  stm32_eth.o [1]
  .bss                zero     0x2000c97c     0x4  stm32f107.o [1]
  .bss                zero     0x2000c980     0x4  tftpserver.o [1]
  .bss                zero     0x2000c984     0x4  tftpserver.o [1]
  .bss                zero     0x2000c988     0x4  tftpserver.o [1]
  .bss                zero     0x2000c98c     0x4  tftpserver.o [1]
  .bss                zero     0x2000c990     0x4  udp.o [1]
  .bss                zero     0x2000c994     0x4  xgetmemchunk.o [3]
  .bss                zero     0x2000c998     0x2  can1_bus.o [1]
  .bss                zero     0x2000c99a     0x2  can1_bus.o [1]
  .bss                zero     0x2000c99c     0x2  can1_bus.o [1]
  .bss                zero     0x2000c99e     0x2  can1_bus.o [1]
  .bss                zero     0x2000c9a0     0x2  can1_bus.o [1]
  .bss                zero     0x2000c9a2     0x2  can1_bus.o [1]
  .bss                zero     0x2000c9a4     0x2  can1_bus.o [1]
  .bss                zero     0x2000c9a6     0x2  can1_bus.o [1]
  .bss                zero     0x2000c9a8     0x2  can1_bus.o [1]
  .bss                zero     0x2000c9aa     0x2  can1_bus.o [1]
  .bss                zero     0x2000c9ac     0x2  fun.o [1]
  .bss                zero     0x2000c9ae     0x2  ip.o [1]
  .bss                zero     0x2000c9b0     0x2  ip_frag.o [1]
  .bss                zero     0x2000c9b2     0x2  main.o [1]
  .bss                zero     0x2000c9b4     0x2  main.o [1]
  .bss                zero     0x2000c9b6     0x1  can1_bus.o [1]
  .bss                zero     0x2000c9b7     0x1  can1_bus.o [1]
  .bss                zero     0x2000c9b8     0x1  can1_bus.o [1]
  .bss                zero     0x2000c9b9     0x1  can1_bus.o [1]
  .bss                zero     0x2000c9ba     0x1  can1_bus.o [1]
  .bss                zero     0x2000c9bb     0x1  can1_bus.o [1]
  .bss                zero     0x2000c9bc     0x1  can1_bus.o [1]
  .bss                zero     0x2000c9bd     0x1  etharp.o [1]
  .bss                zero     0x2000c9be     0x1  fun.o [1]
  .bss                zero     0x2000c9bf     0x1  main.o [1]
  .bss                zero     0x2000c9c0     0x1  mem.o [1]
  .bss                zero     0x2000c9c1     0x1  netif.o [1]
  .bss                zero     0x2000c9c2     0x1  tftpserver.o [1]
                             - 0x2000c9c3  0xc927

"P2", part 3 of 3:                         0x1100
  CSTACK                       0x2000c9c8  0x1000  <Block>
    CSTACK            uninit   0x2000c9c8  0x1000  <Block tail>
  HEAP                         0x2000d9c8   0x100  <Block>
    HEAP              uninit   0x2000d9c8   0x100  <Block tail>
                             - 0x2000dac8  0x1100


*******************************************************************************
*** INIT TABLE
***

          Address     Size
          -------     ----
Zero (__iar_zero_init3)
    1 destination range, total size 0xc927:
          0x2000009c  0xc927

Copy (__iar_copy_init3)
    1 source range, total size 0x9c (101% of destination):
          0x08009f44    0x9c
    1 destination range, total size 0x99:
          0x20000000    0x99


*******************************************************************************
*** MODULE SUMMARY
***

    Module                  ro code  ro data  rw data
    ------                  -------  -------  -------
E:\°å¿¨³ö³§³ÌÐò\Ë«can°å¿¨³ö³§³ÌÐò\boot\exp_car_boot_v1.0.02_IP110\Project\EWARMv5\STM3210C-EVAL\Obj: [1]
    can1_bus.o                2 136             1 339
    can2_bus.o                1 708               992
    core_cm3.o                    8
    etharp.o                  2 868               201
    ethernetif.o                768             9 224
    fun.o                       496               439
    icmp.o                      562
    inet.o                       62
    inet_chksum.o               214
    ip.o                        896                10
    ip_addr.o                    88
    ip_frag.o                 1 656             1 510
    main.o                      904        2       27
    mem.o                       992            20 513
    memp.o                      232            16 052
    misc.o                      156
    netconf.o                   184                52
    netif.o                     260                 9
    pbuf.o                    1 556
    raw.o                       136                 4
    startup_stm32f10x_cl.o      616
    stm32_eth.o               1 874                 8
    stm32f107.o               1 454                 4
    stm32f10x_can.o           1 532
    stm32f10x_flash.o           518
    stm32f10x_gpio.o            508
    stm32f10x_it.o              184
    stm32f10x_pwr.o              12
    stm32f10x_rcc.o             624       20       20
    stm32f10x_tim.o              58
    system_stm32f10x.o          412
    tftpserver.o              1 752       43       60
    tftputils.o                 162
    udp.o                     1 198                 4
    udpclient.o               1 048               424
    -------------------------------------------------
    Total:                   27 834       65   50 892

command line: [2]
    -------------------------------------------------
    Total:

dl7M_tlf.a: [3]
    XShttio.o                     8        8        8
    abort.o                      10
    div.o                        14
    dlmalloc.o                4 844               492
    exit.o                        8
    localeconv.o                108       80       80
    low_level_init.o              4
    setlocale.o                  20               116
    sprintf.o                    52
    xencoding_sb.o               92
    xgetmemchunk.o               40                 4
    xmbcurmax.o                  10
    xmbtowc.o                    32
    xmtx.o                        8
    xmtx2.o                       4
    xprintffull.o             4 214
    xsprout.o                    10
    xsyslock.o                  180                56
    xtls.o                        2
    xwctomb.o                    26
    -------------------------------------------------
    Total:                    9 686       88      756

m7M_tl.a: [4]
    DblAdd.o                    230
    DblCmpGe.o                   46
    DblCmpLe.o                   46
    DblDiv.o                    582
    DblMul.o                    418
    DblSub.o                    382
    DblToI32.o                   86
    I32ToDbl.o                   46
    xdnorm.o                     68
    xdscale.o                   280
    -------------------------------------------------
    Total:                    2 184

rt7M_tl.a: [5]
    ABImemcpy.o                 112
    ABImemset.o                 102
    I64DivMod.o                 302
    I64DivZer.o                   2
    cexit.o                      14
    cmain.o                      22
    copy_init3.o                 46
    cstart_clearlocks.o
    cstartup_M.o                 12
    data_init3.o                 44
    memchr.o                     88
    strchr.o                     22
    strcpy.o                     68
    strlen.o                     54
    zero_init3.o                 34
    -------------------------------------------------
    Total:                      922

shb_l.a: [6]
    exit.o                       20
    iarttio.o                    48
    -------------------------------------------------
    Total:                       68

    Gaps                         42                 3
    Linker created                        39    4 352
-----------------------------------------------------
    Grand Total:             40 736      192   56 003


*******************************************************************************
*** ENTRY LIST
***

Entry                      Address    Size  Type      Object
-----                      -------    ----  ----      ------
?main                   0x08009ded          Code  Gb  cmain.o [5]
ADC1_2_IRQHandler       0x08009e97          Code  Wk  startup_stm32f10x_cl.o [1]
ADCPrescTable           0x2000008c     0x4  Data  Lc  stm32f10x_rcc.o [1]
APBAHBPrescTable        0x20000074    0x10  Data  Lc  stm32f10x_rcc.o [1]
ARPTimer                0x2000c964     0x4  Data  Gb  netconf.o [1]
AddSendMsgToQueue       0x08008431    0x10  Code  Gb  fun.o [1]
BusFault_Handler        0x08009caf     0x2  Code  Gb  stm32f10x_it.o [1]
CAN1_RX0_IRQHandler     0x08009d01    0x2c  Code  Gb  stm32f10x_it.o [1]
CAN1_RX1_IRQHandler     0x08009ea3          Code  Wk  startup_stm32f10x_cl.o [1]
CAN1_SCE_IRQHandler     0x08009ea7          Code  Wk  startup_stm32f10x_cl.o [1]
CAN1_TX_IRQHandler      0x08009e9b          Code  Wk  startup_stm32f10x_cl.o [1]
CAN2_RX0_IRQHandler     0x08009f33          Code  Wk  startup_stm32f10x_cl.o [1]
CAN2_RX1_IRQHandler     0x08009d2d    0x2c  Code  Gb  stm32f10x_it.o [1]
CAN2_SCE_IRQHandler     0x08009f3b          Code  Wk  startup_stm32f10x_cl.o [1]
CAN2_TX_IRQHandler      0x08009f2f          Code  Wk  startup_stm32f10x_cl.o [1]
CAN_ClearITPendingBit   0x08006a7d    0x98  Code  Gb  stm32f10x_can.o [1]
CAN_Configuration       0x08007e6b   0x14a  Code  Gb  stm32f107.o [1]
CAN_DeInit              0x08006519    0x36  Code  Gb  stm32f10x_can.o [1]
CAN_FIFORelease         0x08006971    0x12  Code  Gb  stm32f10x_can.o [1]
CAN_FilterInit          0x08006667    0xe2  Code  Gb  stm32f10x_can.o [1]
CAN_ITConfig            0x08006795    0x16  Code  Gb  stm32f10x_can.o [1]
CAN_Init                0x0800654f   0x118  Code  Gb  stm32f10x_can.o [1]
CAN_Receive             0x08006983    0xfa  Code  Gb  stm32f10x_can.o [1]
CAN_StructInit          0x08006749    0x2e  Code  Gb  stm32f10x_can.o [1]
CAN_Transmit            0x080067ab   0x126  Code  Gb  stm32f10x_can.o [1]
CAN_TransmitStatus      0x080068d1    0xa0  Code  Gb  stm32f10x_can.o [1]
CSTACK$$Base            0x2000c9c8           --   Gb  - Linker created -
CSTACK$$Limit           0x2000d9c8           --   Gb  - Linker created -
DMA1_Channel1_IRQHandler
                        0x08009e7b          Code  Wk  startup_stm32f10x_cl.o [1]
DMA1_Channel2_IRQHandler
                        0x08009e7f          Code  Wk  startup_stm32f10x_cl.o [1]
DMA1_Channel3_IRQHandler
                        0x08009e83          Code  Wk  startup_stm32f10x_cl.o [1]
DMA1_Channel4_IRQHandler
                        0x08009e87          Code  Wk  startup_stm32f10x_cl.o [1]
DMA1_Channel5_IRQHandler
                        0x08009e8b          Code  Wk  startup_stm32f10x_cl.o [1]
DMA1_Channel6_IRQHandler
                        0x08009e8f          Code  Wk  startup_stm32f10x_cl.o [1]
DMA1_Channel7_IRQHandler
                        0x08009e93          Code  Wk  startup_stm32f10x_cl.o [1]
DMA2_Channel1_IRQHandler
                        0x08009f13          Code  Wk  startup_stm32f10x_cl.o [1]
DMA2_Channel2_IRQHandler
                        0x08009f17          Code  Wk  startup_stm32f10x_cl.o [1]
DMA2_Channel3_IRQHandler
                        0x08009f1b          Code  Wk  startup_stm32f10x_cl.o [1]
DMA2_Channel4_IRQHandler
                        0x08009f1f          Code  Wk  startup_stm32f10x_cl.o [1]
DMA2_Channel5_IRQHandler
                        0x08009cdf     0x2  Code  Gb  stm32f10x_it.o [1]
DMARxDescToGet          0x2000c978     0x4  Data  Gb  stm32_eth.o [1]
DMARxDscrTab            0x2000c7fc    0x40  Data  Gb  ethernetif.o [1]
DMATxDescToSet          0x2000c974     0x4  Data  Gb  stm32_eth.o [1]
DMATxDscrTab            0x2000c8a4    0x20  Data  Gb  ethernetif.o [1]
DebugMon_Handler        0x08009cb5     0x2  Code  Gb  stm32f10x_it.o [1]
ETH_DMAClearITPendingBit
                        0x08009729     0x8  Code  Gb  stm32_eth.o [1]
ETH_DMAITConfig         0x08009799    0x26  Code  Gb  stm32_eth.o [1]
ETH_DMAReceptionCmd     0x0800976d    0x22  Code  Gb  stm32_eth.o [1]
ETH_DMARxDescChainInit  0x0800968d    0x4e  Code  Gb  stm32_eth.o [1]
ETH_DMARxDescReceiveITConfig
                        0x080096e3    0x1a  Code  Gb  stm32_eth.o [1]
ETH_DMATransmissionCmd  0x0800973f    0x22  Code  Gb  stm32_eth.o [1]
ETH_DMATxDescChainInit  0x0800963d    0x48  Code  Gb  stm32_eth.o [1]
ETH_DMATxDescChecksumInsertionConfig
                        0x08009685     0x8  Code  Gb  stm32_eth.o [1]
ETH_DeInit              0x080090e9    0x18  Code  Gb  stm32_eth.o [1]
ETH_Delay               0x0800981d    0x1e  Code  Lc  stm32_eth.o [1]
ETH_FlushTransmitFIFO   0x08009731     0xe  Code  Gb  stm32_eth.o [1]
ETH_GetCurrentTxBuffer  0x08009b9f     0x8  Code  Gb  ethernetif.o [1]
ETH_GetDMARxDescFrameLength
                        0x080096db     0x8  Code  Gb  stm32_eth.o [1]
ETH_GetRxPktSize        0x080094ab    0x2a  Code  Gb  stm32_eth.o [1]
ETH_GetSoftwareResetStatus
                        0x0800970f    0x1a  Code  Gb  stm32_eth.o [1]
ETH_IRQHandler          0x08009ce1    0x20  Code  Gb  stm32f10x_it.o [1]
ETH_Init                0x08009101   0x2a0  Code  Gb  stm32_eth.o [1]
ETH_MACAddressConfig    0x0800960b    0x32  Code  Gb  stm32_eth.o [1]
ETH_MACReceptionCmd     0x080095e1    0x2a  Code  Gb  stm32_eth.o [1]
ETH_MACTransmissionCmd  0x080095b7    0x2a  Code  Gb  stm32_eth.o [1]
ETH_ReadPHYRegister     0x080094d5    0x70  Code  Gb  stm32_eth.o [1]
ETH_RxPkt_ChainMode     0x08009ab5    0x8c  Code  Gb  ethernetif.o [1]
ETH_SoftwareReset       0x080096fd    0x12  Code  Gb  stm32_eth.o [1]
ETH_Start               0x0800948b    0x20  Code  Gb  stm32_eth.o [1]
ETH_StructInit          0x080093a1    0xea  Code  Gb  stm32_eth.o [1]
ETH_TxPkt_ChainMode     0x08009b41    0x5e  Code  Gb  ethernetif.o [1]
ETH_WKUP_IRQHandler     0x08009f2b          Code  Wk  startup_stm32f10x_cl.o [1]
ETH_WritePHYRegister    0x08009545    0x72  Code  Gb  stm32_eth.o [1]
EXTI0_IRQHandler        0x08009e67          Code  Wk  startup_stm32f10x_cl.o [1]
EXTI15_10_IRQHandler    0x08009eef          Code  Wk  startup_stm32f10x_cl.o [1]
EXTI1_IRQHandler        0x08009e6b          Code  Wk  startup_stm32f10x_cl.o [1]
EXTI2_IRQHandler        0x08009e6f          Code  Wk  startup_stm32f10x_cl.o [1]
EXTI3_IRQHandler        0x08009e73          Code  Wk  startup_stm32f10x_cl.o [1]
EXTI4_IRQHandler        0x08009e77          Code  Wk  startup_stm32f10x_cl.o [1]
EXTI9_5_IRQHandler      0x08009eab          Code  Wk  startup_stm32f10x_cl.o [1]
EraseCounter            0x2000c980     0x4  Data  Gb  tftpserver.o [1]
EthInitStatus           0x2000c97c     0x4  Data  Gb  stm32f107.o [1]
Ethernet_Configuration  0x0800800b    0x9e  Code  Gb  stm32f107.o [1]
FLASHStatus             0x20000098     0x1  Data  Gb  tftpserver.o [1]
FLASH_ClearFlag         0x08007321     0x8  Code  Gb  stm32f10x_flash.o [1]
FLASH_ErasePage         0x080071e9    0x64  Code  Gb  stm32f10x_flash.o [1]
FLASH_GetStatus         0x08007329    0x34  Code  Gb  stm32f10x_flash.o [1]
FLASH_IRQHandler        0x08009e5f          Code  Wk  startup_stm32f10x_cl.o [1]
FLASH_Lock              0x080071d7    0x12  Code  Gb  stm32f10x_flash.o [1]
FLASH_PagesMask         0x08008395    0x26  Code  Gb  stm32f107.o [1]
FLASH_ProgramHalfWord   0x080072d3    0x4e  Code  Gb  stm32f10x_flash.o [1]
FLASH_ProgramWord       0x0800724d    0x86  Code  Gb  stm32f10x_flash.o [1]
FLASH_Unlock            0x080071c1    0x16  Code  Gb  stm32f10x_flash.o [1]
FLASH_WaitForLastOperation
                        0x08007379    0x32  Code  Gb  stm32f10x_flash.o [1]
FlashDestination        0x20000090     0x4  Data  Gb  tftpserver.o [1]
GPIO_Configuration      0x080080a9   0x236  Code  Gb  stm32f107.o [1]
GPIO_ETH_MediaInterfaceConfig
                        0x08008797     0x6  Code  Gb  stm32f10x_gpio.o [1]
GPIO_Init               0x080085ad   0x138  Code  Gb  stm32f10x_gpio.o [1]
GPIO_PinRemapConfig     0x08008725    0x72  Code  Gb  stm32f10x_gpio.o [1]
GPIO_ReadInputDataBit   0x080086e5    0x1a  Code  Gb  stm32f10x_gpio.o [1]
GPIO_ReadOutputDataBit  0x080086ff    0x1a  Code  Gb  stm32f10x_gpio.o [1]
GPIO_ResetBits          0x0800871f     0x6  Code  Gb  stm32f10x_gpio.o [1]
GPIO_SetBits            0x08008719     0x6  Code  Gb  stm32f10x_gpio.o [1]
GetSendMsgFromQueue     0x08008441     0xa  Code  Gb  fun.o [1]
HEAP$$Base              0x2000d9c8           --   Gb  - Linker created -
HEAP$$Limit             0x2000dac8           --   Gb  - Linker created -
HardFault_Handler       0x08009cab     0x2  Code  Gb  stm32f10x_it.o [1]
I2C1_ER_IRQHandler      0x08009ecf          Code  Wk  startup_stm32f10x_cl.o [1]
I2C1_EV_IRQHandler      0x08009ecb          Code  Wk  startup_stm32f10x_cl.o [1]
I2C2_ER_IRQHandler      0x08009ed7          Code  Wk  startup_stm32f10x_cl.o [1]
I2C2_EV_IRQHandler      0x08009ed3          Code  Wk  startup_stm32f10x_cl.o [1]
InitSendMsgQueue        0x08008425     0xc  Code  Gb  fun.o [1]
JumpAddress             0x2000c954     0x4  Data  Gb  main.o [1]
Jump_To_Application     0x2000c950     0x4  Data  Gb  main.o [1]
Jump_To_User_App        0x08007969    0x30  Code  Gb  main.o [1]
LocalTime               0x2000c94c     0x4  Data  Gb  main.o [1]
Local_station           0x2000c9bf     0x1  Data  Gb  main.o [1]
LwIP_Init               0x080087b1    0x78  Code  Gb  netconf.o [1]
LwIP_Periodic_Handle    0x08008833    0x1e  Code  Gb  netconf.o [1]
LwIP_Pkt_Handle         0x08008829     0xa  Code  Gb  netconf.o [1]
MACaddr                 0x2000c928     0x8  Data  Gb  ethernetif.o [1]
MemManage_Handler       0x08009cad     0x2  Code  Gb  stm32f10x_it.o [1]
NMI_Handler             0x08009ca9     0x2  Code  Gb  stm32f10x_it.o [1]
NVIC_Configuration      0x08008325    0x70  Code  Gb  stm32f107.o [1]
NVIC_Init               0x08009847    0x68  Code  Gb  misc.o [1]
NVIC_PriorityGroupConfig
                        0x0800983d     0xa  Code  Gb  misc.o [1]
NVIC_SetPriority        0x08007e0d    0x26  Code  Lc  stm32f107.o [1]
NVIC_SetVectorTable     0x080098af     0xc  Code  Gb  misc.o [1]
NbrOfPage               0x2000c984     0x4  Data  Gb  tftpserver.o [1]
OTG_FS_IRQHandler       0x08009f3f          Code  Wk  startup_stm32f10x_cl.o [1]
OTG_FS_WKUP_IRQHandler  0x08009ef7          Code  Wk  startup_stm32f10x_cl.o [1]
PVD_IRQHandler          0x08009e53          Code  Wk  startup_stm32f10x_cl.o [1]
PWR_BackupAccessCmd     0x080090dd     0x8  Code  Gb  stm32f10x_pwr.o [1]
PageSize                0x20000096     0x2  Data  Gb  tftpserver.o [1]
PendSV_Handler          0x08009cb7     0x2  Code  Gb  stm32f10x_it.o [1]
Programm_Completed_Success
                        0x2000c9c2     0x1  Data  Gb  tftpserver.o [1]
RCC_AHBPeriphClockCmd   0x08007d3d    0x1e  Code  Gb  stm32f10x_rcc.o [1]
RCC_AHBPeriphResetCmd   0x08007d97    0x1e  Code  Gb  stm32f10x_rcc.o [1]
RCC_APB1PeriphClockCmd  0x08007d79    0x1e  Code  Gb  stm32f10x_rcc.o [1]
RCC_APB1PeriphResetCmd  0x08007db5    0x1e  Code  Gb  stm32f10x_rcc.o [1]
RCC_APB2PeriphClockCmd  0x08007d5b    0x1e  Code  Gb  stm32f10x_rcc.o [1]
RCC_GetClocksFreq       0x08007b9d   0x1a0  Code  Gb  stm32f10x_rcc.o [1]
RCC_IRQHandler          0x08009e63          Code  Wk  startup_stm32f10x_cl.o [1]
RCC_MCOConfig           0x08007dd3     0x6  Code  Gb  stm32f10x_rcc.o [1]
RTCAlarm_IRQHandler     0x08009ef3          Code  Wk  startup_stm32f10x_cl.o [1]
RTC_IRQHandler          0x08009e5b          Code  Wk  startup_stm32f10x_cl.o [1]
RamSource               0x2000c988     0x4  Data  Gb  tftpserver.o [1]
Region$$Table$$Base     0x08009dc8           --   Gb  - Linker created -
Region$$Table$$Limit    0x08009dec           --   Gb  - Linker created -
Rx_Buff                 0x20008f4c  0x17c0  Data  Gb  ethernetif.o [1]
SPI1_IRQHandler         0x08009edb          Code  Wk  startup_stm32f10x_cl.o [1]
SPI2_IRQHandler         0x08009edf          Code  Wk  startup_stm32f10x_cl.o [1]
SPI3_IRQHandler         0x08009eff          Code  Wk  startup_stm32f10x_cl.o [1]
SVC_Handler             0x08009cb3     0x2  Code  Gb  stm32f10x_it.o [1]
SetSysClock             0x08008f9f     0x8  Code  Lc  system_stm32f10x.o [1]
SetSysClockTo72         0x08008fa7   0x110  Code  Lc  system_stm32f10x.o [1]
Set_MAC_Address         0x080098d9    0x32  Code  Gb  ethernetif.o [1]
SlaveApp_UpdateFlag     0x2000c9bc     0x1  Data  Gb  can1_bus.o [1]
SysTick_Config          0x08007e33    0x38  Code  Lc  stm32f107.o [1]
SysTick_Handler         0x08009cb9     0x8  Code  Gb  stm32f10x_it.o [1]
SystemInit              0x08008f41    0x5e  Code  Gb  system_stm32f10x.o [1]
System_Setup            0x08007fb5    0x56  Code  Gb  stm32f107.o [1]
TAMPER_IRQHandler       0x08009e57          Code  Wk  startup_stm32f10x_cl.o [1]
TFTP_IAP                0x080079e7    0xe0  Code  Gb  main.o [1]
TIM1_BRK_IRQHandler     0x08009eaf          Code  Wk  startup_stm32f10x_cl.o [1]
TIM1_CC_IRQHandler      0x08009ebb          Code  Wk  startup_stm32f10x_cl.o [1]
TIM1_TRG_COM_IRQHandler
                        0x08009eb7          Code  Wk  startup_stm32f10x_cl.o [1]
TIM1_UP_IRQHandler      0x08009eb3          Code  Wk  startup_stm32f10x_cl.o [1]
TIM2_IRQHandler         0x08009cc1    0x1c  Code  Gb  stm32f10x_it.o [1]
TIM3_IRQHandler         0x08009ec3          Code  Wk  startup_stm32f10x_cl.o [1]
TIM4_IRQHandler         0x08009ec7          Code  Wk  startup_stm32f10x_cl.o [1]
TIM5_IRQHandler         0x08009efb          Code  Wk  startup_stm32f10x_cl.o [1]
TIM6_IRQHandler         0x08009f0b          Code  Wk  startup_stm32f10x_cl.o [1]
TIM7_IRQHandler         0x08009f0f          Code  Wk  startup_stm32f10x_cl.o [1]
TIM_ClearITPendingBit   0x08009d93     0x8  Code  Gb  stm32f10x_tim.o [1]
TIM_GetITStatus         0x08009d61    0x32  Code  Gb  stm32f10x_tim.o [1]
Time_Update             0x08007ac7    0x60  Code  Gb  main.o [1]
Tx_Buff                 0x2000a70c   0xbe0  Data  Gb  ethernetif.o [1]
UART4_IRQHandler        0x08009cdd     0x2  Code  Gb  stm32f10x_it.o [1]
UART5_IRQHandler        0x08009f07          Code  Wk  startup_stm32f10x_cl.o [1]
UDPpcb                  0x2000c98c     0x4  Data  Gb  tftpserver.o [1]
USART1_IRQHandler       0x08009ee3          Code  Wk  startup_stm32f10x_cl.o [1]
USART2_IRQHandler       0x08009ee7          Code  Wk  startup_stm32f10x_cl.o [1]
USART3_IRQHandler       0x08009eeb          Code  Wk  startup_stm32f10x_cl.o [1]
UsageFault_Handler      0x08009cb1     0x2  Code  Gb  stm32f10x_it.o [1]
WWDG_IRQHandler         0x08009e4f          Code  Wk  startup_stm32f10x_cl.o [1]
_EncodingSb_Mbtowc      0x08003131    0x30  Code  Gb  xencoding_sb.o [3]
_EncodingSb_Wctomb      0x08003115    0x1c  Code  Gb  xencoding_sb.o [3]
_GenldDefault           0x08002371   0x258  Code  Lc  xprintffull.o [3]
_IsdstStr               0x2000c78c     0x4  Data  Gb  setlocale.o [3]
_LdtobDefault           0x08001f59   0x3fe  Code  Lc  xprintffull.o [3]
_LitobDefault           0x08001e3b   0x11e  Code  Lc  xprintffull.o [3]
_LocaleEncoding         0x08003101     0xe  Code  Gb  setlocale.o [3]
_LocaleReturnString     0x2000c7ac    0x50  Data  Lc  setlocale.o [3]
_Locale_Profile         0x2000c790    0x1c  Data  Gb  setlocale.o [3]
_Locale_lconv           0x20000000    0x50  Data  Gb  localeconv.o [3]
_Mbtowc                 0x0800261f    0x20  Code  Gb  xmbtowc.o [3]
_Printf                 0x080015a9   0x5d0  Code  Gb  xprintffull.o [3]
_PutcharsDefault        0x080025c9    0x32  Code  Lc  xprintffull.o [3]
_PutstrDefault          0x08001b79   0x2c2  Code  Lc  xprintffull.o [3]
_SProut                 0x08002677     0xa  Code  Gb  xsprout.o [3]
_TzoneStr               0x2000c788     0x4  Data  Gb  setlocale.o [3]
_Wctomb                 0x08002719    0x1a  Code  Gb  xwctomb.o [3]
__aeabi_cdcmple         0x08002919          Code  Gb  DblCmpLe.o [4]
__aeabi_cdrcmple        0x08002949          Code  Gb  DblCmpGe.o [4]
__aeabi_d2iz            0x08002a91          Code  Gb  DblToI32.o [4]
__aeabi_d2uiz           0x08002abd          Code  Gb  DblToI32.o [4]
__aeabi_dadd            0x08003175          Code  Gb  DblAdd.o [4]
__aeabi_ddiv            0x08002e3d          Code  Gb  DblDiv.o [4]
__aeabi_dmul            0x08002c99          Code  Gb  DblMul.o [4]
__aeabi_dsub            0x08002b19          Code  Gb  DblSub.o [4]
__aeabi_i2d             0x08002ae9          Code  Gb  I32ToDbl.o [4]
__aeabi_ldiv0           0x08003171          Code  Gb  I64DivZer.o [5]
__aeabi_ldivmod         0x080027a5          Code  Gb  I64DivMod.o [5]
__aeabi_memcpy          0x08002735          Code  Gb  ABImemcpy.o [5]
__aeabi_memcpy4         0x0800274f          Code  Gb  ABImemcpy.o [5]
__aeabi_memcpy8         0x0800274f          Code  Gb  ABImemcpy.o [5]
__aeabi_memset          0x08005c59          Code  Gb  ABImemset.o [5]
__aeabi_ui2d            0x08002afd          Code  Gb  I32ToDbl.o [4]
__aeabi_uldivmod        0x080027b9          Code  Gb  I64DivMod.o [5]
__cexit_clearlocks      0x08009e13          Code  Gb  cexit.o [5]
__cmain                 0x08009ded          Code  Gb  cmain.o [5]
__cstart_clearlocks     0x08009f45          Code  Gb  cstart_clearlocks.o [5]
__data_GetMemChunk      0x08001475    0x28  Code  Gb  xgetmemchunk.o [3]
__exit                  0x08001551    0x14  Code  Gb  exit.o [6]
__iar_Dnorm             0x080028d5    0x44  Code  Gb  xdnorm.o [4]
__iar_Dscale            0x08002979   0x118  Code  Gb  xdscale.o [4]
__iar_Locale_lconv_init
                        0x08003085    0x3a  Code  Gb  localeconv.o [3]
__iar_Locksyslock       0x080014df    0x56  Code  Gb  xsyslock.o [3]
__iar_Mbcurmax          0x0800270f     0xa  Code  Gb  xmbcurmax.o [3]
__iar_Memchr            0x08002681          Code  Gb  memchr.o [5]
__iar_Memset            0x08005c59          Code  Gb  ABImemset.o [5]
__iar_Memset_word       0x08005c61          Code  Gb  ABImemset.o [5]
__iar_Strchr            0x08002661          Code  Gb  strchr.o [5]
__iar_Unlocksyslock     0x08001535    0x16  Code  Gb  xsyslock.o [3]
__iar_clearlocks        0x0800149d    0x42  Code  Gb  xsyslock.o [3]
__iar_close_ttio        0x08001571    0x2e  Code  Gb  iarttio.o [6]
__iar_copy_init3        0x08001447    0x2e  Code  Gb  copy_init3.o [5]
__iar_d2uiz             0x08002ac7          Code  Gb  DblToI32.o [4]
__iar_dadd              0x08003187          Code  Gb  DblAdd.o [4]
__iar_data_init3        0x08009d9d    0x2c  Code  Gb  data_init3.o [5]
__iar_dlfree            0x08000fb7   0x47e  Code  Gb  dlmalloc.o [3]
__iar_dlib_perthread_access
                        0x0800325b     0x2  Code  Gb  xtls.o [3]
__iar_dlmalloc          0x08000d67   0x250  Code  Gb  dlmalloc.o [3]
__iar_dsub              0x08002b2b          Code  Gb  DblSub.o [4]
__iar_dsubStart         0x08002b3d          Code  Gb  DblSub.o [4]
__iar_file_Mtxdst       0x08001567     0x2  Code  Gb  xmtx2.o [3]
__iar_file_Mtxinit      0x08001565     0x2  Code  Gb  xmtx2.o [3]
__iar_lookup_ttioh      0x080015a1     0x8  Code  Gb  XShttio.o [3]
__iar_program_start     0x08009e1f          Code  Gb  cstartup_M.o [5]
__iar_system_Mtxdst     0x0800156b     0x2  Code  Gb  xmtx.o [3]
__iar_system_Mtxinit    0x08001569     0x2  Code  Gb  xmtx.o [3]
__iar_system_Mtxlock    0x0800156d     0x2  Code  Gb  xmtx.o [3]
__iar_system_Mtxunlock  0x0800156f     0x2  Code  Gb  xmtx.o [3]
__iar_ttio_handles      0x20000084     0x8  Data  Lc  XShttio.o [3]
__iar_ui2d              0x08002aff          Code  Gb  I32ToDbl.o [4]
__iar_zero_init3        0x0800263f    0x22  Code  Gb  zero_init3.o [5]
__low_level_init        0x08009e03     0x4  Code  Gb  low_level_init.o [3]
__set_MSP               0x080087a9     0x8  Code  Gb  core_cm3.o [1]
__vector_table          0x08000000          Data  Gb  startup_stm32f10x_cl.o [1]
_call_main              0x08009df9          Code  Gb  cmain.o [5]
_exit                   0x08009e11          Code  Gb  cexit.o [5]
_gm_                    0x2000bf5c   0x1d4  Data  Lc  dlmalloc.o [3]
_main                   0x08009dff          Code  Gb  cmain.o [5]
abort                   0x0800143d     0xa  Code  Gb  abort.o [3]
add_segment             0x080004c7   0x1f2  Code  Lc  dlmalloc.o [3]
app_flag                0x2000c9b4     0x2  Data  Gb  main.o [1]
arp_table               0x2000c530    0xc8  Data  Lc  etharp.o [1]
buf                     0x2000b2ec   0x5e0  Data  Lc  ip_frag.o [1]
can_bus_reply_process   0x0800710b    0x68  Code  Gb  can2_bus.o [1]
can_recv_buff           0x2000c404   0x12c  Data  Gb  can1_bus.o [1]
can_recv_len            0x2000c9a4     0x2  Data  Gb  can1_bus.o [1]
can_recv_timeout        0x08005fdd    0x90  Code  Gb  can1_bus.o [1]
can_resend_cnt          0x2000c9b8     0x1  Data  Gb  can1_bus.o [1]
can_resend_delay        0x2000c9a0     0x2  Data  Gb  can1_bus.o [1]
can_send_buff           0x2000c2d8   0x12c  Data  Gb  can1_bus.o [1]
can_send_flag           0x2000c9b9     0x1  Data  Gb  can1_bus.o [1]
can_send_tot            0x2000c9a2     0x2  Data  Gb  can1_bus.o [1]
canframequeue_one       0x2000c904     0xc  Data  Gb  can1_bus.o [1]
canframequeue_two       0x2000c910     0xc  Data  Gb  can2_bus.o [1]
canframequeuebuff_one   0x2000bca0   0x2bc  Data  Gb  can1_bus.o [1]
canframequeuebuff_two   0x2000b8cc   0x3d4  Data  Gb  can2_bus.o [1]
creat_udp_connect_process
                        0x080073fd    0x96  Code  Gb  udpclient.o [1]
cur_tran_station        0x2000c9b6     0x1  Data  Gb  can1_bus.o [1]
current_header          0x2000c944     0x4  Data  Lc  ip.o [1]
current_netif           0x2000c940     0x4  Data  Lc  ip.o [1]
delay                   0x080073ab    0x1c  Code  Lc  stm32f10x_flash.o [1]
div                     0x080030f1     0xe  Code  Gb  div.o [3]
enQueue                 0x080083cb    0x32  Code  Gb  fun.o [1]
erase_user_app_flash    0x0800703d    0x42  Code  Gb  can2_bus.o [1]
etharp_arp_input        0x0800379b   0x180  Code  Gb  etharp.o [1]
etharp_cached_entry     0x2000c9bd     0x1  Data  Lc  etharp.o [1]
etharp_ip_input         0x0800376b    0x30  Code  Gb  etharp.o [1]
etharp_output           0x0800391b    0xce  Code  Gb  etharp.o [1]
etharp_query            0x080039e9   0x1f0  Code  Gb  etharp.o [1]
etharp_raw              0x08003be5   0x106  Code  Lc  etharp.o [1]
etharp_request          0x08003ceb    0x2e  Code  Gb  etharp.o [1]
etharp_send_ip          0x080035d7    0x64  Code  Lc  etharp.o [1]
etharp_tmr              0x08003285    0xbc  Code  Gb  etharp.o [1]
ethbroadcast            0x08003d80     0x8  Data  Gb  etharp.o [1]
ethernet_input          0x08003d19    0x68  Code  Gb  etharp.o [1]
ethernetif_init         0x08009a77    0x3e  Code  Gb  ethernetif.o [1]
ethernetif_input        0x08009a41    0x36  Code  Gb  ethernetif.o [1]
ethzero                 0x08003d88     0x8  Data  Gb  etharp.o [1]
exit                    0x08009e07     0x8  Code  Gb  exit.o [3]
file_mtx                0x2000c840    0x20  Data  Lc  xsyslock.o [3]
file_tot_bytes          0x2000c938     0x4  Data  Gb  fun.o [1]
find_entry              0x08003341   0x296  Code  Lc  etharp.o [1]
free_etharp_q           0x0800325d    0x28  Code  Lc  etharp.o [1]
g_SegBytes              0x2000c9a6     0x2  Data  Gb  can1_bus.o [1]
g_SegNum                0x2000c9bb     0x1  Data  Gb  can1_bus.o [1]
g_SegPolo               0x2000c9ba     0x1  Data  Gb  can1_bus.o [1]
g_download_status       0x2000c9be     0x1  Data  Gb  fun.o [1]
get_ip_para_process     0x08007765    0x64  Code  Gb  udpclient.o [1]
host_send_boot_cmd      0x08006161    0x70  Code  Gb  can1_bus.o [1]
host_send_erase_flash_cmd
                        0x080061d1    0x70  Code  Gb  can1_bus.o [1]
host_send_tran_data_cmd
                        0x08006241   0x10e  Code  Gb  can1_bus.o [1]
host_transmit_process   0x0800634f    0xb2  Code  Gb  can1_bus.o [1]
htonl                   0x080044a7    0x18  Code  Gb  inet.o [1]
htons                   0x0800448d     0xc  Code  Gb  inet.o [1]
icmp_dest_unreach       0x08005ac9    0x14  Code  Gb  icmp.o [1]
icmp_input              0x08005939   0x190  Code  Gb  icmp.o [1]
icmp_send_response      0x08005af1    0x7a  Code  Lc  icmp.o [1]
icmp_time_exceeded      0x08005add    0x14  Code  Gb  icmp.o [1]
inet_chksum             0x08005be5    0x16  Code  Gb  inet_chksum.o [1]
inet_chksum_pbuf        0x08005bfb    0x5c  Code  Gb  inet_chksum.o [1]
initQueue               0x080083bd     0xe  Code  Gb  fun.o [1]
init_mparams            0x08000151    0x34  Code  Lc  dlmalloc.o [3]
init_top                0x08000185    0x3c  Code  Lc  dlmalloc.o [3]
ip_addr_any             0x08004520     0x4  Data  Gb  ip_addr.o [1]
ip_addr_isbroadcast     0x080044cd    0x54  Code  Gb  ip_addr.o [1]
ip_frag                 0x08005291   0x17a  Code  Gb  ip_frag.o [1]
ip_input                0x0800458b   0x1a6  Code  Gb  ip.o [1]
ip_output               0x08004879    0x44  Code  Gb  ip.o [1]
ip_output_if            0x08004731   0x132  Code  Gb  ip.o [1]
ip_reass                0x080050d1   0x1c0  Code  Gb  ip_frag.o [1]
ip_reass_chain_frag_into_datagram_and_validate
                        0x08004f49   0x188  Code  Lc  ip_frag.o [1]
ip_reass_dequeue_datagram
                        0x08004f1f    0x2a  Code  Lc  ip_frag.o [1]
ip_reass_enqueue_new_datagram
                        0x08004ec5    0x5a  Code  Lc  ip_frag.o [1]
ip_reass_free_complete_datagram
                        0x08004da1    0x9a  Code  Lc  ip_frag.o [1]
ip_reass_pbufcount      0x2000c9b0     0x2  Data  Lc  ip_frag.o [1]
ip_reass_remove_oldest_datagram
                        0x08004e3b    0x8a  Code  Lc  ip_frag.o [1]
ip_route                0x0800453d    0x4e  Code  Gb  ip.o [1]
lfree                   0x2000c960     0x4  Data  Lc  mem.o [1]
loadctrl                0x2000c93c     0x4  Data  Gb  fun.o [1]
localeconv              0x080030bf    0x16  Code  Gb  localeconv.o [3]
low_level_init          0x0800990b    0x92  Code  Lc  ethernetif.o [1]
low_level_input         0x080099d5    0x6c  Code  Lc  ethernetif.o [1]
low_level_output        0x0800999d    0x38  Code  Lc  ethernetif.o [1]
lwip_standard_chksum    0x08005b81    0x64  Code  Lc  inet_chksum.o [1]
mac_addr                0x2000c930     0x8  Data  Gb  main.o [1]
main                    0x08007999    0x4e  Code  Gb  main.o [1]
master_can_bus_frame_receive
                        0x0800606d    0xf4  Code  Gb  can1_bus.o [1]
mem_free                0x080049b7    0x52  Code  Gb  mem.o [1]
mem_init                0x08004961    0x56  Code  Gb  mem.o [1]
mem_malloc              0x08004b5d   0x12a  Code  Gb  mem.o [1]
mem_realloc             0x08004a09   0x154  Code  Gb  mem.o [1]
mem_sem                 0x2000c9c0     0x1  Data  Lc  mem.o [1]
memchr                  0x08002681          Code  Gb  memchr.o [5]
memcpy                  0x08004525    0x16  Code  Gb  tftputils.o [1]
memp_free               0x08004443    0x2a  Code  Gb  memp.o [1]
memp_init               0x080043a5    0x6a  Code  Gb  memp.o [1]
memp_malloc             0x0800440f    0x34  Code  Gb  memp.o [1]
memp_memory             0x200050b0  0x3e9c  Data  Lc  memp.o [1]
memp_num                0x08004480     0xc  Data  Lc  memp.o [1]
memp_sizes              0x08004474     0xc  Data  Lc  memp.o [1]
memp_tab                0x2000c8c4    0x18  Data  Lc  memp.o [1]
memset                  0x08005b6b    0x16  Code  Gb  udp.o [1]
mparams                 0x2000c8dc    0x18  Data  Lc  dlmalloc.o [3]
msgQueueBuff            0x2000c5f8    0xc8  Data  Gb  fun.o [1]
msgSendQueue            0x2000c91c     0xc  Data  Gb  fun.o [1]
mtx                     0x2000c860    0x14  Data  Lc  xsyslock.o [3]
netif                   0x2000c874    0x30  Data  Gb  netconf.o [1]
netif_add               0x08004c9d    0x6c  Code  Gb  netif.o [1]
netif_default           0x2000c96c     0x4  Data  Gb  netif.o [1]
netif_is_up             0x08004d97     0xa  Code  Gb  netif.o [1]
netif_list              0x2000c968     0x4  Data  Gb  netif.o [1]
netif_set_addr          0x08004d09    0x24  Code  Gb  netif.o [1]
netif_set_default       0x08004d57     0x6  Code  Gb  netif.o [1]
netif_set_gw            0x08004d3b     0xe  Code  Gb  netif.o [1]
netif_set_ipaddr        0x08004d2d     0xe  Code  Gb  netif.o [1]
netif_set_netmask       0x08004d49     0xe  Code  Gb  netif.o [1]
netif_set_up            0x08004d6d    0x2a  Code  Gb  netif.o [1]
ntohl                   0x080044bf     0xc  Code  Gb  inet.o [1]
ntohs                   0x08004499     0xe  Code  Gb  inet.o [1]
outQueue                0x080083fd    0x28  Code  Gb  fun.o [1]
pbuf_alloc              0x08003d91   0x1f0  Code  Gb  pbuf.o [1]
pbuf_cat                0x08004159    0x38  Code  Gb  pbuf.o [1]
pbuf_chain              0x08004191    0x16  Code  Gb  pbuf.o [1]
pbuf_clen               0x08004139    0x14  Code  Gb  pbuf.o [1]
pbuf_copy               0x080041a7    0xce  Code  Gb  pbuf.o [1]
pbuf_copy_partial       0x08004275    0xa2  Code  Gb  pbuf.o [1]
pbuf_free               0x080040ad    0x8c  Code  Gb  pbuf.o [1]
pbuf_header             0x0800400f    0x9e  Code  Gb  pbuf.o [1]
pbuf_realloc            0x08003f81    0x8e  Code  Gb  pbuf.o [1]
pbuf_ref                0x0800414d     0xc  Code  Gb  pbuf.o [1]
pbuf_take               0x08004317    0x8e  Code  Gb  pbuf.o [1]
pk_cur_num              0x2000c99a     0x2  Data  Gb  can1_bus.o [1]
pk_len                  0x2000c99c     0x2  Data  Gb  can1_bus.o [1]
pk_tot_num              0x2000c998     0x2  Data  Gb  can1_bus.o [1]
plug_holes              0x080048bd    0xa4  Code  Lc  mem.o [1]
prepend_alloc           0x080001c1   0x306  Code  Lc  dlmalloc.o [3]
print_msg_buff          0x2000c6c0    0xc8  Data  Gb  fun.o [1]
print_msg_len           0x2000c9ac     0x2  Data  Gb  fun.o [1]
process_tftp_request    0x08008c89   0x16a  Code  Gb  tftpserver.o [1]
program_user_app_flash  0x0800707f    0x8c  Code  Gb  can2_bus.o [1]
ram                     0x2000c958     0x4  Data  Lc  mem.o [1]
ram_end                 0x2000c95c     0x4  Data  Lc  mem.o [1]
ram_heap                0x2000009c  0x5014  Data  Lc  mem.o [1]
raw_input               0x08005419    0x82  Code  Gb  raw.o [1]
raw_pcbs                0x2000c970     0x4  Data  Lc  raw.o [1]
readFlash_uint          0x08007815    0x26  Code  Gb  main.o [1]
read_mac_addrs          0x0800783b    0x4c  Code  Gb  main.o [1]
reassdatagrams          0x2000c948     0x4  Data  Lc  ip_frag.o [1]
recv_callback_tftp      0x08008df3    0x24  Code  Gb  tftpserver.o [1]
recv_message_from_sever
                        0x080084f1    0x24  Code  Gb  fun.o [1]
recv_msg_check          0x0800844b    0x5c  Code  Gb  fun.o [1]
recv_msg_process        0x080084a7    0x4a  Code  Gb  fun.o [1]
reply_recv_msg          0x08008515    0x3a  Code  Gb  fun.o [1]
rrq_recv_callback       0x08008a27    0x5a  Code  Gb  tftpserver.o [1]
sDLoad_Para_Data        0x2000c8f4    0x10  Data  Gb  fun.o [1]
scan_local_station      0x08007887    0xa6  Code  Gb  main.o [1]
sec_flag                0x2000c9b2     0x2  Data  Gb  main.o [1]
sec_process             0x0800792d    0x3c  Code  Gb  main.o [1]
sec_reg                 0x20000094     0x2  Data  Gb  main.o [1]
send_message_to_sever   0x0800854f    0x3c  Code  Gb  fun.o [1]
slave_recv_frame_check  0x08006e0d    0x66  Code  Gb  can2_bus.o [1]
slave_recv_pk_num       0x2000c9aa     0x2  Data  Gb  can1_bus.o [1]
slave_recv_process      0x08006e73    0xa8  Code  Gb  can2_bus.o [1]
slave_reply_boot_cmd    0x08006f1b    0x5e  Code  Gb  can2_bus.o [1]
slave_reply_cmd         0x2000c9a8     0x2  Data  Gb  can1_bus.o [1]
slave_reply_erase_flash_cmd
                        0x08006f79    0x5e  Code  Gb  can2_bus.o [1]
slave_reply_tran_data_cmd
                        0x08006fd7    0x66  Code  Gb  can2_bus.o [1]
sprintf                 0x080073c9    0x34  Code  Gb  sprintf.o [3]
strchr                  0x08002661          Code  Gb  strchr.o [5]
strcpy                  0x08009c65          Code  Gb  strcpy.o [5]
strlen                  0x080026d9          Code  Gb  strlen.o [5]
sum_check               0x08005fbb    0x22  Code  Gb  can1_bus.o [1]
sys_alloc               0x080006b9   0x140  Code  Lc  dlmalloc.o [3]
syslock_o               0x2000c83c     0x4  Data  Lc  xsyslock.o [3]
tcp_client_list         0x2000c130   0x1a8  Data  Gb  udpclient.o [1]
tftp_cleanup_rd         0x080089ab    0x2a  Code  Gb  tftpserver.o [1]
tftp_cleanup_wr         0x080089d5    0x2a  Code  Gb  tftpserver.o [1]
tftp_construct_error_message
                        0x080088bd    0x3c  Code  Gb  tftpserver.o [1]
tftp_decode_op          0x08009bd9     0x4  Code  Gb  tftputils.o [1]
tftp_errorcode_string   0x20000050    0x24  Data  Gb  tftpserver.o [1]
tftp_extract_block      0x08009bdd     0xc  Code  Gb  tftputils.o [1]
tftp_extract_filename   0x08009be9    0x10  Code  Gb  tftputils.o [1]
tftp_is_correct_ack     0x08009c3f    0x26  Code  Gb  tftputils.o [1]
tftp_process_read       0x08008a81    0x74  Code  Gb  tftpserver.o [1]
tftp_process_write      0x08008c17    0x72  Code  Gb  tftpserver.o [1]
tftp_send_ack_packet    0x0800897b    0x30  Code  Gb  tftpserver.o [1]
tftp_send_data_packet   0x0800892d    0x4e  Code  Gb  tftpserver.o [1]
tftp_send_error_message
                        0x080088f9    0x34  Code  Gb  tftpserver.o [1]
tftp_send_message       0x08008869    0x54  Code  Gb  tftpserver.o [1]
tftp_send_next_block    0x080089ff    0x28  Code  Gb  tftpserver.o [1]
tftp_set_block          0x08009c19    0x12  Code  Gb  tftputils.o [1]
tftp_set_data_message   0x08009c2b    0x14  Code  Gb  tftputils.o [1]
tftp_set_errorcode      0x08009c01     0x8  Code  Gb  tftputils.o [1]
tftp_set_errormsg       0x08009c09    0x10  Code  Gb  tftputils.o [1]
tftp_set_opcode         0x08009bf9     0x8  Code  Gb  tftputils.o [1]
tftpd_init              0x08008e17    0x38  Code  Gb  tftpserver.o [1]
tmalloc_large           0x08000809   0x374  Code  Lc  dlmalloc.o [3]
tmalloc_small           0x08000b7d   0x1e4  Code  Lc  dlmalloc.o [3]
trans_flag              0x2000c9b7     0x1  Data  Gb  can1_bus.o [1]
trans_timeout           0x2000c99e     0x2  Data  Gb  can1_bus.o [1]
u8canbus_send_oneframe_one
                        0x08005d1d    0x9c  Code  Gb  can1_bus.o [1]
u8canbus_send_twoframe_two
                        0x08006b71    0x70  Code  Gb  can2_bus.o [1]
udp_bind                0x080057cb    0x86  Code  Gb  udp.o [1]
udp_client_process      0x08007701    0x64  Code  Gb  udpclient.o [1]
udp_connect             0x08005851    0x5c  Code  Gb  udp.o [1]
udp_disconnect          0x080058ad    0x1e  Code  Gb  udp.o [1]
udp_echoclient_connect  0x08007493    0xe4  Code  Gb  udpclient.o [1]
udp_input               0x080054a1   0x1ec  Code  Gb  udp.o [1]
udp_new                 0x08005919    0x20  Code  Gb  udp.o [1]
udp_pcbs                0x2000c990     0x4  Data  Gb  udp.o [1]
udp_receive_callback    0x08007577   0x124  Code  Gb  udpclient.o [1]
udp_recv                0x080058cb     0x6  Code  Gb  udp.o [1]
udp_remove              0x080058d1    0x40  Code  Gb  udp.o [1]
udp_send                0x0800568d    0x14  Code  Gb  udp.o [1]
udp_send_message        0x080077c9    0x3c  Code  Gb  udpclient.o [1]
udp_send_process        0x0800769b    0x66  Code  Gb  udpclient.o [1]
udp_sendto              0x080056a1    0x38  Code  Gb  udp.o [1]
udp_sendto_if           0x080056d9    0xf2  Code  Gb  udp.o [1]
update_arp_entry        0x0800363b   0x130  Code  Lc  etharp.o [1]
vcan_sendframe_process_one
                        0x08005f3d    0x7e  Code  Gb  can1_bus.o [1]
vcan_sendframe_process_two
                        0x08006db9    0x54  Code  Gb  can2_bus.o [1]
vcan_sendmsg_one        0x08005e53    0xea  Code  Gb  can1_bus.o [1]
vcanbus_addto_cansendqueue_one
                        0x08005cdb    0x42  Code  Gb  can1_bus.o [1]
vcanbus_addto_cansendqueue_two
                        0x08006b2f    0x42  Code  Gb  can2_bus.o [1]
vcanbus_framereceive_one
                        0x08005db9    0x9a  Code  Gb  can1_bus.o [1]
vcanbus_framereceive_two
                        0x08006be1   0x1d8  Code  Gb  can2_bus.o [1]
vcanbus_initcansendqueue_one
                        0x08005cc1    0x1a  Code  Gb  can1_bus.o [1]
vcanbus_initcansendqueue_two
                        0x08006b15    0x1a  Code  Gb  can2_bus.o [1]
wrq_recv_callback       0x08008af5   0x122  Code  Gb  tftpserver.o [1]


[1] = E:\°å¿¨³ö³§³ÌÐò\Ë«can°å¿¨³ö³§³ÌÐò\boot\exp_car_boot_v1.0.02_IP110\Project\EWARMv5\STM3210C-EVAL\Obj
[2] = command line
[3] = dl7M_tlf.a
[4] = m7M_tl.a
[5] = rt7M_tl.a
[6] = shb_l.a

  40 736 bytes of readonly  code memory
     192 bytes of readonly  data memory
  56 003 bytes of readwrite data memory

Errors: none
Warnings: none
