###############################################################################
#                                                                             #
# IAR ELF Linker V6.10.1.52143/W32 for ARM              15/Aug/2023  10:35:57 #
# Copyright 2007-2010 IAR Systems AB.                                         #
#                                                                             #
#    Output file  =  E:\°å¿¨³ö³§³ÌÐò\ÏÂÁÏ¿ÚË«can°å¿¨³ö³§³ÌÐò\exp_car_ctrl_sla #
#                    ver_v1.4.0.1\Project\EWARMv5_iap\STM3210C-EVAL\Exe\STM32 #
#                    10C-EVAL.out                                             #
#    Map file     =  E:\°å¿¨³ö³§³ÌÐò\ÏÂÁÏ¿ÚË«can°å¿¨³ö³§³ÌÐò\exp_car_ctrl_sla #
#                    ver_v1.4.0.1\Project\EWARMv5_iap\STM3210C-EVAL\List\STM3 #
#                    210C-EVAL.map                                            #
#    Command line =  E:\°å¿¨³ö³§³ÌÐò\ÏÂÁÏ¿ÚË«can°å¿¨³ö³§³ÌÐò\exp_car_ctrl_sla #
#                    ver_v1.4.0.1\Project\EWARMv5_iap\STM3210C-EVAL\Obj\TCPcl #
#                    ient.o E:\°å¿¨³ö³§³ÌÐò\ÏÂÁÏ¿ÚË«can°å¿¨³ö³§³ÌÐò\exp_car_c #
#                    trl_slaver_v1.4.0.1\Project\EWARMv5_iap\STM3210C-EVAL\Ob #
#                    j\api_lib.o E:\°å¿¨³ö³§³ÌÐò\ÏÂÁÏ¿ÚË«can°å¿¨³ö³§³ÌÐò\exp_ #
#                    car_ctrl_slaver_v1.4.0.1\Project\EWARMv5_iap\STM3210C-EV #
#                    AL\Obj\api_msg.o E:\°å¿¨³ö³§³ÌÐò\ÏÂÁÏ¿ÚË«can°å¿¨³ö³§³ÌÐò #
#                    \exp_car_ctrl_slaver_v1.4.0.1\Project\EWARMv5_iap\STM321 #
#                    0C-EVAL\Obj\autoip.o E:\°å¿¨³ö³§³ÌÐò\ÏÂÁÏ¿ÚË«can°å¿¨³ö³§ #
#                    ³ÌÐò\exp_car_ctrl_slaver_v1.4.0.1\Project\EWARMv5_iap\ST #
#                    M3210C-EVAL\Obj\can1_bus.o E:\°å¿¨³ö³§³ÌÐò\ÏÂÁÏ¿ÚË«can°å #
#                    ¿¨³ö³§³ÌÐò\exp_car_ctrl_slaver_v1.4.0.1\Project\EWARMv5_ #
#                    iap\STM3210C-EVAL\Obj\can2_bus.o                         #
#                    E:\°å¿¨³ö³§³ÌÐò\ÏÂÁÏ¿ÚË«can°å¿¨³ö³§³ÌÐò\exp_car_ctrl_sla #
#                    ver_v1.4.0.1\Project\EWARMv5_iap\STM3210C-EVAL\Obj\core_ #
#                    cm3.o E:\°å¿¨³ö³§³ÌÐò\ÏÂÁÏ¿ÚË«can°å¿¨³ö³§³ÌÐò\exp_car_ct #
#                    rl_slaver_v1.4.0.1\Project\EWARMv5_iap\STM3210C-EVAL\Obj #
#                    \data.o E:\°å¿¨³ö³§³ÌÐò\ÏÂÁÏ¿ÚË«can°å¿¨³ö³§³ÌÐò\exp_car_ #
#                    ctrl_slaver_v1.4.0.1\Project\EWARMv5_iap\STM3210C-EVAL\O #
#                    bj\dhcp.o E:\°å¿¨³ö³§³ÌÐò\ÏÂÁÏ¿ÚË«can°å¿¨³ö³§³ÌÐò\exp_ca #
#                    r_ctrl_slaver_v1.4.0.1\Project\EWARMv5_iap\STM3210C-EVAL #
#                    \Obj\err.o E:\°å¿¨³ö³§³ÌÐò\ÏÂÁÏ¿ÚË«can°å¿¨³ö³§³ÌÐò\exp_c #
#                    ar_ctrl_slaver_v1.4.0.1\Project\EWARMv5_iap\STM3210C-EVA #
#                    L\Obj\etharp.o E:\°å¿¨³ö³§³ÌÐò\ÏÂÁÏ¿ÚË«can°å¿¨³ö³§³ÌÐò\e #
#                    xp_car_ctrl_slaver_v1.4.0.1\Project\EWARMv5_iap\STM3210C #
#                    -EVAL\Obj\ethernetif.o E:\°å¿¨³ö³§³ÌÐò\ÏÂÁÏ¿ÚË«can°å¿¨³ö #
#                    ³§³ÌÐò\exp_car_ctrl_slaver_v1.4.0.1\Project\EWARMv5_iap\ #
#                    STM3210C-EVAL\Obj\fun.o E:\°å¿¨³ö³§³ÌÐò\ÏÂÁÏ¿ÚË«can°å¿¨³ #
#                    ö³§³ÌÐò\exp_car_ctrl_slaver_v1.4.0.1\Project\EWARMv5_iap #
#                    \STM3210C-EVAL\Obj\icmp.o E:\°å¿¨³ö³§³ÌÐò\ÏÂÁÏ¿ÚË«can°å¿ #
#                    ¨³ö³§³ÌÐò\exp_car_ctrl_slaver_v1.4.0.1\Project\EWARMv5_i #
#                    ap\STM3210C-EVAL\Obj\igmp.o                              #
#                    E:\°å¿¨³ö³§³ÌÐò\ÏÂÁÏ¿ÚË«can°å¿¨³ö³§³ÌÐò\exp_car_ctrl_sla #
#                    ver_v1.4.0.1\Project\EWARMv5_iap\STM3210C-EVAL\Obj\inet. #
#                    o E:\°å¿¨³ö³§³ÌÐò\ÏÂÁÏ¿ÚË«can°å¿¨³ö³§³ÌÐò\exp_car_ctrl_s #
#                    laver_v1.4.0.1\Project\EWARMv5_iap\STM3210C-EVAL\Obj\ine #
#                    t_chksum.o E:\°å¿¨³ö³§³ÌÐò\ÏÂÁÏ¿ÚË«can°å¿¨³ö³§³ÌÐò\exp_c #
#                    ar_ctrl_slaver_v1.4.0.1\Project\EWARMv5_iap\STM3210C-EVA #
#                    L\Obj\init.o E:\°å¿¨³ö³§³ÌÐò\ÏÂÁÏ¿ÚË«can°å¿¨³ö³§³ÌÐò\exp #
#                    _car_ctrl_slaver_v1.4.0.1\Project\EWARMv5_iap\STM3210C-E #
#                    VAL\Obj\ip.o E:\°å¿¨³ö³§³ÌÐò\ÏÂÁÏ¿ÚË«can°å¿¨³ö³§³ÌÐò\exp #
#                    _car_ctrl_slaver_v1.4.0.1\Project\EWARMv5_iap\STM3210C-E #
#                    VAL\Obj\ip_addr.o E:\°å¿¨³ö³§³ÌÐò\ÏÂÁÏ¿ÚË«can°å¿¨³ö³§³ÌÐ #
#                    ò\exp_car_ctrl_slaver_v1.4.0.1\Project\EWARMv5_iap\STM32 #
#                    10C-EVAL\Obj\ip_frag.o E:\°å¿¨³ö³§³ÌÐò\ÏÂÁÏ¿ÚË«can°å¿¨³ö #
#                    ³§³ÌÐò\exp_car_ctrl_slaver_v1.4.0.1\Project\EWARMv5_iap\ #
#                    STM3210C-EVAL\Obj\list.o E:\°å¿¨³ö³§³ÌÐò\ÏÂÁÏ¿ÚË«can°å¿¨ #
#                    ³ö³§³ÌÐò\exp_car_ctrl_slaver_v1.4.0.1\Project\EWARMv5_ia #
#                    p\STM3210C-EVAL\Obj\main.o E:\°å¿¨³ö³§³ÌÐò\ÏÂÁÏ¿ÚË«can°å #
#                    ¿¨³ö³§³ÌÐò\exp_car_ctrl_slaver_v1.4.0.1\Project\EWARMv5_ #
#                    iap\STM3210C-EVAL\Obj\mem.o                              #
#                    E:\°å¿¨³ö³§³ÌÐò\ÏÂÁÏ¿ÚË«can°å¿¨³ö³§³ÌÐò\exp_car_ctrl_sla #
#                    ver_v1.4.0.1\Project\EWARMv5_iap\STM3210C-EVAL\Obj\memp. #
#                    o E:\°å¿¨³ö³§³ÌÐò\ÏÂÁÏ¿ÚË«can°å¿¨³ö³§³ÌÐò\exp_car_ctrl_s #
#                    laver_v1.4.0.1\Project\EWARMv5_iap\STM3210C-EVAL\Obj\mis #
#                    c.o E:\°å¿¨³ö³§³ÌÐò\ÏÂÁÏ¿ÚË«can°å¿¨³ö³§³ÌÐò\exp_car_ctrl #
#                    _slaver_v1.4.0.1\Project\EWARMv5_iap\STM3210C-EVAL\Obj\n #
#                    etbuf.o E:\°å¿¨³ö³§³ÌÐò\ÏÂÁÏ¿ÚË«can°å¿¨³ö³§³ÌÐò\exp_car_ #
#                    ctrl_slaver_v1.4.0.1\Project\EWARMv5_iap\STM3210C-EVAL\O #
#                    bj\netconf.o E:\°å¿¨³ö³§³ÌÐò\ÏÂÁÏ¿ÚË«can°å¿¨³ö³§³ÌÐò\exp #
#                    _car_ctrl_slaver_v1.4.0.1\Project\EWARMv5_iap\STM3210C-E #
#                    VAL\Obj\netdb.o E:\°å¿¨³ö³§³ÌÐò\ÏÂÁÏ¿ÚË«can°å¿¨³ö³§³ÌÐò\ #
#                    exp_car_ctrl_slaver_v1.4.0.1\Project\EWARMv5_iap\STM3210 #
#                    C-EVAL\Obj\netif.o E:\°å¿¨³ö³§³ÌÐò\ÏÂÁÏ¿ÚË«can°å¿¨³ö³§³Ì #
#                    Ðò\exp_car_ctrl_slaver_v1.4.0.1\Project\EWARMv5_iap\STM3 #
#                    210C-EVAL\Obj\netifapi.o E:\°å¿¨³ö³§³ÌÐò\ÏÂÁÏ¿ÚË«can°å¿¨ #
#                    ³ö³§³ÌÐò\exp_car_ctrl_slaver_v1.4.0.1\Project\EWARMv5_ia #
#                    p\STM3210C-EVAL\Obj\pbuf.o E:\°å¿¨³ö³§³ÌÐò\ÏÂÁÏ¿ÚË«can°å #
#                    ¿¨³ö³§³ÌÐò\exp_car_ctrl_slaver_v1.4.0.1\Project\EWARMv5_ #
#                    iap\STM3210C-EVAL\Obj\photo.o                            #
#                    E:\°å¿¨³ö³§³ÌÐò\ÏÂÁÏ¿ÚË«can°å¿¨³ö³§³ÌÐò\exp_car_ctrl_sla #
#                    ver_v1.4.0.1\Project\EWARMv5_iap\STM3210C-EVAL\Obj\posit #
#                    ion.o E:\°å¿¨³ö³§³ÌÐò\ÏÂÁÏ¿ÚË«can°å¿¨³ö³§³ÌÐò\exp_car_ct #
#                    rl_slaver_v1.4.0.1\Project\EWARMv5_iap\STM3210C-EVAL\Obj #
#                    \raw.o E:\°å¿¨³ö³§³ÌÐò\ÏÂÁÏ¿ÚË«can°å¿¨³ö³§³ÌÐò\exp_car_c #
#                    trl_slaver_v1.4.0.1\Project\EWARMv5_iap\STM3210C-EVAL\Ob #
#                    j\startup_stm32f10x_cl.o E:\°å¿¨³ö³§³ÌÐò\ÏÂÁÏ¿ÚË«can°å¿¨ #
#                    ³ö³§³ÌÐò\exp_car_ctrl_slaver_v1.4.0.1\Project\EWARMv5_ia #
#                    p\STM3210C-EVAL\Obj\stats.o                              #
#                    E:\°å¿¨³ö³§³ÌÐò\ÏÂÁÏ¿ÚË«can°å¿¨³ö³§³ÌÐò\exp_car_ctrl_sla #
#                    ver_v1.4.0.1\Project\EWARMv5_iap\STM3210C-EVAL\Obj\stm32 #
#                    _eth.o E:\°å¿¨³ö³§³ÌÐò\ÏÂÁÏ¿ÚË«can°å¿¨³ö³§³ÌÐò\exp_car_c #
#                    trl_slaver_v1.4.0.1\Project\EWARMv5_iap\STM3210C-EVAL\Ob #
#                    j\stm32f107.o E:\°å¿¨³ö³§³ÌÐò\ÏÂÁÏ¿ÚË«can°å¿¨³ö³§³ÌÐò\ex #
#                    p_car_ctrl_slaver_v1.4.0.1\Project\EWARMv5_iap\STM3210C- #
#                    EVAL\Obj\stm32f10x_adc.o E:\°å¿¨³ö³§³ÌÐò\ÏÂÁÏ¿ÚË«can°å¿¨ #
#                    ³ö³§³ÌÐò\exp_car_ctrl_slaver_v1.4.0.1\Project\EWARMv5_ia #
#                    p\STM3210C-EVAL\Obj\stm32f10x_bkp.o                      #
#                    E:\°å¿¨³ö³§³ÌÐò\ÏÂÁÏ¿ÚË«can°å¿¨³ö³§³ÌÐò\exp_car_ctrl_sla #
#                    ver_v1.4.0.1\Project\EWARMv5_iap\STM3210C-EVAL\Obj\stm32 #
#                    f10x_can.o E:\°å¿¨³ö³§³ÌÐò\ÏÂÁÏ¿ÚË«can°å¿¨³ö³§³ÌÐò\exp_c #
#                    ar_ctrl_slaver_v1.4.0.1\Project\EWARMv5_iap\STM3210C-EVA #
#                    L\Obj\stm32f10x_dma.o E:\°å¿¨³ö³§³ÌÐò\ÏÂÁÏ¿ÚË«can°å¿¨³ö³ #
#                    §³ÌÐò\exp_car_ctrl_slaver_v1.4.0.1\Project\EWARMv5_iap\S #
#                    TM3210C-EVAL\Obj\stm32f10x_exti.o                        #
#                    E:\°å¿¨³ö³§³ÌÐò\ÏÂÁÏ¿ÚË«can°å¿¨³ö³§³ÌÐò\exp_car_ctrl_sla #
#                    ver_v1.4.0.1\Project\EWARMv5_iap\STM3210C-EVAL\Obj\stm32 #
#                    f10x_flash.o E:\°å¿¨³ö³§³ÌÐò\ÏÂÁÏ¿ÚË«can°å¿¨³ö³§³ÌÐò\exp #
#                    _car_ctrl_slaver_v1.4.0.1\Project\EWARMv5_iap\STM3210C-E #
#                    VAL\Obj\stm32f10x_gpio.o E:\°å¿¨³ö³§³ÌÐò\ÏÂÁÏ¿ÚË«can°å¿¨ #
#                    ³ö³§³ÌÐò\exp_car_ctrl_slaver_v1.4.0.1\Project\EWARMv5_ia #
#                    p\STM3210C-EVAL\Obj\stm32f10x_i2c.o                      #
#                    E:\°å¿¨³ö³§³ÌÐò\ÏÂÁÏ¿ÚË«can°å¿¨³ö³§³ÌÐò\exp_car_ctrl_sla #
#                    ver_v1.4.0.1\Project\EWARMv5_iap\STM3210C-EVAL\Obj\stm32 #
#                    f10x_it.o E:\°å¿¨³ö³§³ÌÐò\ÏÂÁÏ¿ÚË«can°å¿¨³ö³§³ÌÐò\exp_ca #
#                    r_ctrl_slaver_v1.4.0.1\Project\EWARMv5_iap\STM3210C-EVAL #
#                    \Obj\stm32f10x_pwr.o E:\°å¿¨³ö³§³ÌÐò\ÏÂÁÏ¿ÚË«can°å¿¨³ö³§ #
#                    ³ÌÐò\exp_car_ctrl_slaver_v1.4.0.1\Project\EWARMv5_iap\ST #
#                    M3210C-EVAL\Obj\stm32f10x_rcc.o                          #
#                    E:\°å¿¨³ö³§³ÌÐò\ÏÂÁÏ¿ÚË«can°å¿¨³ö³§³ÌÐò\exp_car_ctrl_sla #
#                    ver_v1.4.0.1\Project\EWARMv5_iap\STM3210C-EVAL\Obj\stm32 #
#                    f10x_rtc.o E:\°å¿¨³ö³§³ÌÐò\ÏÂÁÏ¿ÚË«can°å¿¨³ö³§³ÌÐò\exp_c #
#                    ar_ctrl_slaver_v1.4.0.1\Project\EWARMv5_iap\STM3210C-EVA #
#                    L\Obj\stm32f10x_spi.o E:\°å¿¨³ö³§³ÌÐò\ÏÂÁÏ¿ÚË«can°å¿¨³ö³ #
#                    §³ÌÐò\exp_car_ctrl_slaver_v1.4.0.1\Project\EWARMv5_iap\S #
#                    TM3210C-EVAL\Obj\stm32f10x_tim.o                         #
#                    E:\°å¿¨³ö³§³ÌÐò\ÏÂÁÏ¿ÚË«can°å¿¨³ö³§³ÌÐò\exp_car_ctrl_sla #
#                    ver_v1.4.0.1\Project\EWARMv5_iap\STM3210C-EVAL\Obj\stm32 #
#                    f10x_usart.o E:\°å¿¨³ö³§³ÌÐò\ÏÂÁÏ¿ÚË«can°å¿¨³ö³§³ÌÐò\exp #
#                    _car_ctrl_slaver_v1.4.0.1\Project\EWARMv5_iap\STM3210C-E #
#                    VAL\Obj\sys.o E:\°å¿¨³ö³§³ÌÐò\ÏÂÁÏ¿ÚË«can°å¿¨³ö³§³ÌÐò\ex #
#                    p_car_ctrl_slaver_v1.4.0.1\Project\EWARMv5_iap\STM3210C- #
#                    EVAL\Obj\system_stm32f10x.o                              #
#                    E:\°å¿¨³ö³§³ÌÐò\ÏÂÁÏ¿ÚË«can°å¿¨³ö³§³ÌÐò\exp_car_ctrl_sla #
#                    ver_v1.4.0.1\Project\EWARMv5_iap\STM3210C-EVAL\Obj\tcp.o #
#                     E:\°å¿¨³ö³§³ÌÐò\ÏÂÁÏ¿ÚË«can°å¿¨³ö³§³ÌÐò\exp_car_ctrl_sl #
#                    aver_v1.4.0.1\Project\EWARMv5_iap\STM3210C-EVAL\Obj\tcp_ #
#                    in.o E:\°å¿¨³ö³§³ÌÐò\ÏÂÁÏ¿ÚË«can°å¿¨³ö³§³ÌÐò\exp_car_ctr #
#                    l_slaver_v1.4.0.1\Project\EWARMv5_iap\STM3210C-EVAL\Obj\ #
#                    tcp_out.o E:\°å¿¨³ö³§³ÌÐò\ÏÂÁÏ¿ÚË«can°å¿¨³ö³§³ÌÐò\exp_ca #
#                    r_ctrl_slaver_v1.4.0.1\Project\EWARMv5_iap\STM3210C-EVAL #
#                    \Obj\tcpip.o E:\°å¿¨³ö³§³ÌÐò\ÏÂÁÏ¿ÚË«can°å¿¨³ö³§³ÌÐò\exp #
#                    _car_ctrl_slaver_v1.4.0.1\Project\EWARMv5_iap\STM3210C-E #
#                    VAL\Obj\uart4.o E:\°å¿¨³ö³§³ÌÐò\ÏÂÁÏ¿ÚË«can°å¿¨³ö³§³ÌÐò\ #
#                    exp_car_ctrl_slaver_v1.4.0.1\Project\EWARMv5_iap\STM3210 #
#                    C-EVAL\Obj\udp.o E:\°å¿¨³ö³§³ÌÐò\ÏÂÁÏ¿ÚË«can°å¿¨³ö³§³ÌÐò #
#                    \exp_car_ctrl_slaver_v1.4.0.1\Project\EWARMv5_iap\STM321 #
#                    0C-EVAL\Obj\usart1.o E:\°å¿¨³ö³§³ÌÐò\ÏÂÁÏ¿ÚË«can°å¿¨³ö³§ #
#                    ³ÌÐò\exp_car_ctrl_slaver_v1.4.0.1\Project\EWARMv5_iap\ST #
#                    M3210C-EVAL\Obj\usart2.o -o                              #
#                    E:\°å¿¨³ö³§³ÌÐò\ÏÂÁÏ¿ÚË«can°å¿¨³ö³§³ÌÐò\exp_car_ctrl_sla #
#                    ver_v1.4.0.1\Project\EWARMv5_iap\STM3210C-EVAL\Exe\STM32 #
#                    10C-EVAL.out --map E:\°å¿¨³ö³§³ÌÐò\ÏÂÁÏ¿ÚË«can°å¿¨³ö³§³Ì #
#                    Ðò\exp_car_ctrl_slaver_v1.4.0.1\Project\EWARMv5_iap\STM3 #
#                    210C-EVAL\List\STM3210C-EVAL.map --config                #
#                    E:\°å¿¨³ö³§³ÌÐò\ÏÂÁÏ¿ÚË«can°å¿¨³ö³§³ÌÐò\exp_car_ctrl_sla #
#                    ver_v1.4.0.1\Project\EWARMv5_iap\STM32F10x_FLASH.icf     #
#                    --semihosting --entry __iar_program_start                #
#                                                                             #
#                                                                             #
###############################################################################

*******************************************************************************
*** RUNTIME MODEL ATTRIBUTES
***

CppFlavor       = *
__SystemLibrary = DLib


*******************************************************************************
*** PLACEMENT SUMMARY
***

"A1":  place at 0x08010000 { ro section .intvec };
"P1":  place in [from 0x08008000 to 0x0803ffff] { ro };
"P2":  place in [from 0x20000000 to 0x2000ffff] { rw, block CSTACK, block HEAP };

  Section             Kind        Address    Size  Object
  -------             ----        -------    ----  ------
"A1":                                       0x150
  .intvec             ro code  0x08010000   0x150  startup_stm32f10x_cl.o [1]
                             - 0x08010150   0x150

"P1":                                      0xece0
  .text               ro code  0x08010150  0x141c  tcp_in.o [1]
  .text               ro code  0x0801156c    0x3e  inet.o [1]
  .text               ro code  0x080115aa   0x614  pbuf.o [1]
  .text               ro code  0x08011bbe    0x2e  copy_init3.o [5]
  .text               ro code  0x08011bec    0x58  ip_addr.o [1]
  .text               ro code  0x08011c44   0x518  tcp.o [1]
  .text               ro code  0x0801215c    0xf8  memp.o [1]
  .text               ro code  0x08012254   0x998  tcp_out.o [1]
  .text               ro code  0x08012bec   0x3e0  mem.o [1]
  .text               ro code  0x08012fcc    0x16  tcp_out.o [1]
  .text               ro code  0x08012fe2    0x16  udp.o [1]
  .text               ro code  0x08012ff8   0x38c  ip.o [1]
  .text               ro code  0x08013384    0x70  ABImemcpy.o [5]
  .text               ro code  0x080133f4    0x66  ABImemset.o [5]
  .text               ro code  0x0801345a    0x22  zero_init3.o [5]
  .text               ro code  0x0801347c   0x170  netif.o [1]
  .text               ro code  0x080135ec   0x678  ip_frag.o [1]
  .text               ro code  0x08013c64    0x88  raw.o [1]
  .text               ro code  0x08013cec   0x438  udp.o [1]
  .text               ro code  0x08014124   0x232  icmp.o [1]
  .text               ro code  0x08014356     0xa  xsprout.o [3]
  .text               ro code  0x08014360   0xb34  etharp.o [1]
  .text               ro code  0x08014e94    0xd6  inet_chksum.o [1]
  .text               ro code  0x08014f6c  0x12ec  dlmalloc.o [3]
  .text               ro code  0x08016258     0xa  abort.o [3]
  .text               ro code  0x08016264    0x28  xgetmemchunk.o [3]
  .text               ro code  0x0801628c    0xb4  xsyslock.o [3]
  .text               ro code  0x08016340    0x14  exit.o [6]
  .text               ro code  0x08016354     0x4  xmtx2.o [3]
  .text               ro code  0x08016358     0x8  xmtx.o [3]
  .text               ro code  0x08016360    0x30  iarttio.o [6]
  .text               ro code  0x08016390     0x8  XShttio.o [3]
  .text               ro code  0x08016398  0x1076  xprintffull.o [3]
  .text               ro code  0x0801740e    0x20  xmbtowc.o [3]
  .text               ro code  0x08017430    0x16  strchr.o [5]
  .text               ro code  0x08017448    0x58  memchr.o [5]
  .text               ro code  0x080174a0    0x36  strlen.o [5]
  .text               ro code  0x080174d6     0xa  xmbcurmax.o [3]
  .text               ro code  0x080174e0    0x1a  xwctomb.o [3]
  .text               ro code  0x080174fc   0x12e  I64DivMod.o [5]
  .text               ro code  0x0801762c    0x44  xdnorm.o [4]
  .text               ro code  0x08017670    0x2e  DblCmpLe.o [4]
  .text               ro code  0x080176a0    0x2e  DblCmpGe.o [4]
  .text               ro code  0x080176d0   0x118  xdscale.o [4]
  .text               ro code  0x080177e8    0x56  DblToI32.o [4]
  .text               ro code  0x08017840    0x2e  I32ToDbl.o [4]
  .text               ro code  0x08017870   0x17e  DblSub.o [4]
  .text               ro code  0x080179f0   0x1a2  DblMul.o [4]
  .text               ro code  0x08017b94   0x246  DblDiv.o [4]
  .text               ro code  0x08017ddc    0x6c  localeconv.o [3]
  .text               ro code  0x08017e48     0xe  div.o [3]
  .text               ro code  0x08017e58    0x14  setlocale.o [3]
  .text               ro code  0x08017e6c    0x5c  xencoding_sb.o [3]
  .text               ro code  0x08017ec8     0x2  I64DivZer.o [5]
  .text               ro code  0x08017ecc    0xe6  DblAdd.o [4]
  .text               ro code  0x08017fb2     0x2  xtls.o [3]
  .text               ro code  0x08017fb4   0xf98  usart2.o [1]
  .text               ro code  0x08018f4c   0x250  stm32f10x_gpio.o [1]
  .text               ro code  0x0801919c   0x1d6  stm32f10x_usart.o [1]
  .text               ro code  0x08019374   0x204  stm32f10x_dma.o [1]
  .text               ro code  0x08019578   0x25c  data.o [1]
  .text               ro code  0x080197d4   0x270  stm32f10x_rcc.o [1]
  .text               ro code  0x08019a44    0x28  list.o [1]
  .text               ro code  0x08019a6c   0xb7a  stm32f107.o [1]
  .text               ro code  0x0801a5e8    0xa4  stm32f10x_exti.o [1]
  .text               ro code  0x0801a68c   0x544  stm32f10x_can.o [1]
  .text               ro code  0x0801abd0   0x19c  system_stm32f10x.o [1]
  .text               ro code  0x0801ad6c   0x746  stm32_eth.o [1]
  .text               ro code  0x0801b4b4    0x9c  misc.o [1]
  .text               ro code  0x0801b550   0xa44  uart4.o [1]
  .text               ro code  0x0801bf94    0x34  sprintf.o [3]
  .text               ro code  0x0801bfc8   0x4ec  TCPclient.o [1]
  .text               ro code  0x0801c4b4   0x194  fun.o [1]
  .text               ro code  0x0801c648   0x17e  stm32f10x_flash.o [1]
  .text               ro code  0x0801c7c8   0xa3c  usart1.o [1]
  .text               ro code  0x0801d204   0x788  can1_bus.o [1]
  .text               ro code  0x0801d98c   0x788  can2_bus.o [1]
  .text               ro code  0x0801e114   0x37c  main.o [1]
  .text               ro code  0x0801e490    0xb8  netconf.o [1]
  .text               ro code  0x0801e548    0x3c  photo.o [1]
  .text               ro code  0x0801e584   0x300  ethernetif.o [1]
  .text               ro code  0x0801e884   0x350  stm32f10x_it.o [1]
  .text               ro code  0x0801ebd4    0x3a  stm32f10x_tim.o [1]
  .text               ro code  0x0801ec10    0x2c  data_init3.o [5]
  .iar.init_table     const    0x0801ec3c    0x24  - Linker created -
  .text               ro code  0x0801ec60    0x16  cmain.o [5]
  .text               ro code  0x0801ec76     0x4  low_level_init.o [3]
  .text               ro code  0x0801ec7a     0x8  exit.o [3]
  .text               ro code  0x0801ec84     0xe  cexit.o [5]
  .text               ro code  0x0801ec92     0xc  cstartup_M.o [5]
  .text               ro code  0x0801ec9e     0x4  startup_stm32f10x_cl.o [1]
  .text               ro code  0x0801eca2     0x4  startup_stm32f10x_cl.o [1]
  .text               ro code  0x0801eca6     0x4  startup_stm32f10x_cl.o [1]
  .text               ro code  0x0801ecaa     0x4  startup_stm32f10x_cl.o [1]
  .text               ro code  0x0801ecae     0x4  startup_stm32f10x_cl.o [1]
  .text               ro code  0x0801ecb2     0x4  startup_stm32f10x_cl.o [1]
  .text               ro code  0x0801ecb6     0x4  startup_stm32f10x_cl.o [1]
  .text               ro code  0x0801ecba     0x4  startup_stm32f10x_cl.o [1]
  .text               ro code  0x0801ecbe     0x4  startup_stm32f10x_cl.o [1]
  .text               ro code  0x0801ecc2     0x4  startup_stm32f10x_cl.o [1]
  .text               ro code  0x0801ecc6     0x4  startup_stm32f10x_cl.o [1]
  .text               ro code  0x0801ecca     0x4  startup_stm32f10x_cl.o [1]
  .text               ro code  0x0801ecce     0x4  startup_stm32f10x_cl.o [1]
  .text               ro code  0x0801ecd2     0x4  startup_stm32f10x_cl.o [1]
  .text               ro code  0x0801ecd6     0x4  startup_stm32f10x_cl.o [1]
  .text               ro code  0x0801ecda     0x4  startup_stm32f10x_cl.o [1]
  .text               ro code  0x0801ecde     0x4  startup_stm32f10x_cl.o [1]
  .text               ro code  0x0801ece2     0x4  startup_stm32f10x_cl.o [1]
  .text               ro code  0x0801ece6     0x4  startup_stm32f10x_cl.o [1]
  .text               ro code  0x0801ecea     0x4  startup_stm32f10x_cl.o [1]
  .text               ro code  0x0801ecee     0x4  startup_stm32f10x_cl.o [1]
  .text               ro code  0x0801ecf2     0x4  startup_stm32f10x_cl.o [1]
  .text               ro code  0x0801ecf6     0x4  startup_stm32f10x_cl.o [1]
  .text               ro code  0x0801ecfa     0x4  startup_stm32f10x_cl.o [1]
  .text               ro code  0x0801ecfe     0x4  startup_stm32f10x_cl.o [1]
  .text               ro code  0x0801ed02     0x4  startup_stm32f10x_cl.o [1]
  .text               ro code  0x0801ed06     0x4  startup_stm32f10x_cl.o [1]
  .text               ro code  0x0801ed0a     0x4  startup_stm32f10x_cl.o [1]
  .text               ro code  0x0801ed0e     0x4  startup_stm32f10x_cl.o [1]
  .text               ro code  0x0801ed12     0x4  startup_stm32f10x_cl.o [1]
  .text               ro code  0x0801ed16     0x4  startup_stm32f10x_cl.o [1]
  .text               ro code  0x0801ed1a     0x4  startup_stm32f10x_cl.o [1]
  .text               ro code  0x0801ed1e     0x4  startup_stm32f10x_cl.o [1]
  .text               ro code  0x0801ed22     0x4  startup_stm32f10x_cl.o [1]
  .text               ro code  0x0801ed26     0x4  startup_stm32f10x_cl.o [1]
  .text               ro code  0x0801ed2a     0x4  startup_stm32f10x_cl.o [1]
  .text               ro code  0x0801ed2e     0x4  startup_stm32f10x_cl.o [1]
  .text               ro code  0x0801ed32     0x4  startup_stm32f10x_cl.o [1]
  .text               ro code  0x0801ed36     0x4  startup_stm32f10x_cl.o [1]
  .text               ro code  0x0801ed3a     0x4  startup_stm32f10x_cl.o [1]
  .text               ro code  0x0801ed3e     0x4  startup_stm32f10x_cl.o [1]
  .text               ro code  0x0801ed42     0x4  startup_stm32f10x_cl.o [1]
  .text               ro code  0x0801ed46     0x4  startup_stm32f10x_cl.o [1]
  .text               ro code  0x0801ed4a     0x4  startup_stm32f10x_cl.o [1]
  .text               ro code  0x0801ed4e     0x4  startup_stm32f10x_cl.o [1]
  .text               ro code  0x0801ed52     0x4  startup_stm32f10x_cl.o [1]
  .text               ro code  0x0801ed56     0x4  startup_stm32f10x_cl.o [1]
  .text               ro code  0x0801ed5a     0x4  startup_stm32f10x_cl.o [1]
  .text               ro code  0x0801ed5e     0x4  startup_stm32f10x_cl.o [1]
  .text               ro code  0x0801ed62     0x4  startup_stm32f10x_cl.o [1]
  .text               ro code  0x0801ed66     0x4  startup_stm32f10x_cl.o [1]
  .text               ro code  0x0801ed6a     0x4  startup_stm32f10x_cl.o [1]
  .text               ro code  0x0801ed6e     0x4  startup_stm32f10x_cl.o [1]
  .text               ro code  0x0801ed72     0x4  startup_stm32f10x_cl.o [1]
  .text               ro code  0x0801ed76     0x4  startup_stm32f10x_cl.o [1]
  .text               ro code  0x0801ed7a     0x4  startup_stm32f10x_cl.o [1]
  .text               ro code  0x0801ed7e     0x4  startup_stm32f10x_cl.o [1]
  .text               ro code  0x0801ed82     0x4  startup_stm32f10x_cl.o [1]
  .text               ro code  0x0801ed86     0x4  startup_stm32f10x_cl.o [1]
  .text               ro code  0x0801ed8a     0x4  startup_stm32f10x_cl.o [1]
  .text               ro code  0x0801ed8e     0x4  startup_stm32f10x_cl.o [1]
  .text               ro code  0x0801ed92     0x4  startup_stm32f10x_cl.o [1]
  .text               ro code  0x0801ed96     0x4  startup_stm32f10x_cl.o [1]
  .text               ro code  0x0801ed9a     0x4  startup_stm32f10x_cl.o [1]
  .text               ro code  0x0801ed9e     0x4  startup_stm32f10x_cl.o [1]
  .text               ro code  0x0801eda2     0x4  startup_stm32f10x_cl.o [1]
  .text               ro code  0x0801eda6     0x4  startup_stm32f10x_cl.o [1]
  .text               ro code  0x0801edaa     0x4  startup_stm32f10x_cl.o [1]
  .text               ro code  0x0801edae     0x4  startup_stm32f10x_cl.o [1]
  .text               ro code  0x0801edb2     0x4  startup_stm32f10x_cl.o [1]
  .text               ro code  0x0801edb8     0x0  cstart_clearlocks.o [5]
  Initializer bytes   ro data  0x0801edb8    0x78  <for P2 s0>
                             - 0x0801ee30  0xece0

"P2", part 1 of 3:                           0x78
  P2 s0                        0x20000000    0x78  <Init block>
    __DLIB_PERTHREAD  inited   0x20000000    0x50  localeconv.o [3]
    .data             inited   0x20000050    0x10  stm32f10x_rcc.o [1]
    .data             inited   0x20000060     0x8  XShttio.o [3]
    .data             inited   0x20000068     0x4  stm32f10x_rcc.o [1]
    .data             inited   0x2000006c     0x4  tcp.o [1]
    .data             inited   0x20000070     0x2  main.o [1]
    .data             inited   0x20000072     0x1  fun.o [1]
    .data             inited   0x20000073     0x1  uart4.o [1]
    .data             inited   0x20000074     0x1  usart1.o [1]
    .data             inited   0x20000075     0x1  usart2.o [1]
                             - 0x20000078    0x78

"P2", part 2 of 3:                         0xee80
  .bss                zero     0x20000078  0x44fc  memp.o [1]
  .bss                zero     0x20004574  0x2030  TCPclient.o [1]
  .bss                zero     0x200065a4  0x17c0  ethernetif.o [1]
  .bss                zero     0x20007d64   0xc14  mem.o [1]
  .bss                zero     0x20008978   0xbe0  ethernetif.o [1]
  .bss                zero     0x20009558   0x870  data.o [1]
  .bss                zero     0x20009dc8   0x870  data.o [1]
  .bss                zero     0x2000a638   0x870  data.o [1]
  .bss                zero     0x2000aea8   0x7d4  data.o [1]
  .bss                zero     0x2000b67c   0x5e0  ip_frag.o [1]
  .bss                zero     0x2000bc5c   0x5a0  data.o [1]
  .bss                zero     0x2000c1fc   0x5a0  data.o [1]
  .bss                zero     0x2000c79c   0x578  can1_bus.o [1]
  .bss                zero     0x2000cd14   0x3c0  data.o [1]
  .bss                zero     0x2000d0d4   0x3c0  data.o [1]
  .bss                zero     0x2000d494   0x348  can2_bus.o [1]
  .bss                zero     0x2000d7dc   0x2d0  uart4.o [1]
  .bss                zero     0x2000daac   0x2d0  usart1.o [1]
  .bss                zero     0x2000dd7c   0x2d0  usart2.o [1]
  .bss                zero     0x2000e04c   0x2d0  usart2.o [1]
  .bss                zero     0x2000e31c   0x1d4  dlmalloc.o [3]
  .bss                zero     0x2000e4f0   0x168  data.o [1]
  .bss                zero     0x2000e658   0x168  data.o [1]
  .bss                zero     0x2000e7c0   0x168  data.o [1]
  .bss                zero     0x2000e928    0xc8  etharp.o [1]
  __DLIB_PERTHREAD    zero     0x2000e9f0    0x74  setlocale.o [3]
  .bss                zero     0x2000ea64    0x64  fun.o [1]
  .bss                zero     0x2000eac8    0x40  ethernetif.o [1]
  .bss                zero     0x2000eb08    0x38  xsyslock.o [3]
  .bss                zero     0x2000eb40    0x30  netconf.o [1]
  .bss                zero     0x2000eb70    0x24  data.o [1]
  .bss                zero     0x2000eb94    0x24  memp.o [1]
  .bss                zero     0x2000ebb8    0x20  ethernetif.o [1]
  .bss                zero     0x2000ebd8    0x20  uart4.o [1]
  .bss                zero     0x2000ebf8    0x20  uart4.o [1]
  .bss                zero     0x2000ec18    0x20  uart4.o [1]
  .bss                zero     0x2000ec38    0x20  uart4.o [1]
  .bss                zero     0x2000ec58    0x20  usart1.o [1]
  .bss                zero     0x2000ec78    0x20  usart1.o [1]
  .bss                zero     0x2000ec98    0x20  usart1.o [1]
  .bss                zero     0x2000ecb8    0x20  usart1.o [1]
  .bss                zero     0x2000ecd8    0x20  usart2.o [1]
  .bss                zero     0x2000ecf8    0x20  usart2.o [1]
  .bss                zero     0x2000ed18    0x20  usart2.o [1]
  .bss                zero     0x2000ed38    0x20  usart2.o [1]
  .bss                zero     0x2000ed58    0x18  list.o [1]
  .bss                zero     0x2000ed70    0x18  list.o [1]
  .bss                zero     0x2000ed88    0x18  dlmalloc.o [3]
  .bss                zero     0x2000eda0    0x14  data.o [1]
  .bss                zero     0x2000edb4    0x14  tcp_in.o [1]
  .bss                zero     0x2000edc8    0x14  uart4.o [1]
  .bss                zero     0x2000eddc    0x14  usart1.o [1]
  .bss                zero     0x2000edf0     0xc  can1_bus.o [1]
  .bss                zero     0x2000edfc     0xc  can2_bus.o [1]
  .bss                zero     0x2000ee08     0xc  data.o [1]
  .bss                zero     0x2000ee14     0xc  fun.o [1]
  .bss                zero     0x2000ee20     0xc  photo.o [1]
  .bss                zero     0x2000ee2c     0x8  data.o [1]
  .bss                zero     0x2000ee34     0x8  ethernetif.o [1]
  .bss                zero     0x2000ee3c     0x4  ip.o [1]
  .bss                zero     0x2000ee40     0x4  ip.o [1]
  .bss                zero     0x2000ee44     0x4  ip_frag.o [1]
  .bss                zero     0x2000ee48     0x4  main.o [1]
  .bss                zero     0x2000ee4c     0x4  mem.o [1]
  .bss                zero     0x2000ee50     0x4  mem.o [1]
  .bss                zero     0x2000ee54     0x4  mem.o [1]
  .bss                zero     0x2000ee58     0x4  netconf.o [1]
  .bss                zero     0x2000ee5c     0x4  netif.o [1]
  .bss                zero     0x2000ee60     0x4  netif.o [1]
  .bss                zero     0x2000ee64     0x4  raw.o [1]
  .bss                zero     0x2000ee68     0x4  stm32_eth.o [1]
  .bss                zero     0x2000ee6c     0x4  stm32_eth.o [1]
  .bss                zero     0x2000ee70     0x4  stm32f107.o [1]
  .bss                zero     0x2000ee74     0x4  tcp.o [1]
  .bss                zero     0x2000ee78     0x4  tcp.o [1]
  .bss                zero     0x2000ee7c     0x4  tcp.o [1]
  .bss                zero     0x2000ee80     0x4  tcp.o [1]
  .bss                zero     0x2000ee84     0x4  tcp.o [1]
  .bss                zero     0x2000ee88     0x4  tcp.o [1]
  .bss                zero     0x2000ee8c     0x4  tcp_in.o [1]
  .bss                zero     0x2000ee90     0x4  tcp_in.o [1]
  .bss                zero     0x2000ee94     0x4  tcp_in.o [1]
  .bss                zero     0x2000ee98     0x4  tcp_in.o [1]
  .bss                zero     0x2000ee9c     0x4  tcp_in.o [1]
  .bss                zero     0x2000eea0     0x4  tcp_in.o [1]
  .bss                zero     0x2000eea4     0x4  uart4.o [1]
  .bss                zero     0x2000eea8     0x4  udp.o [1]
  .bss                zero     0x2000eeac     0x4  usart1.o [1]
  .bss                zero     0x2000eeb0     0x4  usart2.o [1]
  .bss                zero     0x2000eeb4     0x4  xgetmemchunk.o [3]
  .bss                zero     0x2000eeb8     0x2  TCPclient.o [1]
  .bss                zero     0x2000eeba     0x2  ip.o [1]
  .bss                zero     0x2000eebc     0x2  ip_frag.o [1]
  .bss                zero     0x2000eebe     0x2  main.o [1]
  .bss                zero     0x2000eec0     0x2  tcp_in.o [1]
  .bss                zero     0x2000eec2     0x2  uart4.o [1]
  .bss                zero     0x2000eec4     0x2  uart4.o [1]
  .bss                zero     0x2000eec6     0x2  uart4.o [1]
  .bss                zero     0x2000eec8     0x2  usart1.o [1]
  .bss                zero     0x2000eeca     0x2  usart1.o [1]
  .bss                zero     0x2000eecc     0x2  usart1.o [1]
  .bss                zero     0x2000eece     0x2  usart2.o [1]
  .bss                zero     0x2000eed0     0x2  usart2.o [1]
  .bss                zero     0x2000eed2     0x1  etharp.o [1]
  .bss                zero     0x2000eed3     0x1  main.o [1]
  .bss                zero     0x2000eed4     0x1  main.o [1]
  .bss                zero     0x2000eed5     0x1  main.o [1]
  .bss                zero     0x2000eed6     0x1  mem.o [1]
  .bss                zero     0x2000eed7     0x1  netif.o [1]
  .bss                zero     0x2000eed8     0x1  photo.o [1]
  .bss                zero     0x2000eed9     0x1  tcp_in.o [1]
  .bss                zero     0x2000eeda     0x1  tcp_in.o [1]
  .bss                zero     0x2000eedb     0x1  uart4.o [1]
  .bss                zero     0x2000eedc     0x1  uart4.o [1]
  .bss                zero     0x2000eedd     0x1  uart4.o [1]
  .bss                zero     0x2000eede     0x1  uart4.o [1]
  .bss                zero     0x2000eedf     0x1  uart4.o [1]
  .bss                zero     0x2000eee0     0x1  uart4.o [1]
  .bss                zero     0x2000eee1     0x1  uart4.o [1]
  .bss                zero     0x2000eee2     0x1  uart4.o [1]
  .bss                zero     0x2000eee3     0x1  usart1.o [1]
  .bss                zero     0x2000eee4     0x1  usart1.o [1]
  .bss                zero     0x2000eee5     0x1  usart1.o [1]
  .bss                zero     0x2000eee6     0x1  usart1.o [1]
  .bss                zero     0x2000eee7     0x1  usart1.o [1]
  .bss                zero     0x2000eee8     0x1  usart1.o [1]
  .bss                zero     0x2000eee9     0x1  usart1.o [1]
  .bss                zero     0x2000eeea     0x1  usart1.o [1]
  .bss                zero     0x2000eeeb     0x1  usart2.o [1]
  .bss                zero     0x2000eeec     0x1  usart2.o [1]
  .bss                zero     0x2000eeed     0x1  usart2.o [1]
  .bss                zero     0x2000eeee     0x1  usart2.o [1]
  .bss                zero     0x2000eeef     0x1  usart2.o [1]
  .bss                zero     0x2000eef0     0x1  usart2.o [1]
  .bss                zero     0x2000eef1     0x1  usart2.o [1]
  .bss                zero     0x2000eef2     0x1  usart2.o [1]
                             - 0x2000eef3  0xee7b

"P2", part 3 of 3:                          0x900
  CSTACK                       0x2000eef8   0x800  <Block>
    CSTACK            uninit   0x2000eef8   0x800  <Block tail>
  HEAP                         0x2000f6f8   0x100  <Block>
    HEAP              uninit   0x2000f6f8   0x100  <Block tail>
                             - 0x2000f7f8   0x900


*******************************************************************************
*** INIT TABLE
***

          Address     Size
          -------     ----
Zero (__iar_zero_init3)
    1 destination range, total size 0xee7b:
          0x20000078  0xee7b

Copy (__iar_copy_init3)
    1 source range, total size 0x78 (101% of destination):
          0x0801edb8    0x78
    1 destination range, total size 0x76:
          0x20000000    0x76


*******************************************************************************
*** MODULE SUMMARY
***

    Module                  ro code  ro data  rw data
    ------                  -------  -------  -------
E:\°å¿¨³ö³§³ÌÐò\ÏÂÁÏ¿ÚË«can°å¿¨³ö³§³ÌÐò\exp_car_ctrl_slaver_v1.4.0.1\Project\EWARMv5_iap\STM3210C-EVAL\Obj: [1]
    TCPclient.o               1 260             8 242
    can1_bus.o                1 928             1 412
    can2_bus.o                1 928               852
    data.o                      604            14 440
    etharp.o                  2 868               201
    ethernetif.o                768             9 224
    fun.o                       404        1      113
    icmp.o                      562
    inet.o                       62
    inet_chksum.o               214
    ip.o                        908                10
    ip_addr.o                    88
    ip_frag.o                 1 656             1 510
    list.o                       40                48
    main.o                      892        2       11
    mem.o                       992             3 105
    memp.o                      248            17 696
    misc.o                      156
    netconf.o                   184                52
    netif.o                     368                 9
    pbuf.o                    1 556
    photo.o                      60                13
    raw.o                       136                 4
    startup_stm32f10x_cl.o      616
    stm32_eth.o               1 862                 8
    stm32f107.o               2 938                 4
    stm32f10x_can.o           1 348
    stm32f10x_dma.o             516
    stm32f10x_exti.o            164
    stm32f10x_flash.o           382
    stm32f10x_gpio.o            592
    stm32f10x_it.o              848
    stm32f10x_rcc.o             624       20       20
    stm32f10x_tim.o              58
    stm32f10x_usart.o           470
    system_stm32f10x.o          412
    tcp.o                     1 304        4       28
    tcp_in.o                  5 148                48
    tcp_out.o                 2 478
    uart4.o                   2 628        1      887
    udp.o                     1 102                 4
    usart1.o                  2 620        1      887
    usart2.o                  3 992        1    1 585
    -------------------------------------------------
    Total:                   47 984       30   60 413

command line: [2]
    -------------------------------------------------
    Total:

dl7M_tlf.a: [3]
    XShttio.o                     8        8        8
    abort.o                      10
    div.o                        14
    dlmalloc.o                4 844               492
    exit.o                        8
    localeconv.o                108       80       80
    low_level_init.o              4
    setlocale.o                  20               116
    sprintf.o                    52
    xencoding_sb.o               92
    xgetmemchunk.o               40                 4
    xmbcurmax.o                  10
    xmbtowc.o                    32
    xmtx.o                        8
    xmtx2.o                       4
    xprintffull.o             4 214
    xsprout.o                    10
    xsyslock.o                  180                56
    xtls.o                        2
    xwctomb.o                    26
    -------------------------------------------------
    Total:                    9 686       88      756

m7M_tl.a: [4]
    DblAdd.o                    230
    DblCmpGe.o                   46
    DblCmpLe.o                   46
    DblDiv.o                    582
    DblMul.o                    418
    DblSub.o                    382
    DblToI32.o                   86
    I32ToDbl.o                   46
    xdnorm.o                     68
    xdscale.o                   280
    -------------------------------------------------
    Total:                    2 184

rt7M_tl.a: [5]
    ABImemcpy.o                 112
    ABImemset.o                 102
    I64DivMod.o                 302
    I64DivZer.o                   2
    cexit.o                      14
    cmain.o                      22
    copy_init3.o                 46
    cstart_clearlocks.o
    cstartup_M.o                 12
    data_init3.o                 44
    memchr.o                     88
    strchr.o                     22
    strlen.o                     54
    zero_init3.o                 34
    -------------------------------------------------
    Total:                      854

shb_l.a: [6]
    exit.o                       20
    iarttio.o                    48
    -------------------------------------------------
    Total:                       68

    Gaps                         44                 2
    Linker created                        38    2 304
-----------------------------------------------------
    Grand Total:             60 820      156   63 475


*******************************************************************************
*** ENTRY LIST
***

Entry                      Address    Size  Type      Object
-----                      -------    ----  ----      ------
?main                   0x0801ec61          Code  Gb  cmain.o [5]
ADC1_2_IRQHandler       0x0801ed0b          Code  Wk  startup_stm32f10x_cl.o [1]
ADCPrescTable           0x20000068     0x4  Data  Lc  stm32f10x_rcc.o [1]
APBAHBPrescTable        0x20000050    0x10  Data  Lc  stm32f10x_rcc.o [1]
ARPTimer                0x2000ee58     0x4  Data  Gb  netconf.o [1]
BusFault_Handler        0x0801e8c5     0x8  Code  Gb  stm32f10x_it.o [1]
CAN1_RX0_IRQHandler     0x0801eb2b    0x2c  Code  Gb  stm32f10x_it.o [1]
CAN1_RX1_IRQHandler     0x0801ed17          Code  Wk  startup_stm32f10x_cl.o [1]
CAN1_SCE_IRQHandler     0x0801ed1b          Code  Wk  startup_stm32f10x_cl.o [1]
CAN1_TX_IRQHandler      0x0801ed0f          Code  Wk  startup_stm32f10x_cl.o [1]
CAN2_RX0_IRQHandler     0x0801eda7          Code  Wk  startup_stm32f10x_cl.o [1]
CAN2_RX1_IRQHandler     0x0801eb57    0x2c  Code  Gb  stm32f10x_it.o [1]
CAN2_SCE_IRQHandler     0x0801edaf          Code  Wk  startup_stm32f10x_cl.o [1]
CAN2_TX_IRQHandler      0x0801eda3          Code  Wk  startup_stm32f10x_cl.o [1]
CAN_ClearITPendingBit   0x0801ab39    0x98  Code  Gb  stm32f10x_can.o [1]
CAN_Configuration       0x08019e5f   0x14c  Code  Gb  stm32f107.o [1]
CAN_DeInit              0x0801a68d    0x36  Code  Gb  stm32f10x_can.o [1]
CAN_FIFORelease         0x0801aa45    0x12  Code  Gb  stm32f10x_can.o [1]
CAN_FilterInit          0x0801a7db    0xe2  Code  Gb  stm32f10x_can.o [1]
CAN_ITConfig            0x0801a909    0x16  Code  Gb  stm32f10x_can.o [1]
CAN_Init                0x0801a6c3   0x118  Code  Gb  stm32f10x_can.o [1]
CAN_Receive             0x0801aa57    0xe2  Code  Gb  stm32f10x_can.o [1]
CAN_StructInit          0x0801a8bd    0x2e  Code  Gb  stm32f10x_can.o [1]
CAN_Transmit            0x0801a91f   0x126  Code  Gb  stm32f10x_can.o [1]
CSTACK$$Base            0x2000eef8           --   Gb  - Linker created -
CSTACK$$Limit           0x2000f6f8           --   Gb  - Linker created -
DEBUG_process           0x0801c381    0x38  Code  Gb  TCPclient.o [1]
DMA1_Channel1_IRQHandler
                        0x0801ecef          Code  Wk  startup_stm32f10x_cl.o [1]
DMA1_Channel2_IRQHandler
                        0x0801ecf3          Code  Wk  startup_stm32f10x_cl.o [1]
DMA1_Channel3_IRQHandler
                        0x0801ecf7          Code  Wk  startup_stm32f10x_cl.o [1]
DMA1_Channel4_IRQHandler
                        0x0801e8ff    0x2e  Code  Gb  stm32f10x_it.o [1]
DMA1_Channel5_IRQHandler
                        0x0801ecff          Code  Wk  startup_stm32f10x_cl.o [1]
DMA1_Channel6_IRQHandler
                        0x0801ed03          Code  Wk  startup_stm32f10x_cl.o [1]
DMA1_Channel7_IRQHandler
                        0x0801e92d    0x2e  Code  Gb  stm32f10x_it.o [1]
DMA2_Channel1_IRQHandler
                        0x0801ed87          Code  Wk  startup_stm32f10x_cl.o [1]
DMA2_Channel2_IRQHandler
                        0x0801ed8b          Code  Wk  startup_stm32f10x_cl.o [1]
DMA2_Channel3_IRQHandler
                        0x0801ed8f          Code  Wk  startup_stm32f10x_cl.o [1]
DMA2_Channel4_IRQHandler
                        0x0801ed93          Code  Wk  startup_stm32f10x_cl.o [1]
DMA2_Channel5_IRQHandler
                        0x0801e95b    0x2a  Code  Gb  stm32f10x_it.o [1]
DMARxDescToGet          0x2000ee6c     0x4  Data  Gb  stm32_eth.o [1]
DMARxDscrTab            0x2000eac8    0x40  Data  Gb  ethernetif.o [1]
DMATxDescToSet          0x2000ee68     0x4  Data  Gb  stm32_eth.o [1]
DMATxDscrTab            0x2000ebb8    0x20  Data  Gb  ethernetif.o [1]
DMA_ClearFlag           0x08019525    0x10  Code  Gb  stm32f10x_dma.o [1]
DMA_Cmd                 0x080194bd    0x1c  Code  Gb  stm32f10x_dma.o [1]
DMA_Configuration       0x08019c47   0x218  Code  Gb  stm32f107.o [1]
DMA_DeInit              0x08019375   0x10a  Code  Gb  stm32f10x_dma.o [1]
DMA_GetCurrDataCounter  0x080194f5     0x6  Code  Gb  stm32f10x_dma.o [1]
DMA_GetFlagStatus       0x080194fb    0x2a  Code  Gb  stm32f10x_dma.o [1]
DMA_ITConfig            0x080194d9    0x16  Code  Gb  stm32f10x_dma.o [1]
DMA_Init                0x0801947f    0x3e  Code  Gb  stm32f10x_dma.o [1]
DMA_SetCurrDataCounter  0x080194ef     0x6  Code  Gb  stm32f10x_dma.o [1]
Data_Init_motor_para_queue
                        0x080195e5    0x94  Code  Gb  data.o [1]
Data_Init_struct        0x08019579    0x6c  Code  Gb  data.o [1]
Data_add_to_moto_para_queue
                        0x08019679    0x42  Code  Gb  data.o [1]
DebugMon_Handler        0x0801e8d7     0x2  Code  Gb  stm32f10x_it.o [1]
ETH_DMAITConfig         0x0801b415    0x26  Code  Gb  stm32_eth.o [1]
ETH_DMAReceptionCmd     0x0801b3e9    0x22  Code  Gb  stm32_eth.o [1]
ETH_DMARxDescChainInit  0x0801b311    0x4e  Code  Gb  stm32_eth.o [1]
ETH_DMARxDescReceiveITConfig
                        0x0801b367    0x1a  Code  Gb  stm32_eth.o [1]
ETH_DMATransmissionCmd  0x0801b3bb    0x22  Code  Gb  stm32_eth.o [1]
ETH_DMATxDescChainInit  0x0801b2c1    0x48  Code  Gb  stm32_eth.o [1]
ETH_DMATxDescChecksumInsertionConfig
                        0x0801b309     0x8  Code  Gb  stm32_eth.o [1]
ETH_DeInit              0x0801ad6d    0x18  Code  Gb  stm32_eth.o [1]
ETH_Delay               0x0801b495    0x1e  Code  Lc  stm32_eth.o [1]
ETH_FlushTransmitFIFO   0x0801b3ad     0xe  Code  Gb  stm32_eth.o [1]
ETH_GetCurrentTxBuffer  0x0801e84b     0x8  Code  Gb  ethernetif.o [1]
ETH_GetDMARxDescFrameLength
                        0x0801b35f     0x8  Code  Gb  stm32_eth.o [1]
ETH_GetRxPktSize        0x0801b12f    0x2a  Code  Gb  stm32_eth.o [1]
ETH_GetSoftwareResetStatus
                        0x0801b393    0x1a  Code  Gb  stm32_eth.o [1]
ETH_IRQHandler          0x0801ed9b          Code  Wk  startup_stm32f10x_cl.o [1]
ETH_Init                0x0801ad85   0x2a0  Code  Gb  stm32_eth.o [1]
ETH_MACAddressConfig    0x0801b28f    0x32  Code  Gb  stm32_eth.o [1]
ETH_MACReceptionCmd     0x0801b265    0x2a  Code  Gb  stm32_eth.o [1]
ETH_MACTransmissionCmd  0x0801b23b    0x2a  Code  Gb  stm32_eth.o [1]
ETH_ReadPHYRegister     0x0801b159    0x70  Code  Gb  stm32_eth.o [1]
ETH_RxPkt_ChainMode     0x0801e761    0x8c  Code  Gb  ethernetif.o [1]
ETH_SoftwareReset       0x0801b381    0x12  Code  Gb  stm32_eth.o [1]
ETH_Start               0x0801b10f    0x20  Code  Gb  stm32_eth.o [1]
ETH_StructInit          0x0801b025    0xea  Code  Gb  stm32_eth.o [1]
ETH_TxPkt_ChainMode     0x0801e7ed    0x5e  Code  Gb  ethernetif.o [1]
ETH_WKUP_IRQHandler     0x0801ed9f          Code  Wk  startup_stm32f10x_cl.o [1]
ETH_WritePHYRegister    0x0801b1c9    0x72  Code  Gb  stm32_eth.o [1]
EXTI0_IRQHandler        0x0801ecdb          Code  Wk  startup_stm32f10x_cl.o [1]
EXTI15_10_IRQHandler    0x0801ed63          Code  Wk  startup_stm32f10x_cl.o [1]
EXTI1_IRQHandler        0x0801ecdf          Code  Wk  startup_stm32f10x_cl.o [1]
EXTI2_IRQHandler        0x0801ece3          Code  Wk  startup_stm32f10x_cl.o [1]
EXTI3_IRQHandler        0x0801ece7          Code  Wk  startup_stm32f10x_cl.o [1]
EXTI4_IRQHandler        0x0801eceb          Code  Wk  startup_stm32f10x_cl.o [1]
EXTI9_5_IRQHandler      0x0801ed1f          Code  Wk  startup_stm32f10x_cl.o [1]
EXTI_ClearITPendingBit  0x0801a671     0x6  Code  Gb  stm32f10x_exti.o [1]
EXTI_Configuration      0x08019acb    0x5a  Code  Gb  stm32f107.o [1]
EXTI_Init               0x0801a5e9    0x88  Code  Gb  stm32f10x_exti.o [1]
EthInitStatus           0x2000ee70     0x4  Data  Gb  stm32f107.o [1]
Ethernet_Configuration  0x0801a00b    0xa2  Code  Gb  stm32f107.o [1]
FLASH_ClearFlag         0x0801c723     0x8  Code  Gb  stm32f10x_flash.o [1]
FLASH_ErasePage         0x0801c671    0x64  Code  Gb  stm32f10x_flash.o [1]
FLASH_GetStatus         0x0801c72b    0x34  Code  Gb  stm32f10x_flash.o [1]
FLASH_IRQHandler        0x0801ecd3          Code  Wk  startup_stm32f10x_cl.o [1]
FLASH_Lock              0x0801c65f    0x12  Code  Gb  stm32f10x_flash.o [1]
FLASH_ProgramHalfWord   0x0801c6d5    0x4e  Code  Gb  stm32f10x_flash.o [1]
FLASH_Unlock            0x0801c649    0x16  Code  Gb  stm32f10x_flash.o [1]
FLASH_WaitForLastOperation
                        0x0801c779    0x32  Code  Gb  stm32f10x_flash.o [1]
GPIO_Configuration      0x0801a0ad   0x30a  Code  Gb  stm32f107.o [1]
GPIO_ETH_MediaInterfaceConfig
                        0x08019187     0x6  Code  Gb  stm32f10x_gpio.o [1]
GPIO_EXTILineConfig     0x08019137    0x50  Code  Gb  stm32f10x_gpio.o [1]
GPIO_Init               0x08018f4d   0x138  Code  Gb  stm32f10x_gpio.o [1]
GPIO_PinRemapConfig     0x080190c5    0x72  Code  Gb  stm32f10x_gpio.o [1]
GPIO_ReadInputDataBit   0x08019085    0x1a  Code  Gb  stm32f10x_gpio.o [1]
GPIO_ReadOutputDataBit  0x0801909f    0x1a  Code  Gb  stm32f10x_gpio.o [1]
GPIO_ResetBits          0x080190bf     0x6  Code  Gb  stm32f10x_gpio.o [1]
GPIO_SetBits            0x080190b9     0x6  Code  Gb  stm32f10x_gpio.o [1]
HEAP$$Base              0x2000f6f8           --   Gb  - Linker created -
HEAP$$Limit             0x2000f7f8           --   Gb  - Linker created -
HardFault_Handler       0x0801e8b5     0x8  Code  Gb  stm32f10x_it.o [1]
I2C1_ER_IRQHandler      0x0801ed43          Code  Wk  startup_stm32f10x_cl.o [1]
I2C1_EV_IRQHandler      0x0801ed3f          Code  Wk  startup_stm32f10x_cl.o [1]
I2C2_ER_IRQHandler      0x0801ed4b          Code  Wk  startup_stm32f10x_cl.o [1]
I2C2_EV_IRQHandler      0x0801ed47          Code  Wk  startup_stm32f10x_cl.o [1]
LocalTime               0x2000ee48     0x4  Data  Gb  main.o [1]
LwIP_Init               0x0801e491    0x78  Code  Gb  netconf.o [1]
LwIP_Periodic_Handle    0x0801e513    0x1e  Code  Gb  netconf.o [1]
LwIP_Pkt_Handle         0x0801e509     0xa  Code  Gb  netconf.o [1]
MACaddr                 0x2000ee34     0x8  Data  Gb  ethernetif.o [1]
MemManage_Handler       0x0801e8bd     0x8  Code  Gb  stm32f10x_it.o [1]
NMI_Handler             0x0801e8b3     0x2  Code  Gb  stm32f10x_it.o [1]
NVIC_ClearPendingIRQ    0x0801e885    0x18  Code  Lc  stm32f10x_it.o [1]
NVIC_Configuration      0x0801a449   0x19e  Code  Gb  stm32f107.o [1]
NVIC_Init               0x0801b4bf    0x68  Code  Gb  misc.o [1]
NVIC_PriorityGroupConfig
                        0x0801b4b5     0xa  Code  Gb  misc.o [1]
NVIC_SetPriority        0x08019a6d    0x26  Code  Lc  stm32f107.o [1]
NVIC_SetVectorTable     0x0801b527     0xc  Code  Gb  misc.o [1]
NVIC_SystemReset        0x0801c4b5    0x16  Code  Lc  fun.o [1]
NVIC_SystemReset        0x0801e89d    0x16  Code  Lc  stm32f10x_it.o [1]
OTG_FS_IRQHandler       0x0801edb3          Code  Wk  startup_stm32f10x_cl.o [1]
OTG_FS_WKUP_IRQHandler  0x0801ed6b          Code  Wk  startup_stm32f10x_cl.o [1]
PVD_IRQHandler          0x0801ecc7          Code  Wk  startup_stm32f10x_cl.o [1]
PendSV_Handler          0x0801e8d9     0x2  Code  Gb  stm32f10x_it.o [1]
Pre_Read_UpdateFlag     0x0801e37f    0x2e  Code  Gb  main.o [1]
RCC_AHBPeriphClockCmd   0x08019975    0x1e  Code  Gb  stm32f10x_rcc.o [1]
RCC_AHBPeriphResetCmd   0x080199cf    0x1e  Code  Gb  stm32f10x_rcc.o [1]
RCC_APB1PeriphClockCmd  0x080199b1    0x1e  Code  Gb  stm32f10x_rcc.o [1]
RCC_APB1PeriphResetCmd  0x080199ed    0x1e  Code  Gb  stm32f10x_rcc.o [1]
RCC_APB2PeriphClockCmd  0x08019993    0x1e  Code  Gb  stm32f10x_rcc.o [1]
RCC_GetClocksFreq       0x080197d5   0x1a0  Code  Gb  stm32f10x_rcc.o [1]
RCC_IRQHandler          0x0801ecd7          Code  Wk  startup_stm32f10x_cl.o [1]
RCC_MCOConfig           0x08019a0b     0x6  Code  Gb  stm32f10x_rcc.o [1]
RTCAlarm_IRQHandler     0x0801ed67          Code  Wk  startup_stm32f10x_cl.o [1]
RTC_IRQHandler          0x0801eccf          Code  Wk  startup_stm32f10x_cl.o [1]
Region$$Table$$Base     0x0801ec3c           --   Gb  - Linker created -
Region$$Table$$Limit    0x0801ec60           --   Gb  - Linker created -
Rx_Buff                 0x200065a4  0x17c0  Data  Gb  ethernetif.o [1]
SPI1_IRQHandler         0x0801ed4f          Code  Wk  startup_stm32f10x_cl.o [1]
SPI2_IRQHandler         0x0801ed53          Code  Wk  startup_stm32f10x_cl.o [1]
SPI3_IRQHandler         0x0801ed73          Code  Wk  startup_stm32f10x_cl.o [1]
SVC_Handler             0x0801e8d5     0x2  Code  Gb  stm32f10x_it.o [1]
SetSysClock             0x0801ac2f     0x8  Code  Lc  system_stm32f10x.o [1]
SetSysClockTo72         0x0801ac37   0x110  Code  Lc  system_stm32f10x.o [1]
Set_MAC_Address         0x0801e585    0x32  Code  Gb  ethernetif.o [1]
SysTick_Config          0x08019a93    0x38  Code  Lc  stm32f107.o [1]
SysTick_Handler         0x0801e8db     0x8  Code  Gb  stm32f10x_it.o [1]
SystemInit              0x0801abd1    0x5e  Code  Gb  system_stm32f10x.o [1]
System_Setup            0x08019fab    0x60  Code  Gb  stm32f107.o [1]
TAMPER_IRQHandler       0x0801eccb          Code  Wk  startup_stm32f10x_cl.o [1]
TIM1_BRK_IRQHandler     0x0801ed23          Code  Wk  startup_stm32f10x_cl.o [1]
TIM1_CC_IRQHandler      0x0801ed2f          Code  Wk  startup_stm32f10x_cl.o [1]
TIM1_TRG_COM_IRQHandler
                        0x0801ed2b          Code  Wk  startup_stm32f10x_cl.o [1]
TIM1_UP_IRQHandler      0x0801ed27          Code  Wk  startup_stm32f10x_cl.o [1]
TIM2_IRQHandler         0x0801e8e3    0x1c  Code  Gb  stm32f10x_it.o [1]
TIM3_IRQHandler         0x0801ed37          Code  Wk  startup_stm32f10x_cl.o [1]
TIM4_IRQHandler         0x0801ed3b          Code  Wk  startup_stm32f10x_cl.o [1]
TIM5_IRQHandler         0x0801ed6f          Code  Wk  startup_stm32f10x_cl.o [1]
TIM6_IRQHandler         0x0801ed7f          Code  Wk  startup_stm32f10x_cl.o [1]
TIM7_IRQHandler         0x0801ed83          Code  Wk  startup_stm32f10x_cl.o [1]
TIM_ClearITPendingBit   0x0801ec07     0x8  Code  Gb  stm32f10x_tim.o [1]
TIM_GetITStatus         0x0801ebd5    0x32  Code  Gb  stm32f10x_tim.o [1]
Time_Update             0x0801e3ad    0x3a  Code  Gb  main.o [1]
Tx_Buff                 0x20008978   0xbe0  Data  Gb  ethernetif.o [1]
UART4_IRQHandler        0x0801ea9f    0x8c  Code  Gb  stm32f10x_it.o [1]
UART5_IRQHandler        0x0801ed7b          Code  Wk  startup_stm32f10x_cl.o [1]
USART1_IRQHandler       0x0801ea11    0x8e  Code  Gb  stm32f10x_it.o [1]
USART2_IRQHandler       0x0801e985    0x8c  Code  Gb  stm32f10x_it.o [1]
USART3_IRQHandler       0x0801ed5f          Code  Wk  startup_stm32f10x_cl.o [1]
USART_ClearFlag         0x080192d5     0xc  Code  Gb  stm32f10x_usart.o [1]
USART_ClearITPendingBit
                        0x0801934f    0x24  Code  Gb  stm32f10x_usart.o [1]
USART_Cmd               0x0801924d    0x1c  Code  Gb  stm32f10x_usart.o [1]
USART_Configuration     0x08019b25   0x122  Code  Gb  stm32f107.o [1]
USART_DMACmd            0x080192bf    0x16  Code  Gb  stm32f10x_usart.o [1]
USART_GetITStatus       0x080192e1    0x6e  Code  Gb  stm32f10x_usart.o [1]
USART_ITConfig          0x08019269    0x56  Code  Gb  stm32f10x_usart.o [1]
USART_Init              0x0801919d    0xac  Code  Gb  stm32f10x_usart.o [1]
UsageFault_Handler      0x0801e8cd     0x8  Code  Gb  stm32f10x_it.o [1]
WCS_ACK_timer           0x2000eeb8     0x2  Data  Gb  TCPclient.o [1]
WWDG_IRQHandler         0x0801ecc3          Code  Wk  startup_stm32f10x_cl.o [1]
_EncodingSb_Mbtowc      0x08017e89    0x30  Code  Gb  xencoding_sb.o [3]
_EncodingSb_Wctomb      0x08017e6d    0x1c  Code  Gb  xencoding_sb.o [3]
_GenldDefault           0x08017161   0x258  Code  Lc  xprintffull.o [3]
_IsdstStr               0x2000e9f4     0x4  Data  Gb  setlocale.o [3]
_LdtobDefault           0x08016d49   0x3fe  Code  Lc  xprintffull.o [3]
_LitobDefault           0x08016c2b   0x11e  Code  Lc  xprintffull.o [3]
_LocaleEncoding         0x08017e59     0xe  Code  Gb  setlocale.o [3]
_LocaleReturnString     0x2000ea14    0x50  Data  Lc  setlocale.o [3]
_Locale_Profile         0x2000e9f8    0x1c  Data  Gb  setlocale.o [3]
_Locale_lconv           0x20000000    0x50  Data  Gb  localeconv.o [3]
_Mbtowc                 0x0801740f    0x20  Code  Gb  xmbtowc.o [3]
_Printf                 0x08016399   0x5d0  Code  Gb  xprintffull.o [3]
_PutcharsDefault        0x080173b9    0x32  Code  Lc  xprintffull.o [3]
_PutstrDefault          0x08016969   0x2c2  Code  Lc  xprintffull.o [3]
_SProut                 0x08014357     0xa  Code  Gb  xsprout.o [3]
_TzoneStr               0x2000e9f0     0x4  Data  Gb  setlocale.o [3]
_Wctomb                 0x080174e1    0x1a  Code  Gb  xwctomb.o [3]
__aeabi_cdcmple         0x08017671          Code  Gb  DblCmpLe.o [4]
__aeabi_cdrcmple        0x080176a1          Code  Gb  DblCmpGe.o [4]
__aeabi_d2iz            0x080177e9          Code  Gb  DblToI32.o [4]
__aeabi_d2uiz           0x08017815          Code  Gb  DblToI32.o [4]
__aeabi_dadd            0x08017ecd          Code  Gb  DblAdd.o [4]
__aeabi_ddiv            0x08017b95          Code  Gb  DblDiv.o [4]
__aeabi_dmul            0x080179f1          Code  Gb  DblMul.o [4]
__aeabi_dsub            0x08017871          Code  Gb  DblSub.o [4]
__aeabi_i2d             0x08017841          Code  Gb  I32ToDbl.o [4]
__aeabi_ldiv0           0x08017ec9          Code  Gb  I64DivZer.o [5]
__aeabi_ldivmod         0x080174fd          Code  Gb  I64DivMod.o [5]
__aeabi_memcpy          0x08013385          Code  Gb  ABImemcpy.o [5]
__aeabi_memcpy4         0x0801339f          Code  Gb  ABImemcpy.o [5]
__aeabi_memcpy8         0x0801339f          Code  Gb  ABImemcpy.o [5]
__aeabi_memset          0x080133f5          Code  Gb  ABImemset.o [5]
__aeabi_ui2d            0x08017855          Code  Gb  I32ToDbl.o [4]
__aeabi_uldivmod        0x08017511          Code  Gb  I64DivMod.o [5]
__cexit_clearlocks      0x0801ec87          Code  Gb  cexit.o [5]
__cmain                 0x0801ec61          Code  Gb  cmain.o [5]
__cstart_clearlocks     0x0801edb9          Code  Gb  cstart_clearlocks.o [5]
__data_GetMemChunk      0x08016265    0x28  Code  Gb  xgetmemchunk.o [3]
__exit                  0x08016341    0x14  Code  Gb  exit.o [6]
__iar_Dnorm             0x0801762d    0x44  Code  Gb  xdnorm.o [4]
__iar_Dscale            0x080176d1   0x118  Code  Gb  xdscale.o [4]
__iar_Locale_lconv_init
                        0x08017ddd    0x3a  Code  Gb  localeconv.o [3]
__iar_Locksyslock       0x080162cf    0x56  Code  Gb  xsyslock.o [3]
__iar_Mbcurmax          0x080174d7     0xa  Code  Gb  xmbcurmax.o [3]
__iar_Memchr            0x08017449          Code  Gb  memchr.o [5]
__iar_Memset            0x080133f5          Code  Gb  ABImemset.o [5]
__iar_Memset_word       0x080133fd          Code  Gb  ABImemset.o [5]
__iar_Strchr            0x08017431          Code  Gb  strchr.o [5]
__iar_Unlocksyslock     0x08016325    0x16  Code  Gb  xsyslock.o [3]
__iar_clearlocks        0x0801628d    0x42  Code  Gb  xsyslock.o [3]
__iar_close_ttio        0x08016361    0x2e  Code  Gb  iarttio.o [6]
__iar_copy_init3        0x08011bbf    0x2e  Code  Gb  copy_init3.o [5]
__iar_d2uiz             0x0801781f          Code  Gb  DblToI32.o [4]
__iar_dadd              0x08017edf          Code  Gb  DblAdd.o [4]
__iar_data_init3        0x0801ec11    0x2c  Code  Gb  data_init3.o [5]
__iar_dlfree            0x08015dd3   0x47e  Code  Gb  dlmalloc.o [3]
__iar_dlib_perthread_access
                        0x08017fb3     0x2  Code  Gb  xtls.o [3]
__iar_dlmalloc          0x08015b83   0x250  Code  Gb  dlmalloc.o [3]
__iar_dsub              0x08017883          Code  Gb  DblSub.o [4]
__iar_dsubStart         0x08017895          Code  Gb  DblSub.o [4]
__iar_file_Mtxdst       0x08016357     0x2  Code  Gb  xmtx2.o [3]
__iar_file_Mtxinit      0x08016355     0x2  Code  Gb  xmtx2.o [3]
__iar_lookup_ttioh      0x08016391     0x8  Code  Gb  XShttio.o [3]
__iar_program_start     0x0801ec93          Code  Gb  cstartup_M.o [5]
__iar_system_Mtxdst     0x0801635b     0x2  Code  Gb  xmtx.o [3]
__iar_system_Mtxinit    0x08016359     0x2  Code  Gb  xmtx.o [3]
__iar_system_Mtxlock    0x0801635d     0x2  Code  Gb  xmtx.o [3]
__iar_system_Mtxunlock  0x0801635f     0x2  Code  Gb  xmtx.o [3]
__iar_ttio_handles      0x20000060     0x8  Data  Lc  XShttio.o [3]
__iar_ui2d              0x08017857          Code  Gb  I32ToDbl.o [4]
__iar_zero_init3        0x0801345b    0x22  Code  Gb  zero_init3.o [5]
__low_level_init        0x0801ec77     0x4  Code  Gb  low_level_init.o [3]
__vector_table          0x08010000          Data  Gb  startup_stm32f10x_cl.o [1]
_call_main              0x0801ec6d          Code  Gb  cmain.o [5]
_exit                   0x0801ec85          Code  Gb  cexit.o [5]
_gm_                    0x2000e31c   0x1d4  Data  Lc  dlmalloc.o [3]
_main                   0x0801ec73          Code  Gb  cmain.o [5]
abort                   0x08016259     0xa  Code  Gb  abort.o [3]
ackno                   0x2000ee98     0x4  Data  Lc  tcp_in.o [1]
add_segment             0x080152e3   0x1f2  Code  Lc  dlmalloc.o [3]
arp_table               0x2000e928    0xc8  Data  Lc  etharp.o [1]
buf                     0x2000b67c   0x5e0  Data  Lc  ip_frag.o [1]
canframequeue_one       0x2000edf0     0xc  Data  Gb  can1_bus.o [1]
canframequeue_two       0x2000edfc     0xc  Data  Gb  can2_bus.o [1]
canframequeuebuff_one   0x2000c79c   0x578  Data  Gb  can1_bus.o [1]
canframequeuebuff_two   0x2000d494   0x348  Data  Gb  can2_bus.o [1]
creat_udp_connect_process
                        0x0801bfc9    0xa4  Code  Gb  TCPclient.o [1]
current_header          0x2000ee40     0x4  Data  Lc  ip.o [1]
current_netif           0x2000ee3c     0x4  Data  Lc  ip.o [1]
datafixedqueue          0x2000eb70    0x24  Data  Gb  data.o [1]
datapcconfig            0x2000ee2c     0x8  Data  Gb  data.o [1]
datasyserr              0x2000ee08     0xc  Data  Gb  data.o [1]
datasysmsg              0x2000eda0    0x14  Data  Gb  data.o [1]
delay                   0x0801c7ab    0x1c  Code  Lc  stm32f10x_flash.o [1]
div                     0x08017e49     0xe  Code  Gb  div.o [3]
etharp_arp_input        0x0801489f   0x180  Code  Gb  etharp.o [1]
etharp_cached_entry     0x2000eed2     0x1  Data  Lc  etharp.o [1]
etharp_ip_input         0x0801486f    0x30  Code  Gb  etharp.o [1]
etharp_output           0x08014a1f    0xce  Code  Gb  etharp.o [1]
etharp_query            0x08014aed   0x1f0  Code  Gb  etharp.o [1]
etharp_raw              0x08014ce9   0x106  Code  Lc  etharp.o [1]
etharp_request          0x08014def    0x2e  Code  Gb  etharp.o [1]
etharp_send_ip          0x080146db    0x64  Code  Lc  etharp.o [1]
etharp_tmr              0x08014389    0xbc  Code  Gb  etharp.o [1]
ethbroadcast            0x08014e84     0x8  Data  Gb  etharp.o [1]
ethernet_input          0x08014e1d    0x68  Code  Gb  etharp.o [1]
ethernetif_init         0x0801e723    0x3e  Code  Gb  ethernetif.o [1]
ethernetif_input        0x0801e6ed    0x36  Code  Gb  ethernetif.o [1]
ethzero                 0x08014e8c     0x8  Data  Gb  etharp.o [1]
exit                    0x0801ec7b     0x8  Code  Gb  exit.o [3]
file_mtx                0x2000eb0c    0x20  Data  Lc  xsyslock.o [3]
find_entry              0x08014445   0x296  Code  Lc  etharp.o [1]
flags                   0x2000eed9     0x1  Data  Lc  tcp_in.o [1]
free_etharp_q           0x08014361    0x28  Code  Lc  etharp.o [1]
get_ip_para_process     0x0801c3b9    0xd6  Code  Gb  TCPclient.o [1]
getmsgfrommotoparaqueue
                        0x080196bb    0x2a  Code  Gb  data.o [1]
heart_cnt               0x20000072     0x1  Data  Gb  fun.o [1]
htonl                   0x08011587    0x18  Code  Gb  inet.o [1]
htons                   0x0801156d     0xc  Code  Gb  inet.o [1]
icmp_dest_unreach       0x080142b5    0x14  Code  Gb  icmp.o [1]
icmp_input              0x08014125   0x190  Code  Gb  icmp.o [1]
icmp_send_response      0x080142dd    0x7a  Code  Lc  icmp.o [1]
icmp_time_exceeded      0x080142c9    0x14  Code  Gb  icmp.o [1]
inet_chksum             0x08014ef9    0x16  Code  Gb  inet_chksum.o [1]
inet_chksum_pbuf        0x08014f0f    0x5c  Code  Gb  inet_chksum.o [1]
init_mparams            0x08014f6d    0x34  Code  Lc  dlmalloc.o [3]
init_top                0x08014fa1    0x3c  Code  Lc  dlmalloc.o [3]
inseg                   0x2000edb4    0x14  Data  Lc  tcp_in.o [1]
iostate                 0x2000aea8   0x7d4  Data  Gb  data.o [1]
ip_addr_any             0x08011c40     0x4  Data  Gb  ip_addr.o [1]
ip_addr_isbroadcast     0x08011bed    0x54  Code  Gb  ip_addr.o [1]
ip_frag                 0x08013add   0x17a  Code  Gb  ip_frag.o [1]
ip_input                0x08013047   0x1b4  Code  Gb  ip.o [1]
ip_output               0x08013341    0x44  Code  Gb  ip.o [1]
ip_output_if            0x080131fb   0x132  Code  Gb  ip.o [1]
ip_reass                0x0801391d   0x1c0  Code  Gb  ip_frag.o [1]
ip_reass_chain_frag_into_datagram_and_validate
                        0x08013795   0x188  Code  Lc  ip_frag.o [1]
ip_reass_dequeue_datagram
                        0x0801376b    0x2a  Code  Lc  ip_frag.o [1]
ip_reass_enqueue_new_datagram
                        0x08013711    0x5a  Code  Lc  ip_frag.o [1]
ip_reass_free_complete_datagram
                        0x080135ed    0x9a  Code  Lc  ip_frag.o [1]
ip_reass_pbufcount      0x2000eebc     0x2  Data  Lc  ip_frag.o [1]
ip_reass_remove_oldest_datagram
                        0x08013687    0x8a  Code  Lc  ip_frag.o [1]
ip_route                0x08012ff9    0x4e  Code  Gb  ip.o [1]
iphdr                   0x2000ee90     0x4  Data  Lc  tcp_in.o [1]
key_value               0x2000eed3     0x1  Data  Gb  main.o [1]
lfree                   0x2000ee54     0x4  Data  Lc  mem.o [1]
list_load               0x2000ed70    0x18  Data  Gb  list.o [1]
list_unload             0x2000ed58    0x18  Data  Gb  list.o [1]
loadcar_dataitem        0x2000d0d4   0x3c0  Data  Gb  data.o [1]
loadcar_listitem        0x2000c1fc   0x5a0  Data  Gb  data.o [1]
localeconv              0x08017e17    0x16  Code  Gb  localeconv.o [3]
low_level_init          0x0801e5b7    0x92  Code  Lc  ethernetif.o [1]
low_level_input         0x0801e681    0x6c  Code  Lc  ethernetif.o [1]
low_level_output        0x0801e649    0x38  Code  Lc  ethernetif.o [1]
lwip_standard_chksum    0x08014e95    0x64  Code  Lc  inet_chksum.o [1]
main                    0x0801e2dd    0x7c  Code  Gb  main.o [1]
main_init_cmd           0x0801e455    0x30  Code  Gb  main.o [1]
main_one_ms_sec_process
                        0x0801e3e7    0x36  Code  Gb  main.o [1]
main_rolling_process    0x0801e485     0xc  Code  Gb  main.o [1]
mem_free                0x08012ce7    0x52  Code  Gb  mem.o [1]
mem_init                0x08012c91    0x56  Code  Gb  mem.o [1]
mem_malloc              0x08012e8d   0x12a  Code  Gb  mem.o [1]
mem_realloc             0x08012d39   0x154  Code  Gb  mem.o [1]
mem_sem                 0x2000eed6     0x1  Data  Lc  mem.o [1]
memchr                  0x08017449          Code  Gb  memchr.o [5]
memcpy                  0x08012fcd    0x16  Code  Gb  tcp_out.o [1]
memp_free               0x080121fb    0x2a  Code  Gb  memp.o [1]
memp_init               0x0801215d    0x6a  Code  Gb  memp.o [1]
memp_malloc             0x080121c7    0x34  Code  Gb  memp.o [1]
memp_memory             0x20000078  0x44fc  Data  Lc  memp.o [1]
memp_num                0x08012240    0x14  Data  Lc  memp.o [1]
memp_sizes              0x0801222c    0x14  Data  Lc  memp.o [1]
memp_tab                0x2000eb94    0x24  Data  Lc  memp.o [1]
memset                  0x08012fe3    0x16  Code  Gb  udp.o [1]
moto_one_err            0x2000ec98    0x20  Data  Gb  usart1.o [1]
moto_three_err          0x2000ec18    0x20  Data  Gb  uart4.o [1]
moto_two_err            0x2000ed18    0x20  Data  Gb  usart2.o [1]
motoone_typetwo_err     0x2000ecb8    0x20  Data  Gb  usart1.o [1]
motoonepara             0x2000daac   0x2d0  Data  Gb  usart1.o [1]
motooneparabuff         0x20009558   0x870  Data  Gb  data.o [1]
motooneprarqueue        0x2000e4f0   0x168  Data  Gb  data.o [1]
motothree_typetwo_err   0x2000ec38    0x20  Data  Gb  uart4.o [1]
motothreepara           0x2000d7dc   0x2d0  Data  Gb  uart4.o [1]
motothreeparabuff       0x2000a638   0x870  Data  Gb  data.o [1]
motothreeprarqueue      0x2000e7c0   0x168  Data  Gb  data.o [1]
mototwo_typetwo_err     0x2000ed38    0x20  Data  Gb  usart2.o [1]
mototwocopy             0x2000e04c   0x2d0  Data  Gb  usart2.o [1]
mototwopara             0x2000dd7c   0x2d0  Data  Gb  usart2.o [1]
mototwoparabuff         0x20009dc8   0x870  Data  Gb  data.o [1]
mototwoprarqueue        0x2000e658   0x168  Data  Gb  data.o [1]
mparams                 0x2000ed88    0x18  Data  Lc  dlmalloc.o [3]
mtx                     0x2000eb2c    0x14  Data  Lc  xsyslock.o [3]
netif                   0x2000eb40    0x30  Data  Gb  netconf.o [1]
netif_add               0x0801347d    0x6c  Code  Gb  netif.o [1]
netif_default           0x2000ee60     0x4  Data  Gb  netif.o [1]
netif_is_up             0x080135e3     0xa  Code  Gb  netif.o [1]
netif_list              0x2000ee5c     0x4  Data  Gb  netif.o [1]
netif_set_addr          0x080134e9    0x24  Code  Gb  netif.o [1]
netif_set_default       0x0801359b     0x6  Code  Gb  netif.o [1]
netif_set_gw            0x0801357f     0xe  Code  Gb  netif.o [1]
netif_set_ipaddr        0x0801350d    0x72  Code  Gb  netif.o [1]
netif_set_netmask       0x0801358d     0xe  Code  Gb  netif.o [1]
netif_set_up            0x080135b9    0x2a  Code  Gb  netif.o [1]
ntohl                   0x0801159f     0xc  Code  Gb  inet.o [1]
ntohs                   0x08011579     0xe  Code  Gb  inet.o [1]
one_ms_flag             0x2000eed5     0x1  Data  Gb  main.o [1]
pbuf_alloc              0x080115ab   0x1f0  Code  Gb  pbuf.o [1]
pbuf_cat                0x08011973    0x38  Code  Gb  pbuf.o [1]
pbuf_chain              0x080119ab    0x16  Code  Gb  pbuf.o [1]
pbuf_clen               0x08011953    0x14  Code  Gb  pbuf.o [1]
pbuf_copy               0x080119c1    0xce  Code  Gb  pbuf.o [1]
pbuf_copy_partial       0x08011a8f    0xa2  Code  Gb  pbuf.o [1]
pbuf_free               0x080118c7    0x8c  Code  Gb  pbuf.o [1]
pbuf_header             0x08011829    0x9e  Code  Gb  pbuf.o [1]
pbuf_realloc            0x0801179b    0x8e  Code  Gb  pbuf.o [1]
pbuf_ref                0x08011967     0xc  Code  Gb  pbuf.o [1]
pbuf_take               0x08011b31    0x8e  Code  Gb  pbuf.o [1]
pcfunmsgQueue           0x2000ee14     0xc  Data  Gb  fun.o [1]
pcfunmsgQueueBuff       0x2000ea64    0x64  Data  Gb  fun.o [1]
photovalue              0x2000eed8     0x1  Data  Gb  photo.o [1]
plug_holes              0x08012bed    0xa4  Code  Lc  mem.o [1]
prepend_alloc           0x08014fdd   0x306  Code  Lc  dlmalloc.o [3]
ram                     0x2000ee4c     0x4  Data  Lc  mem.o [1]
ram_end                 0x2000ee50     0x4  Data  Lc  mem.o [1]
ram_heap                0x20007d64   0xc14  Data  Lc  mem.o [1]
raw_input               0x08013c65    0x82  Code  Gb  raw.o [1]
raw_pcbs                0x2000ee64     0x4  Data  Lc  raw.o [1]
readFlash_uint          0x0801e359    0x26  Code  Gb  main.o [1]
reassdatagrams          0x2000ee44     0x4  Data  Lc  ip_frag.o [1]
recv_data               0x2000ee9c     0x4  Data  Lc  tcp_in.o [1]
recv_flags              0x2000eeda     0x1  Data  Lc  tcp_in.o [1]
scan_key_process        0x0801e1e1    0xfc  Code  Gb  main.o [1]
sec_flag                0x2000eebe     0x2  Data  Gb  main.o [1]
sec_process             0x0801e115    0xcc  Code  Gb  main.o [1]
sec_reg                 0x20000070     0x2  Data  Gb  main.o [1]
second_cnt              0x2000eed4     0x1  Data  Gb  main.o [1]
seqno                   0x2000ee94     0x4  Data  Lc  tcp_in.o [1]
sprintf                 0x0801bf95    0x34  Code  Gb  sprintf.o [3]
strchr                  0x08017431          Code  Gb  strchr.o [5]
strlen                  0x080174a1          Code  Gb  strlen.o [5]
sys_alloc               0x080154d5   0x140  Code  Lc  dlmalloc.o [3]
syslock_o               0x2000eb08     0x4  Data  Lc  xsyslock.o [3]
sysmsg                  0x2000ee20     0xc  Data  Gb  photo.o [1]
tcp_abandon             0x08011d77    0xb6  Code  Gb  tcp.o [1]
tcp_active_pcbs         0x2000ee80     0x4  Data  Gb  tcp.o [1]
tcp_alloc               0x08011f73    0xb8  Code  Gb  tcp.o [1]
tcp_bound_pcbs          0x2000ee78     0x4  Data  Gb  tcp.o [1]
tcp_client_list         0x20004574  0x2030  Data  Gb  TCPclient.o [1]
tcp_close               0x08011c45   0x132  Code  Gb  tcp.o [1]
tcp_eff_send_mss        0x0801212d    0x2e  Code  Gb  tcp.o [1]
tcp_enqueue             0x08012309   0x46c  Code  Gb  tcp_out.o [1]
tcp_input               0x08010151   0x502  Code  Gb  tcp_in.o [1]
tcp_input_pcb           0x2000eea0     0x4  Data  Gb  tcp_in.o [1]
tcp_kill_prio           0x08011ed7    0x5e  Code  Lc  tcp.o [1]
tcp_kill_timewait       0x08011f35    0x3e  Code  Lc  tcp.o [1]
tcp_listen_input        0x08010653   0x146  Code  Lc  tcp_in.o [1]
tcp_listen_pcbs         0x2000ee7c     0x4  Data  Gb  tcp.o [1]
tcp_next_iss            0x080120f5    0x14  Code  Gb  tcp.o [1]
tcp_output              0x08012775   0x27e  Code  Gb  tcp_out.o [1]
tcp_output_segment      0x080129f3    0xcc  Code  Lc  tcp_out.o [1]
tcp_output_set_header   0x08012255    0x94  Code  Lc  tcp_out.o [1]
tcp_parseopt            0x08011473    0xd0  Code  Lc  tcp_in.o [1]
tcp_pcb_purge           0x0801202b    0x3a  Code  Gb  tcp.o [1]
tcp_pcb_remove          0x08012065    0x90  Code  Gb  tcp.o [1]
tcp_process             0x080107e7   0x572  Code  Lc  tcp_in.o [1]
tcp_receive             0x08010d8d   0x6e6  Code  Lc  tcp_in.o [1]
tcp_recv_null           0x08011eaf    0x28  Code  Lc  tcp.o [1]
tcp_rexmit              0x08012b95    0x58  Code  Gb  tcp_out.o [1]
tcp_rst                 0x08012acd    0xc8  Code  Gb  tcp_out.o [1]
tcp_seg_free            0x08011e89    0x26  Code  Gb  tcp.o [1]
tcp_segs_free           0x08011e67    0x22  Code  Gb  tcp.o [1]
tcp_send_ctrl           0x080122e9    0x20  Code  Gb  tcp_out.o [1]
tcp_ticks               0x2000ee74     0x4  Data  Gb  tcp.o [1]
tcp_timewait_input      0x08010799    0x4e  Code  Lc  tcp_in.o [1]
tcp_tmp_pcb             0x2000ee88     0x4  Data  Gb  tcp.o [1]
tcp_tw_pcbs             0x2000ee84     0x4  Data  Gb  tcp.o [1]
tcp_update_rcv_ann_wnd  0x08011e2d    0x3a  Code  Gb  tcp.o [1]
tcphdr                  0x2000ee8c     0x4  Data  Lc  tcp_in.o [1]
tcplen                  0x2000eec0     0x2  Data  Lc  tcp_in.o [1]
tmalloc_large           0x08015625   0x374  Code  Lc  dlmalloc.o [3]
tmalloc_small           0x08015999   0x1e4  Code  Lc  dlmalloc.o [3]
u16pcfun_get_msg_from_net_Queue
                        0x0801c4e1    0x28  Code  Gb  fun.o [1]
u16pcfun_getmsg_from_sdsQueue
                        0x0801c509     0xa  Code  Gb  fun.o [1]
u8canbus_send_oneframe_one
                        0x0801d261    0x6c  Code  Gb  can1_bus.o [1]
u8canbus_send_oneframe_two
                        0x0801d9e9    0x6c  Code  Gb  can2_bus.o [1]
u8pcfun_recv_msg_check  0x0801c513    0x34  Code  Gb  fun.o [1]
uart4_ctr_process       0x0801baf1   0x2a4  Code  Gb  uart4.o [1]
uart4_cur_moto_para     0x2000eea4     0x4  Data  Gb  uart4.o [1]
uart4_cur_moto_para_num
                        0x2000eedc     0x1  Data  Gb  uart4.o [1]
uart4_moto_commu_statue
                        0x2000eedb     0x1  Data  Gb  uart4.o [1]
uart4_moto_ctr_statue   0x20000073     0x1  Data  Gb  uart4.o [1]
uart4_moto_recv_now_process
                        0x0801b6b3    0x7c  Code  Gb  uart4.o [1]
uart4_moto_reply_outtimer
                        0x2000eede     0x1  Data  Gb  uart4.o [1]
uart4_moto_reply_time_count
                        0x0801b627    0x32  Code  Gb  uart4.o [1]
uart4_moto_resend_time  0x2000eee0     0x1  Data  Gb  uart4.o [1]
uart4_moto_send_num     0x2000eee2     0x1  Data  Gb  uart4.o [1]
uart4_moto_send_process
                        0x0801b659    0x5a  Code  Gb  uart4.o [1]
uart4_moto_waitrun_timer
                        0x2000eedf     0x1  Data  Gb  uart4.o [1]
uart4_moto_waitrunask_timer
                        0x2000eee1     0x1  Data  Gb  uart4.o [1]
uart4_pre_moto_para_num
                        0x2000eedd     0x1  Data  Gb  uart4.o [1]
uart4_recv_buff         0x2000ebf8    0x20  Data  Gb  uart4.o [1]
uart4_recv_len          0x2000eec4     0x2  Data  Gb  uart4.o [1]
uart4_recv_testbuff     0x2000edc8    0x14  Data  Gb  uart4.o [1]
uart4_recv_testlen      0x2000eec6     0x2  Data  Gb  uart4.o [1]
uart4_send_buff         0x2000ebd8    0x20  Data  Gb  uart4.o [1]
uart4_send_len          0x2000eec2     0x2  Data  Gb  uart4.o [1]
uart4_send_moto_askrun_process
                        0x0801b871    0xde  Code  Gb  uart4.o [1]
uart4_send_moto_para_process
                        0x0801b72f   0x142  Code  Gb  uart4.o [1]
uart4_send_moto_run_process
                        0x0801b94f   0x1a2  Code  Gb  uart4.o [1]
uart4_send_uart4_recv_msg
                        0x0801be77    0x8e  Code  Gb  uart4.o [1]
uart4_send_usart_send_recv_test
                        0x0801be4b    0x2c  Code  Gb  uart4.o [1]
udp_bind                0x08014017    0x86  Code  Gb  udp.o [1]
udp_client_process      0x0801c32b    0x56  Code  Gb  TCPclient.o [1]
udp_connect             0x0801409d    0x5c  Code  Gb  udp.o [1]
udp_echoclient_connect  0x0801c06d   0x112  Code  Gb  TCPclient.o [1]
udp_input               0x08013ced   0x1ec  Code  Gb  udp.o [1]
udp_new                 0x08014105    0x20  Code  Gb  udp.o [1]
udp_pcbs                0x2000eea8     0x4  Data  Gb  udp.o [1]
udp_receive_callback    0x0801c17f   0x140  Code  Gb  TCPclient.o [1]
udp_recv                0x080140f9     0x6  Code  Gb  udp.o [1]
udp_send                0x08013ed9    0x14  Code  Gb  udp.o [1]
udp_send_process        0x0801c2bf    0x6c  Code  Gb  TCPclient.o [1]
udp_sendto              0x08013eed    0x38  Code  Gb  udp.o [1]
udp_sendto_if           0x08013f25    0xf2  Code  Gb  udp.o [1]
unloadcar_dataitem      0x2000cd14   0x3c0  Data  Gb  data.o [1]
unloadcar_listitem      0x2000bc5c   0x5a0  Data  Gb  data.o [1]
update_arp_entry        0x0801473f   0x130  Code  Lc  etharp.o [1]
usart1_ctr_process      0x0801cd65   0x2a4  Code  Gb  usart1.o [1]
usart1_cur_moto_para    0x2000eeac     0x4  Data  Gb  usart1.o [1]
usart1_cur_moto_para_num
                        0x2000eee4     0x1  Data  Gb  usart1.o [1]
usart1_moto_commu_statue
                        0x2000eee3     0x1  Data  Gb  usart1.o [1]
usart1_moto_ctr_statue  0x20000074     0x1  Data  Gb  usart1.o [1]
usart1_moto_recv_now_process
                        0x0801c92d    0x76  Code  Gb  usart1.o [1]
usart1_moto_reply_outtimer
                        0x2000eee6     0x1  Data  Gb  usart1.o [1]
usart1_moto_reply_time_count
                        0x0801c89f    0x32  Code  Gb  usart1.o [1]
usart1_moto_resend_time
                        0x2000eee8     0x1  Data  Gb  usart1.o [1]
usart1_moto_send_num    0x2000eeea     0x1  Data  Gb  usart1.o [1]
usart1_moto_send_process
                        0x0801c8d1    0x5c  Code  Gb  usart1.o [1]
usart1_moto_waitrun_timer
                        0x2000eee7     0x1  Data  Gb  usart1.o [1]
usart1_moto_waitrunask_timer
                        0x2000eee9     0x1  Data  Gb  usart1.o [1]
usart1_pre_moto_para_num
                        0x2000eee5     0x1  Data  Gb  usart1.o [1]
usart1_recv_buff        0x2000ec78    0x20  Data  Gb  usart1.o [1]
usart1_recv_len         0x2000eeca     0x2  Data  Gb  usart1.o [1]
usart1_recv_testbuff    0x2000eddc    0x14  Data  Gb  usart1.o [1]
usart1_recv_testlen     0x2000eecc     0x2  Data  Gb  usart1.o [1]
usart1_send_buff        0x2000ec58    0x20  Data  Gb  usart1.o [1]
usart1_send_len         0x2000eec8     0x2  Data  Gb  usart1.o [1]
usart1_send_moto_askrun_process
                        0x0801cae5    0xde  Code  Gb  usart1.o [1]
usart1_send_moto_para_process
                        0x0801c9a3   0x142  Code  Gb  usart1.o [1]
usart1_send_moto_run_process
                        0x0801cbc3   0x1a2  Code  Gb  usart1.o [1]
usart1_send_usart1_recv_msg
                        0x0801d0eb    0x8e  Code  Gb  usart1.o [1]
usart1_send_usart_send_recv_test
                        0x0801d0bf    0x2c  Code  Gb  usart1.o [1]
usart2_ctr_process      0x080188f5   0x31e  Code  Gb  usart2.o [1]
usart2_cur_moto_para    0x2000eeb0     0x4  Data  Gb  usart2.o [1]
usart2_cur_moto_para_num
                        0x2000eeec     0x1  Data  Gb  usart2.o [1]
usart2_moto_commu_statue
                        0x2000eeeb     0x1  Data  Gb  usart2.o [1]
usart2_moto_ctr_statue  0x20000075     0x1  Data  Gb  usart2.o [1]
usart2_moto_recv_now_process
                        0x0801826d   0x266  Code  Gb  usart2.o [1]
usart2_moto_reply_outtimer
                        0x2000eeee     0x1  Data  Gb  usart2.o [1]
usart2_moto_reply_time_count
                        0x080181e1    0x32  Code  Gb  usart2.o [1]
usart2_moto_resend_time
                        0x2000eef0     0x1  Data  Gb  usart2.o [1]
usart2_moto_send_num    0x2000eef2     0x1  Data  Gb  usart2.o [1]
usart2_moto_send_process
                        0x08018213    0x5a  Code  Gb  usart2.o [1]
usart2_moto_waitrun_timer
                        0x2000eeef     0x1  Data  Gb  usart2.o [1]
usart2_moto_waitrunask_timer
                        0x2000eef1     0x1  Data  Gb  usart2.o [1]
usart2_pre_moto_para_num
                        0x2000eeed     0x1  Data  Gb  usart2.o [1]
usart2_recv_buff        0x2000ecf8    0x20  Data  Gb  usart2.o [1]
usart2_recv_len         0x2000eed0     0x2  Data  Gb  usart2.o [1]
usart2_send_buff        0x2000ecd8    0x20  Data  Gb  usart2.o [1]
usart2_send_len         0x2000eece     0x2  Data  Gb  usart2.o [1]
usart2_send_moto_askrun_process
                        0x0801867b    0xdc  Code  Gb  usart2.o [1]
usart2_send_moto_para_process
                        0x080184d3   0x1a8  Code  Gb  usart2.o [1]
usart2_send_moto_run_process
                        0x08018757   0x192  Code  Gb  usart2.o [1]
vListInitialise         0x08019a45    0x22  Code  Gb  list.o [1]
vListInitialiseItem     0x08019a67     0x6  Code  Gb  list.o [1]
vcan1_send_check_slaver
                        0x0801d6e9    0x56  Code  Gb  can1_bus.o [1]
vcan2_send_check_slaver
                        0x0801de71    0x56  Code  Gb  can2_bus.o [1]
vcan_send_frame_process
                        0x0801de13    0x54  Code  Gb  can2_bus.o [1]
vcan_sendframe_process_one
                        0x0801d687    0x52  Code  Gb  can1_bus.o [1]
vcan_sendmsg_one        0x0801d5a1    0xe6  Code  Gb  can1_bus.o [1]
vcan_sendmsg_two        0x0801dd2b    0xe8  Code  Gb  can2_bus.o [1]
vcanbus_addto_cansendqueue_one
                        0x0801d21f    0x42  Code  Gb  can1_bus.o [1]
vcanbus_addto_cansendqueue_two
                        0x0801d9a7    0x42  Code  Gb  can2_bus.o [1]
vcanbus_frame_receive_two
                        0x0801da61   0x2ca  Code  Gb  can2_bus.o [1]
vcanbus_framereceive_one
                        0x0801d2cd   0x2d4  Code  Gb  can1_bus.o [1]
vcanbus_init_cansendqueue_two
                        0x0801d98d    0x1a  Code  Gb  can2_bus.o [1]
vcanbus_initcansendqueue_one
                        0x0801d205    0x1a  Code  Gb  can1_bus.o [1]
vdata_list_int          0x0801977f    0x10  Code  Gb  data.o [1]
vdata_list_item_init    0x080196e5    0x9a  Code  Gb  data.o [1]
vpcfun_init_net_Queue   0x0801c4cb    0x16  Code  Gb  fun.o [1]
vpcfun_recv_message_from_sever
                        0x0801c57f    0x24  Code  Gb  fun.o [1]
vpcfun_recv_msg_process
                        0x0801c547    0x38  Code  Gb  fun.o [1]
vpcfun_send_heart_msg   0x0801c5a3    0x3a  Code  Gb  fun.o [1]
vpcfun_send_message_to_sever
                        0x0801c5dd    0x40  Code  Gb  fun.o [1]
vphoto_init_msg         0x0801e549    0x34  Code  Gb  photo.o [1]
vuart4_moto_init        0x0801b551    0xd6  Code  Gb  uart4.o [1]
vuart4_upload_cartest_peocess
                        0x0801bd95    0xb6  Code  Gb  uart4.o [1]
vusart1_moto_init       0x0801c7c9    0xd6  Code  Gb  usart1.o [1]
vusart1_upload_cartest_peocess
                        0x0801d009    0xb6  Code  Gb  usart1.o [1]
vusart2_copy_moto_two   0x08018df9   0x130  Code  Gb  usart2.o [1]
vusart2_moto_init       0x08017fb5   0x22c  Code  Gb  usart2.o [1]
vusart2_upload_cartest_peocess
                        0x08018c29   0x1a8  Code  Gb  usart2.o [1]


[1] = E:\°å¿¨³ö³§³ÌÐò\ÏÂÁÏ¿ÚË«can°å¿¨³ö³§³ÌÐò\exp_car_ctrl_slaver_v1.4.0.1\Project\EWARMv5_iap\STM3210C-EVAL\Obj
[2] = command line
[3] = dl7M_tlf.a
[4] = m7M_tl.a
[5] = rt7M_tl.a
[6] = shb_l.a

  60 820 bytes of readonly  code memory
     156 bytes of readonly  data memory
  63 475 bytes of readwrite data memory

Errors: none
Warnings: none
